Archive member included to satisfy reference by file (symbol)

/usr/lib/gcc/arm-none-eabi/14.2.1/thumb/v7e-m+fp/hard/libgcc.a(_aeabi_uldivmod.o)
                              cmake/stm32cubemx/CMakeFiles/STM32_Drivers.dir/__/__/Drivers/STM32F4xx_HAL_Driver/Src/stm32f4xx_hal_rcc.c.obj (__aeabi_uldivmod)
/usr/lib/gcc/arm-none-eabi/14.2.1/thumb/v7e-m+fp/hard/libgcc.a(_udivmoddi4.o)
                              /usr/lib/gcc/arm-none-eabi/14.2.1/thumb/v7e-m+fp/hard/libgcc.a(_aeabi_uldivmod.o) (__udivmoddi4)
/usr/lib/gcc/arm-none-eabi/14.2.1/thumb/v7e-m+fp/hard/libgcc.a(_dvmd_tls.o)
                              /usr/lib/gcc/arm-none-eabi/14.2.1/thumb/v7e-m+fp/hard/libgcc.a(_aeabi_uldivmod.o) (__aeabi_ldiv0)
/usr/lib/gcc/arm-none-eabi/14.2.1/../../../arm-none-eabi/lib/thumb/v7e-m+fp/hard/libg_nano.a(libc_a-errno.o)
                              CMakeFiles/Platypus.dir/Core/Src/sysmem.c.obj (__errno)
/usr/lib/gcc/arm-none-eabi/14.2.1/../../../arm-none-eabi/lib/thumb/v7e-m+fp/hard/libg_nano.a(libc_a-init.o)
                              /usr/lib/gcc/arm-none-eabi/14.2.1/../../../arm-none-eabi/lib/thumb/v7e-m+fp/hard/crt0.o (__libc_init_array)
/usr/lib/gcc/arm-none-eabi/14.2.1/../../../arm-none-eabi/lib/thumb/v7e-m+fp/hard/libg_nano.a(libc_a-memset.o)
                              /usr/lib/gcc/arm-none-eabi/14.2.1/../../../arm-none-eabi/lib/thumb/v7e-m+fp/hard/crt0.o (memset)
/usr/lib/gcc/arm-none-eabi/14.2.1/../../../arm-none-eabi/lib/thumb/v7e-m+fp/hard/libg_nano.a(libc_a-impure.o)
                              /usr/lib/gcc/arm-none-eabi/14.2.1/../../../arm-none-eabi/lib/thumb/v7e-m+fp/hard/libg_nano.a(libc_a-errno.o) (_impure_ptr)
/usr/lib/gcc/arm-none-eabi/14.2.1/../../../arm-none-eabi/lib/thumb/v7e-m+fp/hard/libg_nano.a(libc_a-exit.o)
                              /usr/lib/gcc/arm-none-eabi/14.2.1/../../../arm-none-eabi/lib/thumb/v7e-m+fp/hard/crt0.o (exit)
/usr/lib/gcc/arm-none-eabi/14.2.1/../../../arm-none-eabi/lib/thumb/v7e-m+fp/hard/libg_nano.a(libc_a-atexit.o)
                              /usr/lib/gcc/arm-none-eabi/14.2.1/../../../arm-none-eabi/lib/thumb/v7e-m+fp/hard/crt0.o (atexit)
/usr/lib/gcc/arm-none-eabi/14.2.1/../../../arm-none-eabi/lib/thumb/v7e-m+fp/hard/libg_nano.a(libc_a-fini.o)
                              /usr/lib/gcc/arm-none-eabi/14.2.1/../../../arm-none-eabi/lib/thumb/v7e-m+fp/hard/crt0.o (__libc_fini_array)
/usr/lib/gcc/arm-none-eabi/14.2.1/../../../arm-none-eabi/lib/thumb/v7e-m+fp/hard/libg_nano.a(libc_a-findfp.o)
                              /usr/lib/gcc/arm-none-eabi/14.2.1/../../../arm-none-eabi/lib/thumb/v7e-m+fp/hard/libg_nano.a(libc_a-exit.o) (__stdio_exit_handler)
/usr/lib/gcc/arm-none-eabi/14.2.1/../../../arm-none-eabi/lib/thumb/v7e-m+fp/hard/libg_nano.a(libc_a-fflush.o)
                              /usr/lib/gcc/arm-none-eabi/14.2.1/../../../arm-none-eabi/lib/thumb/v7e-m+fp/hard/libg_nano.a(libc_a-findfp.o) (_fflush_r)
/usr/lib/gcc/arm-none-eabi/14.2.1/../../../arm-none-eabi/lib/thumb/v7e-m+fp/hard/libg_nano.a(libc_a-mallocr.o)
                              /usr/lib/gcc/arm-none-eabi/14.2.1/../../../arm-none-eabi/lib/thumb/v7e-m+fp/hard/libg_nano.a(libc_a-findfp.o) (_malloc_r)
/usr/lib/gcc/arm-none-eabi/14.2.1/../../../arm-none-eabi/lib/thumb/v7e-m+fp/hard/libg_nano.a(libc_a-freer.o)
                              /usr/lib/gcc/arm-none-eabi/14.2.1/../../../arm-none-eabi/lib/thumb/v7e-m+fp/hard/libg_nano.a(libc_a-fflush.o) (_free_r)
/usr/lib/gcc/arm-none-eabi/14.2.1/../../../arm-none-eabi/lib/thumb/v7e-m+fp/hard/libg_nano.a(libc_a-fwalk.o)
                              /usr/lib/gcc/arm-none-eabi/14.2.1/../../../arm-none-eabi/lib/thumb/v7e-m+fp/hard/libg_nano.a(libc_a-findfp.o) (_fwalk_sglue)
/usr/lib/gcc/arm-none-eabi/14.2.1/../../../arm-none-eabi/lib/thumb/v7e-m+fp/hard/libg_nano.a(libc_a-__atexit.o)
                              /usr/lib/gcc/arm-none-eabi/14.2.1/../../../arm-none-eabi/lib/thumb/v7e-m+fp/hard/libg_nano.a(libc_a-atexit.o) (__register_exitproc)
/usr/lib/gcc/arm-none-eabi/14.2.1/../../../arm-none-eabi/lib/thumb/v7e-m+fp/hard/libg_nano.a(libc_a-mlock.o)
                              /usr/lib/gcc/arm-none-eabi/14.2.1/../../../arm-none-eabi/lib/thumb/v7e-m+fp/hard/libg_nano.a(libc_a-mallocr.o) (__malloc_lock)
/usr/lib/gcc/arm-none-eabi/14.2.1/../../../arm-none-eabi/lib/thumb/v7e-m+fp/hard/libg_nano.a(libc_a-sbrkr.o)
                              /usr/lib/gcc/arm-none-eabi/14.2.1/../../../arm-none-eabi/lib/thumb/v7e-m+fp/hard/libg_nano.a(libc_a-mallocr.o) (_sbrk_r)
/usr/lib/gcc/arm-none-eabi/14.2.1/../../../arm-none-eabi/lib/thumb/v7e-m+fp/hard/libg_nano.a(libc_a-stdio.o)
                              /usr/lib/gcc/arm-none-eabi/14.2.1/../../../arm-none-eabi/lib/thumb/v7e-m+fp/hard/libg_nano.a(libc_a-findfp.o) (__sread)
/usr/lib/gcc/arm-none-eabi/14.2.1/../../../arm-none-eabi/lib/thumb/v7e-m+fp/hard/libg_nano.a(libc_a-readr.o)
[...]
Memory Configuration

Name             Origin             Length             Attributes
RAM              0x20000000         0x00020000         xrw
CCMRAM           0x10000000         0x00010000         xrw
FLASH            0x08000000         0x00100000         xr
*default*        0x00000000         0xffffffff

Linker script and memory map

LOAD /usr/lib/gcc/arm-none-eabi/14.2.1/thumb/v7e-m+fp/hard/crti.o
LOAD /usr/lib/gcc/arm-none-eabi/14.2.1/thumb/v7e-m+fp/hard/crtbegin.o
LOAD /usr/lib/gcc/arm-none-eabi/14.2.1/../../../arm-none-eabi/lib/thumb/v7e-m+fp/hard/crt0.o
LOAD cmake/stm32cubemx/CMakeFiles/STM32_Drivers.dir/__/__/Core/Src/system_stm32f4xx.c.obj
LOAD cmake/stm32cubemx/CMakeFiles/STM32_Drivers.dir/__/__/Drivers/STM32F4xx_HAL_Driver/Src/stm32f4xx_ll_sdmmc.c.obj
LOAD cmake/stm32cubemx/CMakeFiles/STM32_Drivers.dir/__/__/Drivers/STM32F4xx_HAL_Driver/Src/stm32f4xx_hal_sd.c.obj
LOAD cmake/stm32cubemx/CMakeFiles/STM32_Drivers.dir/__/__/Drivers/STM32F4xx_HAL_Driver/Src/stm32f4xx_hal_mmc.c.obj
LOAD cmake/stm32cubemx/CMakeFiles/STM32_Drivers.dir/__/__/Drivers/STM32F4xx_HAL_Driver/Src/stm32f4xx_hal_rcc.c.obj
LOAD cmake/stm32cubemx/CMakeFiles/STM32_Drivers.dir/__/__/Drivers/STM32F4xx_HAL_Driver/Src/stm32f4xx_hal_rcc_ex.c.obj
LOAD cmake/stm32cubemx/CMakeFiles/STM32_Drivers.dir/__/__/Drivers/STM32F4xx_HAL_Driver/Src/stm32f4xx_hal_flash.c.obj
LOAD cmake/stm32cubemx/CMakeFiles/STM32_Drivers.dir/__/__/Drivers/STM32F4xx_HAL_Driver/Src/stm32f4xx_hal_flash_ex.c.obj
LOAD cmake/stm32cubemx/CMakeFiles/STM32_Drivers.dir/__/__/Drivers/STM32F4xx_HAL_Driver/Src/stm32f4xx_hal_flash_ramfunc.c.obj
LOAD cmake/stm32cubemx/CMakeFiles/STM32_Drivers.dir/__/__/Drivers/STM32F4xx_HAL_Driver/Src/stm32f4xx_hal_gpio.c.obj
LOAD cmake/stm32cubemx/CMakeFiles/STM32_Drivers.dir/__/__/Drivers/STM32F4xx_HAL_Driver/Src/stm32f4xx_hal_dma_ex.c.obj
LOAD cmake/stm32cubemx/CMakeFiles/STM32_Drivers.dir/__/__/Drivers/STM32F4xx_HAL_Driver/Src/stm32f4xx_hal_dma.c.obj
LOAD cmake/stm32cubemx/CMakeFiles/STM32_Drivers.dir/__/__/Drivers/STM32F4xx_HAL_Driver/Src/stm32f4xx_hal_pwr.c.obj
LOAD cmake/stm32cubemx/CMakeFiles/STM32_Drivers.dir/__/__/Drivers/STM32F4xx_HAL_Driver/Src/stm32f4xx_hal_pwr_ex.c.obj
LOAD cmake/stm32cubemx/CMakeFiles/STM32_Drivers.dir/__/__/Drivers/STM32F4xx_HAL_Driver/Src/stm32f4xx_hal_cortex.c.obj
LOAD cmake/stm32cubemx/CMakeFiles/STM32_Drivers.dir/__/__/Drivers/STM32F4xx_HAL_Driver/Src/stm32f4xx_hal.c.obj
LOAD cmake/stm32cubemx/CMakeFiles/STM32_Drivers.dir/__/__/Drivers/STM32F4xx_HAL_Driver/Src/stm32f4xx_hal_exti.c.obj
LOAD cmake/stm32cubemx/CMakeFiles/STM32_Drivers.dir/__/__/Drivers/STM32F4xx_HAL_Driver/Src/stm32f4xx_hal_pcd.c.obj
LOAD cmake/stm32cubemx/CMakeFiles/STM32_Drivers.dir/__/__/Drivers/STM32F4xx_HAL_Driver/Src/stm32f4xx_hal_pcd_ex.c.obj
LOAD cmake/stm32cubemx/CMakeFiles/STM32_Drivers.dir/__/__/Drivers/STM32F4xx_HAL_Driver/Src/stm32f4xx_ll_usb.c.obj
LOAD CMakeFiles/Platypus.dir/Core/Src/main.cpp.obj
LOAD CMakeFiles/Platypus.dir/Core/Src/stm32f4xx_it.c.obj
LOAD CMakeFiles/Platypus.dir/Core/Src/stm32f4xx_hal_msp.c.obj
LOAD CMakeFiles/Platypus.dir/Core/Src/sysmem.c.obj
LOAD CMakeFiles/Platypus.dir/Core/Src/syscalls.c.obj
LOAD CMakeFiles/Platypus.dir/startup_stm32f405xx.s.obj
LOAD Core/Lib/Debug/libdebug_options.a
LOAD /usr/lib/gcc/arm-none-eabi/14.2.1/../../../arm-none-eabi/lib/thumb/v7e-m+fp/hard/libstdc++_nano.a
LOAD /usr/lib/gcc/arm-none-eabi/14.2.1/../../../arm-none-eabi/lib/thumb/v7e-m+fp/hard/libm.a
START GROUP
LOAD /usr/lib/gcc/arm-none-eabi/14.2.1/thumb/v7e-m+fp/hard/libgcc.a
LOAD /usr/lib/gcc/arm-none-eabi/14.2.1/../../../arm-none-eabi/lib/thumb/v7e-m+fp/hard/libg_nano.a
LOAD /usr/lib/gcc/arm-none-eabi/14.2.1/../../../arm-none-eabi/lib/thumb/v7e-m+fp/hard/libc_nano.a
END GROUP
START GROUP
LOAD /usr/lib/gcc/arm-none-eabi/14.2.1/thumb/v7e-m+fp/hard/libgcc.a
LOAD /usr/lib/gcc/arm-none-eabi/14.2.1/../../../arm-none-eabi/lib/thumb/v7e-m+fp/hard/libc_nano.a
END GROUP
LOAD /usr/lib/gcc/arm-none-eabi/14.2.1/thumb/v7e-m+fp/hard/crtend.o
LOAD /usr/lib/gcc/arm-none-eabi/14.2.1/thumb/v7e-m+fp/hard/crtn.o
                0x20020000                        _estack = (ORIGIN (RAM) + LENGTH (RAM))
                0x00000200                        _Min_Heap_Size = 0x200
                0x00000400                        _Min_Stack_Size = 0x400

.isr_vector     0x08000000      0x188
                0x08000000                        . = ALIGN (0x4)
 *(.isr_vector)
 .isr_vector    0x08000000      0x188 CMakeFiles/Platypus.dir/startup_stm32f405xx.s.obj
                0x08000000                g_pfnVectors
                0x08000188                        . = ALIGN (0x4)

.text           0x08000188     0x3694
                0x08000188                        . = ALIGN (0x4)
 *(.text)
 .text          0x08000188       0x88 /usr/lib/gcc/arm-none-eabi/14.2.1/thumb/v7e-m+fp/hard/crtbegin.o
 .text          0x08000210       0x30 /usr/lib/gcc/arm-none-eabi/14.2.1/thumb/v7e-m+fp/hard/libgcc.a(_aeabi_uldivmod.o)
                0x08000210                __aeabi_uldivmod
 .text          0x08000240      0x2f8 /usr/lib/gcc/arm-none-eabi/14.2.1/thumb/v7e-m+fp/hard/libgcc.a(_udivmoddi4.o)
                0x08000240                __udivmoddi4
 .text          0x08000538        0x4 /usr/lib/gcc/arm-none-eabi/14.2.1/thumb/v7e-m+fp/hard/libgcc.a(_dvmd_tls.o)
                0x08000538                __aeabi_ldiv0
                0x08000538                __aeabi_idiv0
 .text          0x0800053c       0x50 /usr/lib/gcc/arm-none-eabi/14.2.1/../../../arm-none-eabi/lib/thumb/v7e-m+fp/hard/libg_nano.a(libc_a-init.o)
                0x0800053c                __libc_init_array
 .text          0x0800058c       0xa4 /usr/lib/gcc/arm-none-eabi/14.2.1/../../../arm-none-eabi/lib/thumb/v7e-m+fp/hard/libg_nano.a(libc_a-memset.o)
                0x0800058c                memset
 *(.text*)
 .text.SystemInit
                0x08000630       0x24 cmake/stm32cubemx/CMakeFiles/STM32_Drivers.dir/__/__/Core/Src/system_stm32f4xx.c.obj
                0x08000630                SystemInit
 .text.SDIO_Init
                0x08000654       0x56 cmake/stm32cubemx/CMakeFiles/STM32_Drivers.dir/__/__/Drivers/STM32F4xx_HAL_Driver/Src/stm32f4xx_ll_sdmmc.c.obj
                0x08000654                SDIO_Init
 .text.SDIO_ReadFIFO
                0x080006aa       0x1a cmake/stm32cubemx/CMakeFiles/STM32_Drivers.dir/__/__/Drivers/STM32F4xx_HAL_Driver/Src/stm32f4xx_ll_sdmmc.c.obj
                0x080006aa                SDIO_ReadFIFO
 .text.SDIO_PowerState_ON
                0x080006c4       0x1c cmake/stm32cubemx/CMakeFiles/STM32_Drivers.dir/__/__/Drivers/STM32F4xx_HAL_Driver/Src/stm32f4xx_ll_sdmmc.c.obj
                0x080006c4                SDIO_PowerState_ON
 .text.SDIO_GetPowerState
                0x080006e0       0x1c cmake/stm32cubemx/CMakeFiles/STM32_Drivers.dir/__/__/Drivers/STM32F4xx_HAL_Driver/Src/stm32f4xx_ll_sdmmc.c.obj
                0x080006e0                SDIO_GetPowerState
 .text.SDIO_SendCommand
                0x080006fc       0x54 cmake/stm32cubemx/CMakeFiles/STM32_Drivers.dir/__/__/Drivers/STM32F4xx_HAL_Driver/Src/stm32f4xx_ll_sdmmc.c.obj
                0x080006fc                SDIO_SendCommand
 .text.SDIO_GetCommandResponse
                0x08000750       0x1a cmake/stm32cubemx/CMakeFiles/STM32_Drivers.dir/__/__/Drivers/STM32F4xx_HAL_Driver/Src/stm32f4xx_ll_sdmmc.c.obj
                0x08000750                SDIO_GetCommandResponse
 .text.SDIO_GetResponse
                0x0800076a       0x26 cmake/stm32cubemx/CMakeFiles/STM32_Drivers.dir/__/__/Drivers/STM32F4xx_HAL_Driver/Src/stm32f4xx_ll_sdmmc.c.obj
                0x0800076a                SDIO_GetResponse
 .text.SDIO_ConfigData
                0x08000790       0x58 cmake/stm32cubemx/CMakeFiles/STM32_Drivers.dir/__/__/Drivers/STM32F4xx_HAL_Driver/Src/stm32f4xx_ll_sdmmc.c.obj
                0x08000790                SDIO_ConfigData
 .text.SDMMC_CmdBlockLength
                0x080007e8       0x44 cmake/stm32cubemx/CMakeFiles/STM32_Drivers.dir/__/__/Drivers/STM32F4xx_HAL_Driver/Src/stm32f4xx_ll_sdmmc.c.obj
                0x080007e8                SDMMC_CmdBlockLength
 .text.SDMMC_CmdSelDesel
                0x0800082c       0x46 cmake/stm32cubemx/CMakeFiles/STM32_Drivers.dir/__/__/Drivers/STM32F4xx_HAL_Driver/Src/stm32f4xx_ll_sdmmc.c.obj
                0x0800082c                SDMMC_CmdSelDesel
 .text.SDMMC_CmdGoIdleState
                0x08000872       0x3c cmake/stm32cubemx/CMakeFiles/STM32_Drivers.dir/__/__/Drivers/STM32F4xx_HAL_Driver/Src/stm32f4xx_ll_sdmmc.c.obj
                0x08000872                SDMMC_CmdGoIdleState
 .text.SDMMC_CmdOperCond
                0x080008ae       0x3e cmake/stm32cubemx/CMakeFiles/STM32_Drivers.dir/__/__/Drivers/STM32F4xx_HAL_Driver/Src/stm32f4xx_ll_sdmmc.c.obj
                0x080008ae                SDMMC_CmdOperCond
 .text.SDMMC_CmdAppCommand
                0x080008ec       0x44 cmake/stm32cubemx/CMakeFiles/STM32_Drivers.dir/__/__/Drivers/STM32F4xx_HAL_Driver/Src/stm32f4xx_ll_sdmmc.c.obj
                0x080008ec                SDMMC_CmdAppCommand
 .text.SDMMC_CmdAppOperCommand
                0x08000930       0x46 cmake/stm32cubemx/CMakeFiles/STM32_Drivers.dir/__/__/Drivers/STM32F4xx_HAL_Driver/Src/stm32f4xx_ll_sdmmc.c.obj
                0x08000930                SDMMC_CmdAppOperCommand
 .text.SDMMC_CmdBusWidth
                0x08000976       0x44 cmake/stm32cubemx/CMakeFiles/STM32_Drivers.dir/__/__/Drivers/STM32F4xx_HAL_Driver/Src/stm32f4xx_ll_sdmmc.c.obj
                0x08000976                SDMMC_CmdBusWidth
 .text.SDMMC_CmdSendSCR
                0x080009ba       0x42 cmake/stm32cubemx/CMakeFiles/STM32_Drivers.dir/__/__/Drivers/STM32F4xx_HAL_Driver/Src/stm32f4xx_ll_sdmmc.c.obj
                0x080009ba                SDMMC_CmdSendSCR
 .text.SDMMC_CmdSendCID
                0x080009fc       0x3c cmake/stm32cubemx/CMakeFiles/STM32_Drivers.dir/__/__/Drivers/STM32F4xx_HAL_Driver/Src/stm32f4xx_ll_sdmmc.c.obj
                0x080009fc                SDMMC_CmdSendCID
 .text.SDMMC_CmdSendCSD
                0x08000a38       0x3e cmake/stm32cubemx/CMakeFiles/STM32_Drivers.dir/__/__/Drivers/STM32F4xx_HAL_Driver/Src/stm32f4xx_ll_sdmmc.c.obj
                0x08000a38                SDMMC_CmdSendCSD
 .text.SDMMC_CmdSetRelAdd
                0x08000a76       0x42 cmake/stm32cubemx/CMakeFiles/STM32_Drivers.dir/__/__/Drivers/STM32F4xx_HAL_Driver/Src/stm32f4xx_ll_sdmmc.c.obj
                0x08000a76                SDMMC_CmdSetRelAdd
 .text.SDMMC_GetCmdResp1
                0x08000ab8      0x1dc cmake/stm32cubemx/CMakeFiles/STM32_Drivers.dir/__/__/Drivers/STM32F4xx_HAL_Driver/Src/stm32f4xx_ll_sdmmc.c.obj
                0x08000ab8                SDMMC_GetCmdResp1
 .text.SDMMC_GetCmdResp2
                0x08000c94       0x90 cmake/stm32cubemx/CMakeFiles/STM32_Drivers.dir/__/__/Drivers/STM32F4xx_HAL_Driver/Src/stm32f4xx_ll_sdmmc.c.obj
                0x08000c94                SDMMC_GetCmdResp2
 .text.SDMMC_GetCmdResp3
                0x08000d24       0x7c cmake/stm32cubemx/CMakeFiles/STM32_Drivers.dir/__/__/Drivers/STM32F4xx_HAL_Driver/Src/stm32f4xx_ll_sdmmc.c.obj
                0x08000d24                SDMMC_GetCmdResp3
 .text.SDMMC_GetCmdResp6
                0x08000da0       0xec cmake/stm32cubemx/CMakeFiles/STM32_Drivers.dir/__/__/Drivers/STM32F4xx_HAL_Driver/Src/stm32f4xx_ll_sdmmc.c.obj
                0x08000da0                SDMMC_GetCmdResp6
 .text.SDMMC_GetCmdResp7
                0x08000e8c       0x9c cmake/stm32cubemx/CMakeFiles/STM32_Drivers.dir/__/__/Drivers/STM32F4xx_HAL_Driver/Src/stm32f4xx_ll_sdmmc.c.obj
                0x08000e8c                SDMMC_GetCmdResp7
 .text.SDMMC_GetCmdError
                0x08000f28       0x58 cmake/stm32cubemx/CMakeFiles/STM32_Drivers.dir/__/__/Drivers/STM32F4xx_HAL_Driver/Src/stm32f4xx_ll_sdmmc.c.obj
 .text.HAL_SD_Init
                0x08000f80       0x60 cmake/stm32cubemx/CMakeFiles/STM32_Drivers.dir/__/__/Drivers/STM32F4xx_HAL_Driver/Src/stm32f4xx_hal_sd.c.obj
                0x08000f80                HAL_SD_Init
 .text.HAL_SD_InitCard
                0x08000fe0      0x100 cmake/stm32cubemx/CMakeFiles/STM32_Drivers.dir/__/__/Drivers/STM32F4xx_HAL_Driver/Src/stm32f4xx_hal_sd.c.obj
                0x08000fe0                HAL_SD_InitCard
 .text.HAL_SD_GetCardCSD
                0x080010e0      0x348 cmake/stm32cubemx/CMakeFiles/STM32_Drivers.dir/__/__/Drivers/STM32F4xx_HAL_Driver/Src/stm32f4xx_hal_sd.c.obj
                0x080010e0                HAL_SD_GetCardCSD
 .text.HAL_SD_ConfigWideBusOperation
                0x08001428      0x134 cmake/stm32cubemx/CMakeFiles/STM32_Drivers.dir/__/__/Drivers/STM32F4xx_HAL_Driver/Src/stm32f4xx_hal_sd.c.obj
                0x08001428                HAL_SD_ConfigWideBusOperation
 .text.SD_InitCard
                0x0800155c      0x19c cmake/stm32cubemx/CMakeFiles/STM32_Drivers.dir/__/__/Drivers/STM32F4xx_HAL_Driver/Src/stm32f4xx_hal_sd.c.obj
 .text.SD_PowerON
                0x080016f8      0x11c cmake/stm32cubemx/CMakeFiles/STM32_Drivers.dir/__/__/Drivers/STM32F4xx_HAL_Driver/Src/stm32f4xx_hal_sd.c.obj
 .text.SD_WideBus_Enable
                0x08001814       0x96 cmake/stm32cubemx/CMakeFiles/STM32_Drivers.dir/__/__/Drivers/STM32F4xx_HAL_Driver/Src/stm32f4xx_hal_sd.c.obj
 .text.SD_WideBus_Disable
                0x080018aa       0x96 cmake/stm32cubemx/CMakeFiles/STM32_Drivers.dir/__/__/Drivers/STM32F4xx_HAL_Driver/Src/stm32f4xx_hal_sd.c.obj
 .text.SD_FindSCR
                0x08001940      0x1b4 cmake/stm32cubemx/CMakeFiles/STM32_Drivers.dir/__/__/Drivers/STM32F4xx_HAL_Driver/Src/stm32f4xx_hal_sd.c.obj
 .text.HAL_RCC_OscConfig
                0x08001af4      0x4f0 cmake/stm32cubemx/CMakeFiles/STM32_Drivers.dir/__/__/Drivers/STM32F4xx_HAL_Driver/Src/stm32f4xx_hal_rcc.c.obj
                0x08001af4                HAL_RCC_OscConfig
 .text.HAL_RCC_ClockConfig
                0x08001fe4      0x1cc cmake/stm32cubemx/CMakeFiles/STM32_Drivers.dir/__/__/Drivers/STM32F4xx_HAL_Driver/Src/stm32f4xx_hal_rcc.c.obj
                0x08001fe4                HAL_RCC_ClockConfig
 .text.HAL_RCC_GetSysClockFreq
                0x080021b0      0x208 cmake/stm32cubemx/CMakeFiles/STM32_Drivers.dir/__/__/Drivers/STM32F4xx_HAL_Driver/Src/stm32f4xx_hal_rcc.c.obj
                0x080021b0                HAL_RCC_GetSysClockFreq
 .text.HAL_GPIO_Init
                0x080023b8      0x338 cmake/stm32cubemx/CMakeFiles/STM32_Drivers.dir/__/__/Drivers/STM32F4xx_HAL_Driver/Src/stm32f4xx_hal_gpio.c.obj
                0x080023b8                HAL_GPIO_Init
 .text.HAL_GPIO_WritePin
                0x080026f0       0x32 cmake/stm32cubemx/CMakeFiles/STM32_Drivers.dir/__/__/Drivers/STM32F4xx_HAL_Driver/Src/stm32f4xx_hal_gpio.c.obj
                0x080026f0                HAL_GPIO_WritePin
 *fill*         0x08002722        0x2 
 .text.__NVIC_SetPriorityGrouping
                0x08002724       0x48 cmake/stm32cubemx/CMakeFiles/STM32_Drivers.dir/__/__/Drivers/STM32F4xx_HAL_Driver/Src/stm32f4xx_hal_cortex.c.obj
 .text.__NVIC_GetPriorityGrouping
                0x0800276c       0x1c cmake/stm32cubemx/CMakeFiles/STM32_Drivers.dir/__/__/Drivers/STM32F4xx_HAL_Driver/Src/stm32f4xx_hal_cortex.c.obj
 .text.__NVIC_SetPriority
                0x08002788       0x54 cmake/stm32cubemx/CMakeFiles/STM32_Drivers.dir/__/__/Drivers/STM32F4xx_HAL_Driver/Src/stm32f4xx_hal_cortex.c.obj
 .text.NVIC_EncodePriority
                0x080027dc       0x66 cmake/stm32cubemx/CMakeFiles/STM32_Drivers.dir/__/__/Drivers/STM32F4xx_HAL_Driver/Src/stm32f4xx_hal_cortex.c.obj
 *fill*         0x08002842        0x2 
 .text.SysTick_Config
                0x08002844       0x44 cmake/stm32cubemx/CMakeFiles/STM32_Drivers.dir/__/__/Drivers/STM32F4xx_HAL_Driver/Src/stm32f4xx_hal_cortex.c.obj
 .text.HAL_NVIC_SetPriorityGrouping
                0x08002888       0x16 cmake/stm32cubemx/CMakeFiles/STM32_Drivers.dir/__/__/Drivers/STM32F4xx_HAL_Driver/Src/stm32f4xx_hal_cortex.c.obj
                0x08002888                HAL_NVIC_SetPriorityGrouping
 .text.HAL_NVIC_SetPriority
                0x0800289e       0x38 cmake/stm32cubemx/CMakeFiles/STM32_Drivers.dir/__/__/Drivers/STM32F4xx_HAL_Driver/Src/stm32f4xx_hal_cortex.c.obj
                0x0800289e                HAL_NVIC_SetPriority
 .text.HAL_SYSTICK_Config
                0x080028d6       0x18 cmake/stm32cubemx/CMakeFiles/STM32_Drivers.dir/__/__/Drivers/STM32F4xx_HAL_Driver/Src/stm32f4xx_hal_cortex.c.obj
                0x080028d6                HAL_SYSTICK_Config
 *fill*         0x080028ee        0x2 
 .text.HAL_Init
                0x080028f0       0x44 cmake/stm32cubemx/CMakeFiles/STM32_Drivers.dir/__/__/Drivers/STM32F4xx_HAL_Driver/Src/stm32f4xx_hal.c.obj
                0x080028f0                HAL_Init
 .text.HAL_InitTick
                0x08002934       0x60 cmake/stm32cubemx/CMakeFiles/STM32_Drivers.dir/__/__/Drivers/STM32F4xx_HAL_Driver/Src/stm32f4xx_hal.c.obj
                0x08002934                HAL_InitTick
 .text.HAL_IncTick
                0x08002994       0x28 cmake/stm32cubemx/CMakeFiles/STM32_Drivers.dir/__/__/Drivers/STM32F4xx_HAL_Driver/Src/stm32f4xx_hal.c.obj
                0x08002994                HAL_IncTick
 .text.HAL_GetTick
                0x080029bc       0x18 cmake/stm32cubemx/CMakeFiles/STM32_Drivers.dir/__/__/Drivers/STM32F4xx_HAL_Driver/Src/stm32f4xx_hal.c.obj
                0x080029bc                HAL_GetTick
 .text.HAL_Delay
                0x080029d4       0x48 cmake/stm32cubemx/CMakeFiles/STM32_Drivers.dir/__/__/Drivers/STM32F4xx_HAL_Driver/Src/stm32f4xx_hal.c.obj
                0x080029d4                HAL_Delay
 .text.HAL_PCD_Init
                0x08002a1c      0x21e cmake/stm32cubemx/CMakeFiles/STM32_Drivers.dir/__/__/Drivers/STM32F4xx_HAL_Driver/Src/stm32f4xx_hal_pcd.c.obj
                0x08002a1c                HAL_PCD_Init
 .text.USB_CoreInit
                0x08002c3a       0xc8 cmake/stm32cubemx/CMakeFiles/STM32_Drivers.dir/__/__/Drivers/STM32F4xx_HAL_Driver/Src/stm32f4xx_ll_usb.c.obj
                0x08002c3a                USB_CoreInit
 .text.USB_DisableGlobalInt
                0x08002d02       0x22 cmake/stm32cubemx/CMakeFiles/STM32_Drivers.dir/__/__/Drivers/STM32F4xx_HAL_Driver/Src/stm32f4xx_ll_usb.c.obj
                0x08002d02                USB_DisableGlobalInt
 .text.USB_SetCurrentMode
                0x08002d24       0x98 cmake/stm32cubemx/CMakeFiles/STM32_Drivers.dir/__/__/Drivers/STM32F4xx_HAL_Driver/Src/stm32f4xx_ll_usb.c.obj
                0x08002d24                USB_SetCurrentMode
 .text.USB_DevInit
                0x08002dbc      0x2c8 cmake/stm32cubemx/CMakeFiles/STM32_Drivers.dir/__/__/Drivers/STM32F4xx_HAL_Driver/Src/stm32f4xx_ll_usb.c.obj
                0x08002dbc                USB_DevInit
 .text.USB_FlushTxFifo
                0x08003084       0x64 cmake/stm32cubemx/CMakeFiles/STM32_Drivers.dir/__/__/Drivers/STM32F4xx_HAL_Driver/Src/stm32f4xx_ll_usb.c.obj
                0x08003084                USB_FlushTxFifo
 .text.USB_FlushRxFifo
                0x080030e8       0x5c cmake/stm32cubemx/CMakeFiles/STM32_Drivers.dir/__/__/Drivers/STM32F4xx_HAL_Driver/Src/stm32f4xx_ll_usb.c.obj
                0x080030e8                USB_FlushRxFifo
 .text.USB_SetDevSpeed
                0x08003144       0x32 cmake/stm32cubemx/CMakeFiles/STM32_Drivers.dir/__/__/Drivers/STM32F4xx_HAL_Driver/Src/stm32f4xx_ll_usb.c.obj
                0x08003144                USB_SetDevSpeed
 .text.USB_DevDisconnect
                0x08003176       0x42 cmake/stm32cubemx/CMakeFiles/STM32_Drivers.dir/__/__/Drivers/STM32F4xx_HAL_Driver/Src/stm32f4xx_ll_usb.c.obj
                0x08003176                USB_DevDisconnect
 .text.USB_GetMode
                0x080031b8       0x1c cmake/stm32cubemx/CMakeFiles/STM32_Drivers.dir/__/__/Drivers/STM32F4xx_HAL_Driver/Src/stm32f4xx_ll_usb.c.obj
                0x080031b8                USB_GetMode
 .text.USB_CoreReset
                0x080031d4       0x62 cmake/stm32cubemx/CMakeFiles/STM32_Drivers.dir/__/__/Drivers/STM32F4xx_HAL_Driver/Src/stm32f4xx_ll_usb.c.obj
 *fill*         0x08003236        0x2 
 .text._Z10Led_Enablev
                0x08003238       0x18 CMakeFiles/Platypus.dir/Core/Src/main.cpp.obj
                0x08003238                Led_Enable()
 .text._Z11Led_Disablev
                0x08003250       0x18 CMakeFiles/Platypus.dir/Core/Src/main.cpp.obj
                0x08003250                Led_Disable()
 .text._Z7Led_Dotv
                0x08003268       0x20 CMakeFiles/Platypus.dir/Core/Src/main.cpp.obj
                0x08003268                Led_Dot()
 .text._Z8Led_Dashv
                0x08003288       0x20 CMakeFiles/Platypus.dir/Core/Src/main.cpp.obj
                0x08003288                Led_Dash()
 .text.main     0x080032a8       0x48 CMakeFiles/Platypus.dir/Core/Src/main.cpp.obj
                0x080032a8                main
 .text._Z18SystemClock_Configv
                0x080032f0       0xe8 CMakeFiles/Platypus.dir/Core/Src/main.cpp.obj
                0x080032f0                SystemClock_Config()
 .text._ZL15MX_SDIO_SD_Initv
                0x080033d8       0x74 CMakeFiles/Platypus.dir/Core/Src/main.cpp.obj
 .text._ZL22MX_USB_OTG_FS_PCD_Initv
                0x0800344c       0x64 CMakeFiles/Platypus.dir/Core/Src/main.cpp.obj
 .text._ZL12MX_GPIO_Initv
                0x080034b0       0xdc CMakeFiles/Platypus.dir/Core/Src/main.cpp.obj
 .text.Error_Handler
                0x0800358c        0xc CMakeFiles/Platypus.dir/Core/Src/main.cpp.obj
                0x0800358c                Error_Handler
 .text.NMI_Handler
                0x08003598        0x8 CMakeFiles/Platypus.dir/Core/Src/stm32f4xx_it.c.obj
                0x08003598                NMI_Handler
 .text.HardFault_Handler
                0x080035a0        0x8 CMakeFiles/Platypus.dir/Core/Src/stm32f4xx_it.c.obj
                0x080035a0                HardFault_Handler
 .text.MemManage_Handler
                0x080035a8        0x8 CMakeFiles/Platypus.dir/Core/Src/stm32f4xx_it.c.obj
                0x080035a8                MemManage_Handler
 .text.BusFault_Handler
                0x080035b0        0x8 CMakeFiles/Platypus.dir/Core/Src/stm32f4xx_it.c.obj
                0x080035b0                BusFault_Handler
 .text.UsageFault_Handler
                0x080035b8        0x8 CMakeFiles/Platypus.dir/Core/Src/stm32f4xx_it.c.obj
                0x080035b8                UsageFault_Handler
 .text.SVC_Handler
                0x080035c0        0xe CMakeFiles/Platypus.dir/Core/Src/stm32f4xx_it.c.obj
                0x080035c0                SVC_Handler
 .text.DebugMon_Handler
                0x080035ce        0xe CMakeFiles/Platypus.dir/Core/Src/stm32f4xx_it.c.obj
                0x080035ce                DebugMon_Handler
 .text.PendSV_Handler
                0x080035dc        0xe CMakeFiles/Platypus.dir/Core/Src/stm32f4xx_it.c.obj
                0x080035dc                PendSV_Handler
 .text.SysTick_Handler
                0x080035ea        0xc CMakeFiles/Platypus.dir/Core/Src/stm32f4xx_it.c.obj
                0x080035ea                SysTick_Handler
 *fill*         0x080035f6        0x2 
 .text.HAL_MspInit
                0x080035f8       0x50 CMakeFiles/Platypus.dir/Core/Src/stm32f4xx_hal_msp.c.obj
                0x080035f8                HAL_MspInit
 .text.HAL_SD_MspInit
                0x08003648       0xd0 CMakeFiles/Platypus.dir/Core/Src/stm32f4xx_hal_msp.c.obj
                0x08003648                HAL_SD_MspInit
 .text.HAL_PCD_MspInit
                0x08003718       0x98 CMakeFiles/Platypus.dir/Core/Src/stm32f4xx_hal_msp.c.obj
                0x08003718                HAL_PCD_MspInit
 .text.Reset_Handler
                0x080037b0       0x50 CMakeFiles/Platypus.dir/startup_stm32f405xx.s.obj
                0x080037b0                Reset_Handler
 .text.Default_Handler
                0x08003800        0x2 CMakeFiles/Platypus.dir/startup_stm32f405xx.s.obj
                0x08003800                RTC_Alarm_IRQHandler
                0x08003800                HASH_RNG_IRQHandler
                0x08003800                EXTI2_IRQHandler
                0x08003800                TIM8_CC_IRQHandler
                0x08003800                TIM1_CC_IRQHandler
                0x08003800                DMA2_Stream5_IRQHandler
                0x08003800                DMA1_Stream5_IRQHandler
                0x08003800                PVD_IRQHandler
                0x08003800                SDIO_IRQHandler
                0x08003800                TAMP_STAMP_IRQHandler
                0x08003800                CAN2_RX1_IRQHandler
                0x08003800                EXTI3_IRQHandler
                0x08003800                TIM8_TRG_COM_TIM14_IRQHandler
                0x08003800                TIM1_UP_TIM10_IRQHandler
                0x08003800                TIM8_UP_TIM13_IRQHandler
                0x08003800                I2C3_ER_IRQHandler
                0x08003800                EXTI0_IRQHandler
                0x08003800                I2C2_EV_IRQHandler
                0x08003800                DMA1_Stream2_IRQHandler
                0x08003800                CAN1_RX0_IRQHandler
                0x08003800                FPU_IRQHandler
                0x08003800                OTG_HS_WKUP_IRQHandler
                0x08003800                CAN2_SCE_IRQHandler
                0x08003800                DMA2_Stream2_IRQHandler
                0x08003800                SPI1_IRQHandler
                0x08003800                TIM6_DAC_IRQHandler
                0x08003800                TIM1_BRK_TIM9_IRQHandler
                0x08003800                CAN2_RX0_IRQHandler
                0x08003800                DMA2_Stream3_IRQHandler
                0x08003800                USART6_IRQHandler
                0x08003800                USART3_IRQHandler
                0x08003800                CAN1_RX1_IRQHandler
                0x08003800                UART5_IRQHandler
                0x08003800                DMA2_Stream0_IRQHandler
                0x08003800                TIM4_IRQHandler
                0x08003800                I2C1_EV_IRQHandler
                0x08003800                DMA1_Stream6_IRQHandler
                0x08003800                DMA1_Stream1_IRQHandler
                0x08003800                UART4_IRQHandler
                0x08003800                TIM3_IRQHandler
                0x08003800                RCC_IRQHandler
                0x08003800                TIM8_BRK_TIM12_IRQHandler
                0x08003800                Default_Handler
                0x08003800                EXTI15_10_IRQHandler
                0x08003800                ADC_IRQHandler
                0x08003800                DMA1_Stream7_IRQHandler
                0x08003800                TIM7_IRQHandler
                0x08003800                CAN2_TX_IRQHandler
                0x08003800                TIM5_IRQHandler
                0x08003800                DMA2_Stream7_IRQHandler
                0x08003800                I2C3_EV_IRQHandler
                0x08003800                EXTI9_5_IRQHandler
                0x08003800                RTC_WKUP_IRQHandler
                0x08003800                SPI2_IRQHandler
                0x08003800                OTG_HS_EP1_IN_IRQHandler
                0x08003800                DMA1_Stream0_IRQHandler
                0x08003800                CAN1_TX_IRQHandler
                0x08003800                EXTI4_IRQHandler
                0x08003800                FSMC_IRQHandler
                0x08003800                OTG_HS_EP1_OUT_IRQHandler
                0x08003800                WWDG_IRQHandler
                0x08003800                TIM2_IRQHandler
                0x08003800                OTG_FS_WKUP_IRQHandler
                0x08003800                TIM1_TRG_COM_TIM11_IRQHandler
                0x08003800                OTG_HS_IRQHandler
                0x08003800                EXTI1_IRQHandler
                0x08003800                USART2_IRQHandler
                0x08003800                I2C2_ER_IRQHandler
                0x08003800                DMA2_Stream1_IRQHandler
                0x08003800                CAN1_SCE_IRQHandler
                0x08003800                FLASH_IRQHandler
                0x08003800                DMA2_Stream4_IRQHandler
                0x08003800                USART1_IRQHandler
                0x08003800                OTG_FS_IRQHandler
                0x08003800                SPI3_IRQHandler
                0x08003800                DMA1_Stream4_IRQHandler
                0x08003800                I2C1_ER_IRQHandler
                0x08003800                DMA2_Stream6_IRQHandler
                0x08003800                DMA1_Stream3_IRQHandler
 *(.glue_7)
 .glue_7        0x08003802        0x0 linker stubs
 *(.glue_7t)
 .glue_7t       0x08003802        0x0 linker stubs
 *(.eh_frame)
 *fill*         0x08003802        0x2 
 .eh_frame      0x08003804        0x0 /usr/lib/gcc/arm-none-eabi/14.2.1/thumb/v7e-m+fp/hard/crtbegin.o
 *(.init)
 .init          0x08003804        0x4 /usr/lib/gcc/arm-none-eabi/14.2.1/thumb/v7e-m+fp/hard/crti.o
                0x08003804                _init
 .init          0x08003808        0x8 /usr/lib/gcc/arm-none-eabi/14.2.1/thumb/v7e-m+fp/hard/crtn.o
 *(.fini)
 .fini          0x08003810        0x4 /usr/lib/gcc/arm-none-eabi/14.2.1/thumb/v7e-m+fp/hard/crti.o
                0x08003810                _fini
 .fini          0x08003814        0x8 /usr/lib/gcc/arm-none-eabi/14.2.1/thumb/v7e-m+fp/hard/crtn.o
                0x0800381c                        . = ALIGN (0x4)
                0x0800381c                        _etext = .

.vfp11_veneer   0x0800381c        0x0
 .vfp11_veneer  0x0800381c        0x0 linker stubs

.v4_bx          0x0800381c        0x0
 .v4_bx         0x0800381c        0x0 linker stubs

.iplt           0x0800381c        0x0
 .iplt          0x0800381c        0x0 /usr/lib/gcc/arm-none-eabi/14.2.1/thumb/v7e-m+fp/hard/crtbegin.o

.rodata         0x0800381c       0x10
                0x0800381c                        . = ALIGN (0x4)
 *(.rodata)
 *(.rodata*)
 .rodata.AHBPrescTable
                0x0800381c       0x10 cmake/stm32cubemx/CMakeFiles/STM32_Drivers.dir/__/__/Core/Src/system_stm32f4xx.c.obj
                0x0800381c                AHBPrescTable
                0x0800382c                        . = ALIGN (0x4)

.ARM.extab      0x0800382c        0x0
                0x0800382c                        . = ALIGN (0x4)
 *(.ARM.extab* .gnu.linkonce.armextab.*)
                0x0800382c                        . = ALIGN (0x4)

.ARM            0x0800382c        0x8
                0x0800382c                        . = ALIGN (0x4)
                0x0800382c                        __exidx_start = .
 *(.ARM.exidx*)
 .ARM.exidx     0x0800382c        0x8 /usr/lib/gcc/arm-none-eabi/14.2.1/thumb/v7e-m+fp/hard/libgcc.a(_udivmoddi4.o)
                0x08003834                        __exidx_end = .
                0x08003834                        . = ALIGN (0x4)

.preinit_array  0x08003834        0x0
                0x08003834                        . = ALIGN (0x4)
                0x08003834                        PROVIDE (__preinit_array_start = .)
 *(.preinit_array*)
                0x08003834                        PROVIDE (__preinit_array_end = .)
                0x08003834                        . = ALIGN (0x4)

.init_array     0x08003834        0x4
                0x08003834                        . = ALIGN (0x4)
                0x08003834                        PROVIDE (__init_array_start = .)
 *(SORT_BY_NAME(.init_array.*))
 *(.init_array*)
 .init_array    0x08003834        0x4 /usr/lib/gcc/arm-none-eabi/14.2.1/thumb/v7e-m+fp/hard/crtbegin.o
                0x08003838                        PROVIDE (__init_array_end = .)
                0x08003838                        . = ALIGN (0x4)

.fini_array     0x08003838        0x4
                0x08003838                        . = ALIGN (0x4)
                0x08003838                        PROVIDE (__fini_array_start = .)
 *(SORT_BY_NAME(.fini_array.*))
 *(.fini_array*)
 .fini_array    0x08003838        0x4 /usr/lib/gcc/arm-none-eabi/14.2.1/thumb/v7e-m+fp/hard/crtbegin.o
                0x0800383c                        PROVIDE (__fini_array_end = .)
                0x0800383c                        . = ALIGN (0x4)
                0x0800383c                        _siccmram = LOADADDR (.ccmram)

.rel.dyn        0x0800383c        0x0
 .rel.iplt      0x0800383c        0x0 /usr/lib/gcc/arm-none-eabi/14.2.1/thumb/v7e-m+fp/hard/crtbegin.o

.ccmram         0x10000000        0x0 load address 0x0800383c
                0x10000000                        . = ALIGN (0x4)
                0x10000000                        _sccmram = .
 *(.ccmram)
 *(.ccmram*)
                0x10000000                        . = ALIGN (0x4)
                0x10000000                        _eccmram = .
                0x0800383c                        _sidata = LOADADDR (.data)

.data           0x20000000        0xc load address 0x0800383c
                0x20000000                        . = ALIGN (0x4)
                0x20000000                        _sdata = .
 *(.data)
 *(.data*)
 .data.SystemCoreClock
                0x20000000        0x4 cmake/stm32cubemx/CMakeFiles/STM32_Drivers.dir/__/__/Core/Src/system_stm32f4xx.c.obj
                0x20000000                SystemCoreClock
 .data.uwTickPrio
                0x20000004        0x4 cmake/stm32cubemx/CMakeFiles/STM32_Drivers.dir/__/__/Drivers/STM32F4xx_HAL_Driver/Src/stm32f4xx_hal.c.obj
                0x20000004                uwTickPrio
 .data.uwTickFreq
                0x20000008        0x1 cmake/stm32cubemx/CMakeFiles/STM32_Drivers.dir/__/__/Drivers/STM32F4xx_HAL_Driver/Src/stm32f4xx_hal.c.obj
                0x20000008                uwTickFreq
 *(.RamFunc)
 *(.RamFunc*)
                0x2000000c                        . = ALIGN (0x4)
 *fill*         0x20000009        0x3 

.tm_clone_table
                0x2000000c        0x0 load address 0x08003848
 .tm_clone_table
                0x2000000c        0x0 /usr/lib/gcc/arm-none-eabi/14.2.1/thumb/v7e-m+fp/hard/crtbegin.o
 .tm_clone_table
                0x2000000c        0x0 /usr/lib/gcc/arm-none-eabi/14.2.1/thumb/v7e-m+fp/hard/crtend.o

.igot.plt       0x2000000c        0x0 load address 0x08003848
 .igot.plt      0x2000000c        0x0 /usr/lib/gcc/arm-none-eabi/14.2.1/thumb/v7e-m+fp/hard/crtbegin.o

.tdata          0x2000000c        0x0 load address 0x08003848
 *(.tdata .tdata.* .gnu.linkonce.td.*)
                0x2000000c                        . = ALIGN (0x4)
                0x2000000c                        _edata = .
                [!provide]                        PROVIDE (__data_end = .)
                [!provide]                        PROVIDE (__tdata_end = .)
                [!provide]                        PROVIDE (__tdata_start = ADDR (.tdata))
                [!provide]                        PROVIDE (__tdata_size = (__tdata_end - __tdata_start))
                [!provide]                        PROVIDE (__data_start = ADDR (.data))
                [!provide]                        PROVIDE (__data_size = (__data_end - __data_start))
                [!provide]                        PROVIDE (__tdata_source = LOADADDR (.tdata))
                [!provide]                        PROVIDE (__tdata_source_end = (LOADADDR (.tdata) + SIZEOF (.tdata)))
                [!provide]                        PROVIDE (__tdata_source_size = (__tdata_source_end - __tdata_source))
                [!provide]                        PROVIDE (__data_source = LOADADDR (.data))
                [!provide]                        PROVIDE (__data_source_end = __tdata_source_end)
                [!provide]                        PROVIDE (__data_source_size = (__data_source_end - __data_source))

.tbss           0x2000000c        0x0 load address 0x08003848
                0x2000000c                        _sbss = .
                0x2000000c                        __bss_start__ = _sbss
 *(.tbss .tbss.*)
                0x2000000c                        . = ALIGN (0x4)
                [!provide]                        PROVIDE (__tbss_end = .)
                [!provide]                        PROVIDE (__tbss_start = ADDR (.tbss))
                [!provide]                        PROVIDE (__tbss_size = (__tbss_end - __tbss_start))
                [!provide]                        PROVIDE (__tbss_offset = (ADDR (.tbss) - ADDR (.tdata)))
                [!provide]                        PROVIDE (__tls_base = __tdata_start)
                [!provide]                        PROVIDE (__tls_end = __tbss_end)
                [!provide]                        PROVIDE (__tls_size = (__tls_end - __tls_base))
                [!provide]                        PROVIDE (__tls_align = MAX (ALIGNOF (.tdata), ALIGNOF (.tbss)))
                [!provide]                        PROVIDE (__tls_size_align = (((__tls_size + __tls_align) - 0x1) & ~ ((__tls_align - 0x1))))
                [!provide]                        PROVIDE (__arm32_tls_tcb_offset = MAX (0x8, __tls_align))
                [!provide]                        PROVIDE (__arm64_tls_tcb_offset = MAX (0x10, __tls_align))

.bss            0x2000000c      0x588 load address 0x08003848
 *(.bss)
 .bss           0x2000000c       0x1c /usr/lib/gcc/arm-none-eabi/14.2.1/thumb/v7e-m+fp/hard/crtbegin.o
 *(.bss*)
 .bss.uwTick    0x20000028        0x4 cmake/stm32cubemx/CMakeFiles/STM32_Drivers.dir/__/__/Drivers/STM32F4xx_HAL_Driver/Src/stm32f4xx_hal.c.obj
                0x20000028                uwTick
 .bss.hsd       0x2000002c       0x84 CMakeFiles/Platypus.dir/Core/Src/main.cpp.obj
                0x2000002c                hsd
 .bss.hpcd_USB_OTG_FS
                0x200000b0      0x4e4 CMakeFiles/Platypus.dir/Core/Src/main.cpp.obj
                0x200000b0                hpcd_USB_OTG_FS
 *(COMMON)
                0x20000594                        . = ALIGN (0x4)
                0x20000594                        _ebss = .
                0x20000594                        __bss_end__ = _ebss
                [!provide]                        PROVIDE (__bss_end = .)
                [!provide]                        PROVIDE (__non_tls_bss_start = ADDR (.bss))
                [!provide]                        PROVIDE (__bss_start = __tbss_start)
                [!provide]                        PROVIDE (__bss_size = (__bss_end - __bss_start))

._user_heap_stack
                0x20000594      0x604 load address 0x08003848
                0x20000598                        . = ALIGN (0x8)
 *fill*         0x20000594        0x4 
                [!provide]                        PROVIDE (end = .)
                0x20000598                        PROVIDE (_end = .)
                0x20000798                        . = (. + _Min_Heap_Size)
 *fill*         0x20000598      0x200 
                0x20000b98                        . = (. + _Min_Stack_Size)
 *fill*         0x20000798      0x400 
                0x20000b98                        . = ALIGN (0x8)

/DISCARD/
 libc.a:*(*)
 libm.a:*(*)
 libgcc.a:*(*)
OUTPUT(Platypus.elf elf32-littlearm)
LOAD linker stubs

.ARM.attributes
                0x00000000       0x30
 .ARM.attributes
                0x00000000       0x22 /usr/lib/gcc/arm-none-eabi/14.2.1/thumb/v7e-m+fp/hard/crti.o
 .ARM.attributes
                0x00000022       0x34 /usr/lib/gcc/arm-none-eabi/14.2.1/thumb/v7e-m+fp/hard/crtbegin.o
 .ARM.attributes
                0x00000056       0x34 cmake/stm32cubemx/CMakeFiles/STM32_Drivers.dir/__/__/Core/Src/system_stm32f4xx.c.obj
 .ARM.attributes
                0x0000008a       0x34 cmake/stm32cubemx/CMakeFiles/STM32_Drivers.dir/__/__/Drivers/STM32F4xx_HAL_Driver/Src/stm32f4xx_ll_sdmmc.c.obj
 .ARM.attributes
                0x000000be       0x34 cmake/stm32cubemx/CMakeFiles/STM32_Drivers.dir/__/__/Drivers/STM32F4xx_HAL_Driver/Src/stm32f4xx_hal_sd.c.obj
 .ARM.attributes
                0x000000f2       0x34 cmake/stm32cubemx/CMakeFiles/STM32_Drivers.dir/__/__/Drivers/STM32F4xx_HAL_Driver/Src/stm32f4xx_hal_rcc.c.obj
 .ARM.attributes
                0x00000126       0x34 cmake/stm32cubemx/CMakeFiles/STM32_Drivers.dir/__/__/Drivers/STM32F4xx_HAL_Driver/Src/stm32f4xx_hal_gpio.c.obj
 .ARM.attributes
                0x0000015a       0x34 cmake/stm32cubemx/CMakeFiles/STM32_Drivers.dir/__/__/Drivers/STM32F4xx_HAL_Driver/Src/stm32f4xx_hal_cortex.c.obj
 .ARM.attributes
                0x0000018e       0x34 cmake/stm32cubemx/CMakeFiles/STM32_Drivers.dir/__/__/Drivers/STM32F4xx_HAL_Driver/Src/stm32f4xx_hal.c.obj
 .ARM.attributes
                0x000001c2       0x34 cmake/stm32cubemx/CMakeFiles/STM32_Drivers.dir/__/__/Drivers/STM32F4xx_HAL_Driver/Src/stm32f4xx_hal_pcd.c.obj
 .ARM.attributes
                0x000001f6       0x34 cmake/stm32cubemx/CMakeFiles/STM32_Drivers.dir/__/__/Drivers/STM32F4xx_HAL_Driver/Src/stm32f4xx_ll_usb.c.obj
 .ARM.attributes
                0x0000022a       0x34 CMakeFiles/Platypus.dir/Core/Src/main.cpp.obj
 .ARM.attributes
                0x0000025e       0x34 CMakeFiles/Platypus.dir/Core/Src/stm32f4xx_it.c.obj
 .ARM.attributes
                0x00000292       0x34 CMakeFiles/Platypus.dir/Core/Src/stm32f4xx_hal_msp.c.obj
 .ARM.attributes
                0x000002c6       0x21 CMakeFiles/Platypus.dir/startup_stm32f405xx.s.obj
 .ARM.attributes
                0x000002e7       0x22 /usr/lib/gcc/arm-none-eabi/14.2.1/thumb/v7e-m+fp/hard/libgcc.a(_aeabi_uldivmod.o)
 .ARM.attributes
                0x00000309       0x34 /usr/lib/gcc/arm-none-eabi/14.2.1/thumb/v7e-m+fp/hard/libgcc.a(_udivmoddi4.o)
 .ARM.attributes
                0x0000033d       0x22 /usr/lib/gcc/arm-none-eabi/14.2.1/thumb/v7e-m+fp/hard/libgcc.a(_dvmd_tls.o)
 .ARM.attributes
                0x0000035f       0x34 /usr/lib/gcc/arm-none-eabi/14.2.1/../../../arm-none-eabi/lib/thumb/v7e-m+fp/hard/libg_nano.a(libc_a-init.o)
 .ARM.attributes
                0x00000393       0x34 /usr/lib/gcc/arm-none-eabi/14.2.1/../../../arm-none-eabi/lib/thumb/v7e-m+fp/hard/libg_nano.a(libc_a-memset.o)
 .ARM.attributes
                0x000003c7       0x34 /usr/lib/gcc/arm-none-eabi/14.2.1/thumb/v7e-m+fp/hard/crtend.o
 .ARM.attributes
                0x000003fb       0x22 /usr/lib/gcc/arm-none-eabi/14.2.1/thumb/v7e-m+fp/hard/crtn.o

.comment        0x00000000       0x4c
 .comment       0x00000000       0x4c /usr/lib/gcc/arm-none-eabi/14.2.1/thumb/v7e-m+fp/hard/crtbegin.o
                                 0x27 (size before relaxing)
 .comment       0x0000004c       0x27 cmake/stm32cubemx/CMakeFiles/STM32_Drivers.dir/__/__/Core/Src/system_stm32f4xx.c.obj
 .comment       0x0000004c       0x27 cmake/stm32cubemx/CMakeFiles/STM32_Drivers.dir/__/__/Drivers/STM32F4xx_HAL_Driver/Src/stm32f4xx_ll_sdmmc.c.obj
 .comment       0x0000004c       0x27 cmake/stm32cubemx/CMakeFiles/STM32_Drivers.dir/__/__/Drivers/STM32F4xx_HAL_Driver/Src/stm32f4xx_hal_sd.c.obj
 .comment       0x0000004c       0x27 cmake/stm32cubemx/CMakeFiles/STM32_Drivers.dir/__/__/Drivers/STM32F4xx_HAL_Driver/Src/stm32f4xx_hal_rcc.c.obj
 .comment       0x0000004c       0x27 cmake/stm32cubemx/CMakeFiles/STM32_Drivers.dir/__/__/Drivers/STM32F4xx_HAL_Driver/Src/stm32f4xx_hal_gpio.c.obj
 .comment       0x0000004c       0x27 cmake/stm32cubemx/CMakeFiles/STM32_Drivers.dir/__/__/Drivers/STM32F4xx_HAL_Driver/Src/stm32f4xx_hal_cortex.c.obj
 .comment       0x0000004c       0x27 cmake/stm32cubemx/CMakeFiles/STM32_Drivers.dir/__/__/Drivers/STM32F4xx_HAL_Driver/Src/stm32f4xx_hal.c.obj
 .comment       0x0000004c       0x27 cmake/stm32cubemx/CMakeFiles/STM32_Drivers.dir/__/__/Drivers/STM32F4xx_HAL_Driver/Src/stm32f4xx_hal_pcd.c.obj
 .comment       0x0000004c       0x27 cmake/stm32cubemx/CMakeFiles/STM32_Drivers.dir/__/__/Drivers/STM32F4xx_HAL_Driver/Src/stm32f4xx_ll_usb.c.obj
 .comment       0x0000004c       0x27 CMakeFiles/Platypus.dir/Core/Src/main.cpp.obj
 .comment       0x0000004c       0x27 CMakeFiles/Platypus.dir/Core/Src/stm32f4xx_it.c.obj
 .comment       0x0000004c       0x27 CMakeFiles/Platypus.dir/Core/Src/stm32f4xx_hal_msp.c.obj
 .comment       0x0000004c       0x27 /usr/lib/gcc/arm-none-eabi/14.2.1/thumb/v7e-m+fp/hard/libgcc.a(_udivmoddi4.o)
 .comment       0x0000004c       0x27 /usr/lib/gcc/arm-none-eabi/14.2.1/../../../arm-none-eabi/lib/thumb/v7e-m+fp/hard/libg_nano.a(libc_a-init.o)
 .comment       0x0000004c       0x27 /usr/lib/gcc/arm-none-eabi/14.2.1/../../../arm-none-eabi/lib/thumb/v7e-m+fp/hard/libg_nano.a(libc_a-memset.o)
 .comment       0x0000004c       0x27 /usr/lib/gcc/arm-none-eabi/14.2.1/thumb/v7e-m+fp/hard/crtend.o

.debug_info     0x00000000    0x10158
 .debug_info    0x00000000      0x4f8 cmake/stm32cubemx/CMakeFiles/STM32_Drivers.dir/__/__/Core/Src/system_stm32f4xx.c.obj
 .debug_info    0x000004f8     0x1094 cmake/stm32cubemx/CMakeFiles/STM32_Drivers.dir/__/__/Drivers/STM32F4xx_HAL_Driver/Src/stm32f4xx_ll_sdmmc.c.obj
 .debug_info    0x0000158c     0x1bda cmake/stm32cubemx/CMakeFiles/STM32_Drivers.dir/__/__/Drivers/STM32F4xx_HAL_Driver/Src/stm32f4xx_hal_sd.c.obj
 .debug_info    0x00003166      0x881 cmake/stm32cubemx/CMakeFiles/STM32_Drivers.dir/__/__/Drivers/STM32F4xx_HAL_Driver/Src/stm32f4xx_hal_rcc.c.obj
 .debug_info    0x000039e7      0x69f cmake/stm32cubemx/CMakeFiles/STM32_Drivers.dir/__/__/Drivers/STM32F4xx_HAL_Driver/Src/stm32f4xx_hal_gpio.c.obj
 .debug_info    0x00004086      0xd21 cmake/stm32cubemx/CMakeFiles/STM32_Drivers.dir/__/__/Drivers/STM32F4xx_HAL_Driver/Src/stm32f4xx_hal_cortex.c.obj
 .debug_info    0x00004da7      0x926 cmake/stm32cubemx/CMakeFiles/STM32_Drivers.dir/__/__/Drivers/STM32F4xx_HAL_Driver/Src/stm32f4xx_hal.c.obj
 .debug_info    0x000056cd     0x154b cmake/stm32cubemx/CMakeFiles/STM32_Drivers.dir/__/__/Drivers/STM32F4xx_HAL_Driver/Src/stm32f4xx_hal_pcd.c.obj
 .debug_info    0x00006c18     0x196f cmake/stm32cubemx/CMakeFiles/STM32_Drivers.dir/__/__/Drivers/STM32F4xx_HAL_Driver/Src/stm32f4xx_ll_usb.c.obj
 .debug_info    0x00008587     0x61fd CMakeFiles/Platypus.dir/Core/Src/main.cpp.obj
 .debug_info    0x0000e784      0x112 CMakeFiles/Platypus.dir/Core/Src/stm32f4xx_it.c.obj
 .debug_info    0x0000e896      0xefd CMakeFiles/Platypus.dir/Core/Src/stm32f4xx_hal_msp.c.obj
 .debug_info    0x0000f793       0x30 CMakeFiles/Platypus.dir/startup_stm32f405xx.s.obj
 .debug_info    0x0000f7c3       0x24 /usr/lib/gcc/arm-none-eabi/14.2.1/thumb/v7e-m+fp/hard/libgcc.a(_aeabi_uldivmod.o)
 .debug_info    0x0000f7e7      0x6f5 /usr/lib/gcc/arm-none-eabi/14.2.1/thumb/v7e-m+fp/hard/libgcc.a(_udivmoddi4.o)
 .debug_info    0x0000fedc       0x3c /usr/lib/gcc/arm-none-eabi/14.2.1/thumb/v7e-m+fp/hard/libgcc.a(_dvmd_tls.o)
 .debug_info    0x0000ff18      0x10b /usr/lib/gcc/arm-none-eabi/14.2.1/../../../arm-none-eabi/lib/thumb/v7e-m+fp/hard/libg_nano.a(libc_a-init.o)
 .debug_info    0x00010023      0x135 /usr/lib/gcc/arm-none-eabi/14.2.1/../../../arm-none-eabi/lib/thumb/v7e-m+fp/hard/libg_nano.a(libc_a-memset.o)

.debug_abbrev   0x00000000     0x22ac
 .debug_abbrev  0x00000000      0x11b cmake/stm32cubemx/CMakeFiles/STM32_Drivers.dir/__/__/Core/Src/system_stm32f4xx.c.obj
 .debug_abbrev  0x0000011b      0x1d6 cmake/stm32cubemx/CMakeFiles/STM32_Drivers.dir/__/__/Drivers/STM32F4xx_HAL_Driver/Src/stm32f4xx_ll_sdmmc.c.obj
 .debug_abbrev  0x000002f1      0x297 cmake/stm32cubemx/CMakeFiles/STM32_Drivers.dir/__/__/Drivers/STM32F4xx_HAL_Driver/Src/stm32f4xx_hal_sd.c.obj
 .debug_abbrev  0x00000588      0x2b6 cmake/stm32cubemx/CMakeFiles/STM32_Drivers.dir/__/__/Drivers/STM32F4xx_HAL_Driver/Src/stm32f4xx_hal_rcc.c.obj
 .debug_abbrev  0x0000083e      0x1d4 cmake/stm32cubemx/CMakeFiles/STM32_Drivers.dir/__/__/Drivers/STM32F4xx_HAL_Driver/Src/stm32f4xx_hal_gpio.c.obj
 .debug_abbrev  0x00000a12      0x328 cmake/stm32cubemx/CMakeFiles/STM32_Drivers.dir/__/__/Drivers/STM32F4xx_HAL_Driver/Src/stm32f4xx_hal_cortex.c.obj
 .debug_abbrev  0x00000d3a      0x214 cmake/stm32cubemx/CMakeFiles/STM32_Drivers.dir/__/__/Drivers/STM32F4xx_HAL_Driver/Src/stm32f4xx_hal.c.obj
 .debug_abbrev  0x00000f4e      0x2b9 cmake/stm32cubemx/CMakeFiles/STM32_Drivers.dir/__/__/Drivers/STM32F4xx_HAL_Driver/Src/stm32f4xx_hal_pcd.c.obj
 .debug_abbrev  0x00001207      0x2b3 cmake/stm32cubemx/CMakeFiles/STM32_Drivers.dir/__/__/Drivers/STM32F4xx_HAL_Driver/Src/stm32f4xx_ll_usb.c.obj
 .debug_abbrev  0x000014ba      0x839 CMakeFiles/Platypus.dir/Core/Src/main.cpp.obj
 .debug_abbrev  0x00001cf3       0x73 CMakeFiles/Platypus.dir/Core/Src/stm32f4xx_it.c.obj
 .debug_abbrev  0x00001d66      0x1fe CMakeFiles/Platypus.dir/Core/Src/stm32f4xx_hal_msp.c.obj
 .debug_abbrev  0x00001f64       0x24 CMakeFiles/Platypus.dir/startup_stm32f405xx.s.obj
 .debug_abbrev  0x00001f88       0x14 /usr/lib/gcc/arm-none-eabi/14.2.1/thumb/v7e-m+fp/hard/libgcc.a(_aeabi_uldivmod.o)
 .debug_abbrev  0x00001f9c      0x16a /usr/lib/gcc/arm-none-eabi/14.2.1/thumb/v7e-m+fp/hard/libgcc.a(_udivmoddi4.o)
 .debug_abbrev  0x00002106       0x26 /usr/lib/gcc/arm-none-eabi/14.2.1/thumb/v7e-m+fp/hard/libgcc.a(_dvmd_tls.o)
 .debug_abbrev  0x0000212c       0xc9 /usr/lib/gcc/arm-none-eabi/14.2.1/../../../arm-none-eabi/lib/thumb/v7e-m+fp/hard/libg_nano.a(libc_a-init.o)
 .debug_abbrev  0x000021f5       0xb7 /usr/lib/gcc/arm-none-eabi/14.2.1/../../../arm-none-eabi/lib/thumb/v7e-m+fp/hard/libg_nano.a(libc_a-memset.o)

.debug_aranges  0x00000000      0xac8
 .debug_aranges
                0x00000000       0x28 cmake/stm32cubemx/CMakeFiles/STM32_Drivers.dir/__/__/Core/Src/system_stm32f4xx.c.obj
 .debug_aranges
                0x00000028      0x188 cmake/stm32cubemx/CMakeFiles/STM32_Drivers.dir/__/__/Drivers/STM32F4xx_HAL_Driver/Src/stm32f4xx_ll_sdmmc.c.obj
 .debug_aranges
                0x000001b0      0x168 cmake/stm32cubemx/CMakeFiles/STM32_Drivers.dir/__/__/Drivers/STM32F4xx_HAL_Driver/Src/stm32f4xx_hal_sd.c.obj
 .debug_aranges
                0x00000318       0x88 cmake/stm32cubemx/CMakeFiles/STM32_Drivers.dir/__/__/Drivers/STM32F4xx_HAL_Driver/Src/stm32f4xx_hal_rcc.c.obj
 .debug_aranges
                0x000003a0       0x58 cmake/stm32cubemx/CMakeFiles/STM32_Drivers.dir/__/__/Drivers/STM32F4xx_HAL_Driver/Src/stm32f4xx_hal_gpio.c.obj
 .debug_aranges
                0x000003f8      0x120 cmake/stm32cubemx/CMakeFiles/STM32_Drivers.dir/__/__/Drivers/STM32F4xx_HAL_Driver/Src/stm32f4xx_hal_cortex.c.obj
 .debug_aranges
                0x00000518       0xf0 cmake/stm32cubemx/CMakeFiles/STM32_Drivers.dir/__/__/Drivers/STM32F4xx_HAL_Driver/Src/stm32f4xx_hal.c.obj
 .debug_aranges
                0x00000608      0x148 cmake/stm32cubemx/CMakeFiles/STM32_Drivers.dir/__/__/Drivers/STM32F4xx_HAL_Driver/Src/stm32f4xx_hal_pcd.c.obj
 .debug_aranges
                0x00000750      0x1a0 cmake/stm32cubemx/CMakeFiles/STM32_Drivers.dir/__/__/Drivers/STM32F4xx_HAL_Driver/Src/stm32f4xx_ll_usb.c.obj
 .debug_aranges
                0x000008f0       0x70 CMakeFiles/Platypus.dir/Core/Src/main.cpp.obj
 .debug_aranges
                0x00000960       0x60 CMakeFiles/Platypus.dir/Core/Src/stm32f4xx_it.c.obj
 .debug_aranges
                0x000009c0       0x40 CMakeFiles/Platypus.dir/Core/Src/stm32f4xx_hal_msp.c.obj
 .debug_aranges
                0x00000a00       0x28 CMakeFiles/Platypus.dir/startup_stm32f405xx.s.obj
 .debug_aranges
                0x00000a28       0x20 /usr/lib/gcc/arm-none-eabi/14.2.1/thumb/v7e-m+fp/hard/libgcc.a(_aeabi_uldivmod.o)
 .debug_aranges
                0x00000a48       0x20 /usr/lib/gcc/arm-none-eabi/14.2.1/thumb/v7e-m+fp/hard/libgcc.a(_udivmoddi4.o)
 .debug_aranges
                0x00000a68       0x20 /usr/lib/gcc/arm-none-eabi/14.2.1/thumb/v7e-m+fp/hard/libgcc.a(_dvmd_tls.o)
 .debug_aranges
                0x00000a88       0x20 /usr/lib/gcc/arm-none-eabi/14.2.1/../../../arm-none-eabi/lib/thumb/v7e-m+fp/hard/libg_nano.a(libc_a-init.o)
 .debug_aranges
                0x00000aa8       0x20 /usr/lib/gcc/arm-none-eabi/14.2.1/../../../arm-none-eabi/lib/thumb/v7e-m+fp/hard/libg_nano.a(libc_a-memset.o)

.debug_rnglists
                0x00000000      0x82c
 .debug_rnglists
                0x00000000       0x1a cmake/stm32cubemx/CMakeFiles/STM32_Drivers.dir/__/__/Core/Src/system_stm32f4xx.c.obj
 .debug_rnglists
                0x0000001a      0x125 cmake/stm32cubemx/CMakeFiles/STM32_Drivers.dir/__/__/Drivers/STM32F4xx_HAL_Driver/Src/stm32f4xx_ll_sdmmc.c.obj
 .debug_rnglists
                0x0000013f      0x121 cmake/stm32cubemx/CMakeFiles/STM32_Drivers.dir/__/__/Drivers/STM32F4xx_HAL_Driver/Src/stm32f4xx_hal_sd.c.obj
 .debug_rnglists
                0x00000260       0x66 cmake/stm32cubemx/CMakeFiles/STM32_Drivers.dir/__/__/Drivers/STM32F4xx_HAL_Driver/Src/stm32f4xx_hal_rcc.c.obj
 .debug_rnglists
                0x000002c6       0x3f cmake/stm32cubemx/CMakeFiles/STM32_Drivers.dir/__/__/Drivers/STM32F4xx_HAL_Driver/Src/stm32f4xx_hal_gpio.c.obj
 .debug_rnglists
                0x00000305       0xd4 cmake/stm32cubemx/CMakeFiles/STM32_Drivers.dir/__/__/Drivers/STM32F4xx_HAL_Driver/Src/stm32f4xx_hal_cortex.c.obj
 .debug_rnglists
                0x000003d9       0xaf cmake/stm32cubemx/CMakeFiles/STM32_Drivers.dir/__/__/Drivers/STM32F4xx_HAL_Driver/Src/stm32f4xx_hal.c.obj
 .debug_rnglists
                0x00000488       0xfa cmake/stm32cubemx/CMakeFiles/STM32_Drivers.dir/__/__/Drivers/STM32F4xx_HAL_Driver/Src/stm32f4xx_hal_pcd.c.obj
 .debug_rnglists
                0x00000582      0x147 cmake/stm32cubemx/CMakeFiles/STM32_Drivers.dir/__/__/Drivers/STM32F4xx_HAL_Driver/Src/stm32f4xx_ll_usb.c.obj
 .debug_rnglists
                0x000006c9       0x51 CMakeFiles/Platypus.dir/Core/Src/main.cpp.obj
 .debug_rnglists
                0x0000071a       0x43 CMakeFiles/Platypus.dir/Core/Src/stm32f4xx_it.c.obj
 .debug_rnglists
                0x0000075d       0x2d CMakeFiles/Platypus.dir/Core/Src/stm32f4xx_hal_msp.c.obj
 .debug_rnglists
                0x0000078a       0x19 CMakeFiles/Platypus.dir/startup_stm32f405xx.s.obj
 .debug_rnglists
                0x000007a3       0x89 /usr/lib/gcc/arm-none-eabi/14.2.1/thumb/v7e-m+fp/hard/libgcc.a(_udivmoddi4.o)

.debug_macro    0x00000000    0x2793a
 .debug_macro   0x00000000      0x1a4 cmake/stm32cubemx/CMakeFiles/STM32_Drivers.dir/__/__/Core/Src/system_stm32f4xx.c.obj
 .debug_macro   0x000001a4      0xad8 cmake/stm32cubemx/CMakeFiles/STM32_Drivers.dir/__/__/Core/Src/system_stm32f4xx.c.obj
 .debug_macro   0x00000c7c       0x2e cmake/stm32cubemx/CMakeFiles/STM32_Drivers.dir/__/__/Core/Src/system_stm32f4xx.c.obj
 .debug_macro   0x00000caa       0x2f cmake/stm32cubemx/CMakeFiles/STM32_Drivers.dir/__/__/Core/Src/system_stm32f4xx.c.obj
 .debug_macro   0x00000cd9      0x34e cmake/stm32cubemx/CMakeFiles/STM32_Drivers.dir/__/__/Core/Src/system_stm32f4xx.c.obj
 .debug_macro   0x00001027       0x1c cmake/stm32cubemx/CMakeFiles/STM32_Drivers.dir/__/__/Core/Src/system_stm32f4xx.c.obj
 .debug_macro   0x00001043       0x22 cmake/stm32cubemx/CMakeFiles/STM32_Drivers.dir/__/__/Core/Src/system_stm32f4xx.c.obj
 .debug_macro   0x00001065       0xfb cmake/stm32cubemx/CMakeFiles/STM32_Drivers.dir/__/__/Core/Src/system_stm32f4xx.c.obj
 .debug_macro   0x00001160     0x1011 cmake/stm32cubemx/CMakeFiles/STM32_Drivers.dir/__/__/Core/Src/system_stm32f4xx.c.obj
 .debug_macro   0x00002171      0x11f cmake/stm32cubemx/CMakeFiles/STM32_Drivers.dir/__/__/Core/Src/system_stm32f4xx.c.obj
 .debug_macro   0x00002290    0x1426d cmake/stm32cubemx/CMakeFiles/STM32_Drivers.dir/__/__/Core/Src/system_stm32f4xx.c.obj
 .debug_macro   0x000164fd       0x6d cmake/stm32cubemx/CMakeFiles/STM32_Drivers.dir/__/__/Core/Src/system_stm32f4xx.c.obj
 .debug_macro   0x0001656a      0x29b cmake/stm32cubemx/CMakeFiles/STM32_Drivers.dir/__/__/Core/Src/system_stm32f4xx.c.obj
 .debug_macro   0x00016805     0x368c cmake/stm32cubemx/CMakeFiles/STM32_Drivers.dir/__/__/Core/Src/system_stm32f4xx.c.obj
 .debug_macro   0x00019e91      0x190 cmake/stm32cubemx/CMakeFiles/STM32_Drivers.dir/__/__/Core/Src/system_stm32f4xx.c.obj
 .debug_macro   0x0001a021       0x5c cmake/stm32cubemx/CMakeFiles/STM32_Drivers.dir/__/__/Core/Src/system_stm32f4xx.c.obj
 .debug_macro   0x0001a07d      0x8bc cmake/stm32cubemx/CMakeFiles/STM32_Drivers.dir/__/__/Core/Src/system_stm32f4xx.c.obj
 .debug_macro   0x0001a939      0x9e9 cmake/stm32cubemx/CMakeFiles/STM32_Drivers.dir/__/__/Core/Src/system_stm32f4xx.c.obj
 .debug_macro   0x0001b322      0x115 cmake/stm32cubemx/CMakeFiles/STM32_Drivers.dir/__/__/Core/Src/system_stm32f4xx.c.obj
 .debug_macro   0x0001b437      0x130 cmake/stm32cubemx/CMakeFiles/STM32_Drivers.dir/__/__/Core/Src/system_stm32f4xx.c.obj
 .debug_macro   0x0001b567       0xa5 cmake/stm32cubemx/CMakeFiles/STM32_Drivers.dir/__/__/Core/Src/system_stm32f4xx.c.obj
 .debug_macro   0x0001b60c      0x174 cmake/stm32cubemx/CMakeFiles/STM32_Drivers.dir/__/__/Core/Src/system_stm32f4xx.c.obj
 .debug_macro   0x0001b780      0x287 cmake/stm32cubemx/CMakeFiles/STM32_Drivers.dir/__/__/Core/Src/system_stm32f4xx.c.obj
 .debug_macro   0x0001ba07       0x5f cmake/stm32cubemx/CMakeFiles/STM32_Drivers.dir/__/__/Core/Src/system_stm32f4xx.c.obj
 .debug_macro   0x0001ba66      0x236 cmake/stm32cubemx/CMakeFiles/STM32_Drivers.dir/__/__/Core/Src/system_stm32f4xx.c.obj
 .debug_macro   0x0001bc9c      0x12c cmake/stm32cubemx/CMakeFiles/STM32_Drivers.dir/__/__/Core/Src/system_stm32f4xx.c.obj
 .debug_macro   0x0001bdc8      0x21e cmake/stm32cubemx/CMakeFiles/STM32_Drivers.dir/__/__/Core/Src/system_stm32f4xx.c.obj
 .debug_macro   0x0001bfe6       0x2e cmake/stm32cubemx/CMakeFiles/STM32_Drivers.dir/__/__/Core/Src/system_stm32f4xx.c.obj
 .debug_macro   0x0001c014      0x127 cmake/stm32cubemx/CMakeFiles/STM32_Drivers.dir/__/__/Core/Src/system_stm32f4xx.c.obj
 .debug_macro   0x0001c13b       0x7e cmake/stm32cubemx/CMakeFiles/STM32_Drivers.dir/__/__/Core/Src/system_stm32f4xx.c.obj
 .debug_macro   0x0001c1b9       0x89 cmake/stm32cubemx/CMakeFiles/STM32_Drivers.dir/__/__/Core/Src/system_stm32f4xx.c.obj
 .debug_macro   0x0001c242      0x868 cmake/stm32cubemx/CMakeFiles/STM32_Drivers.dir/__/__/Core/Src/system_stm32f4xx.c.obj
 .debug_macro   0x0001caaa      0x1d5 cmake/stm32cubemx/CMakeFiles/STM32_Drivers.dir/__/__/Core/Src/system_stm32f4xx.c.obj
 .debug_macro   0x0001cc7f      0x293 cmake/stm32cubemx/CMakeFiles/STM32_Drivers.dir/__/__/Core/Src/system_stm32f4xx.c.obj
 .debug_macro   0x0001cf12       0xba cmake/stm32cubemx/CMakeFiles/STM32_Drivers.dir/__/__/Core/Src/system_stm32f4xx.c.obj
 .debug_macro   0x0001cfcc      0x12d cmake/stm32cubemx/CMakeFiles/STM32_Drivers.dir/__/__/Core/Src/system_stm32f4xx.c.obj
 .debug_macro   0x0001d0f9      0x1a5 cmake/stm32cubemx/CMakeFiles/STM32_Drivers.dir/__/__/Drivers/STM32F4xx_HAL_Driver/Src/stm32f4xx_ll_sdmmc.c.obj
 .debug_macro   0x0001d29e      0x1a5 cmake/stm32cubemx/CMakeFiles/STM32_Drivers.dir/__/__/Drivers/STM32F4xx_HAL_Driver/Src/stm32f4xx_hal_sd.c.obj
 .debug_macro   0x0001d443      0x1c8 cmake/stm32cubemx/CMakeFiles/STM32_Drivers.dir/__/__/Drivers/STM32F4xx_HAL_Driver/Src/stm32f4xx_hal_rcc.c.obj
 .debug_macro   0x0001d60b      0x1aa cmake/stm32cubemx/CMakeFiles/STM32_Drivers.dir/__/__/Drivers/STM32F4xx_HAL_Driver/Src/stm32f4xx_hal_gpio.c.obj
 .debug_macro   0x0001d7b5      0x1a4 cmake/stm32cubemx/CMakeFiles/STM32_Drivers.dir/__/__/Drivers/STM32F4xx_HAL_Driver/Src/stm32f4xx_hal_cortex.c.obj
 .debug_macro   0x0001d959      0x204 cmake/stm32cubemx/CMakeFiles/STM32_Drivers.dir/__/__/Drivers/STM32F4xx_HAL_Driver/Src/stm32f4xx_hal.c.obj
 .debug_macro   0x0001db5d      0x1b0 cmake/stm32cubemx/CMakeFiles/STM32_Drivers.dir/__/__/Drivers/STM32F4xx_HAL_Driver/Src/stm32f4xx_hal_pcd.c.obj
 .debug_macro   0x0001dd0d      0x1a4 cmake/stm32cubemx/CMakeFiles/STM32_Drivers.dir/__/__/Drivers/STM32F4xx_HAL_Driver/Src/stm32f4xx_ll_usb.c.obj
 .debug_macro   0x0001deb1      0x888 CMakeFiles/Platypus.dir/Core/Src/main.cpp.obj
 .debug_macro   0x0001e739      0xc1c CMakeFiles/Platypus.dir/Core/Src/main.cpp.obj
 .debug_macro   0x0001f355     0x1011 CMakeFiles/Platypus.dir/Core/Src/main.cpp.obj
 .debug_macro   0x00020366      0x197 CMakeFiles/Platypus.dir/Core/Src/main.cpp.obj
 .debug_macro   0x000204fd       0x10 CMakeFiles/Platypus.dir/Core/Src/main.cpp.obj
 .debug_macro   0x0002050d      0x1f2 CMakeFiles/Platypus.dir/Core/Src/main.cpp.obj
 .debug_macro   0x000206ff       0x10 CMakeFiles/Platypus.dir/Core/Src/main.cpp.obj
 .debug_macro   0x0002070f       0xc1 CMakeFiles/Platypus.dir/Core/Src/main.cpp.obj
 .debug_macro   0x000207d0       0xed CMakeFiles/Platypus.dir/Core/Src/main.cpp.obj
 .debug_macro   0x000208bd      0x4b1 CMakeFiles/Platypus.dir/Core/Src/main.cpp.obj
 .debug_macro   0x00020d6e       0x22 CMakeFiles/Platypus.dir/Core/Src/main.cpp.obj
 .debug_macro   0x00020d90       0x60 CMakeFiles/Platypus.dir/Core/Src/main.cpp.obj
 .debug_macro   0x00020df0       0x2a CMakeFiles/Platypus.dir/Core/Src/main.cpp.obj
 .debug_macro   0x00020e1a       0x94 CMakeFiles/Platypus.dir/Core/Src/main.cpp.obj
 .debug_macro   0x00020eae       0x3c CMakeFiles/Platypus.dir/Core/Src/main.cpp.obj
 .debug_macro   0x00020eea       0x34 CMakeFiles/Platypus.dir/Core/Src/main.cpp.obj
 .debug_macro   0x00020f1e       0x57 CMakeFiles/Platypus.dir/Core/Src/main.cpp.obj
 .debug_macro   0x00020f75      0x380 CMakeFiles/Platypus.dir/Core/Src/main.cpp.obj
 .debug_macro   0x000212f5       0x16 CMakeFiles/Platypus.dir/Core/Src/main.cpp.obj
 .debug_macro   0x0002130b       0x4a CMakeFiles/Platypus.dir/Core/Src/main.cpp.obj
 .debug_macro   0x00021355       0x34 CMakeFiles/Platypus.dir/Core/Src/main.cpp.obj
 .debug_macro   0x00021389       0x10 CMakeFiles/Platypus.dir/Core/Src/main.cpp.obj
 .debug_macro   0x00021399       0x52 CMakeFiles/Platypus.dir/Core/Src/main.cpp.obj
 .debug_macro   0x000213eb      0x1e5 CMakeFiles/Platypus.dir/Core/Src/main.cpp.obj
 .debug_macro   0x000215d0       0x1c CMakeFiles/Platypus.dir/Core/Src/main.cpp.obj
 .debug_macro   0x000215ec       0x43 CMakeFiles/Platypus.dir/Core/Src/main.cpp.obj
 .debug_macro   0x0002162f       0x10 CMakeFiles/Platypus.dir/Core/Src/main.cpp.obj
 .debug_macro   0x0002163f       0x10 CMakeFiles/Platypus.dir/Core/Src/main.cpp.obj
 .debug_macro   0x0002164f       0x33 CMakeFiles/Platypus.dir/Core/Src/main.cpp.obj
 .debug_macro   0x00021682      0x173 CMakeFiles/Platypus.dir/Core/Src/main.cpp.obj
 .debug_macro   0x000217f5      0x711 CMakeFiles/Platypus.dir/Core/Src/main.cpp.obj
 .debug_macro   0x00021f06       0x1c CMakeFiles/Platypus.dir/Core/Src/main.cpp.obj
 .debug_macro   0x00021f22       0x10 CMakeFiles/Platypus.dir/Core/Src/main.cpp.obj
 .debug_macro   0x00021f32      0x705 CMakeFiles/Platypus.dir/Core/Src/main.cpp.obj
 .debug_macro   0x00022637       0x1c CMakeFiles/Platypus.dir/Core/Src/main.cpp.obj
 .debug_macro   0x00022653      0x713 CMakeFiles/Platypus.dir/Core/Src/main.cpp.obj
 .debug_macro   0x00022d66       0x94 CMakeFiles/Platypus.dir/Core/Src/main.cpp.obj
 .debug_macro   0x00022dfa      0x74f CMakeFiles/Platypus.dir/Core/Src/main.cpp.obj
 .debug_macro   0x00023549       0x19 CMakeFiles/Platypus.dir/Core/Src/main.cpp.obj
 .debug_macro   0x00023562       0x11 CMakeFiles/Platypus.dir/Core/Src/main.cpp.obj
 .debug_macro   0x00023573       0x3c CMakeFiles/Platypus.dir/Core/Src/main.cpp.obj
 .debug_macro   0x000235af       0x5e CMakeFiles/Platypus.dir/Core/Src/main.cpp.obj
 .debug_macro   0x0002360d       0x16 CMakeFiles/Platypus.dir/Core/Src/main.cpp.obj
 .debug_macro   0x00023623       0x52 CMakeFiles/Platypus.dir/Core/Src/main.cpp.obj
 .debug_macro   0x00023675       0x5e CMakeFiles/Platypus.dir/Core/Src/main.cpp.obj
 .debug_macro   0x000236d3       0x11 CMakeFiles/Platypus.dir/Core/Src/main.cpp.obj
 .debug_macro   0x000236e4       0x2f CMakeFiles/Platypus.dir/Core/Src/main.cpp.obj
 .debug_macro   0x00023713       0x16 CMakeFiles/Platypus.dir/Core/Src/main.cpp.obj
 .debug_macro   0x00023729       0x2c CMakeFiles/Platypus.dir/Core/Src/main.cpp.obj
 .debug_macro   0x00023755       0x18 CMakeFiles/Platypus.dir/Core/Src/main.cpp.obj
 .debug_macro   0x0002376d       0x28 CMakeFiles/Platypus.dir/Core/Src/main.cpp.obj
 .debug_macro   0x00023795       0x2e CMakeFiles/Platypus.dir/Core/Src/main.cpp.obj
 .debug_macro   0x000237c3       0x12 CMakeFiles/Platypus.dir/Core/Src/main.cpp.obj
 .debug_macro   0x000237d5       0x4f CMakeFiles/Platypus.dir/Core/Src/main.cpp.obj
 .debug_macro   0x00023824       0x20 CMakeFiles/Platypus.dir/Core/Src/main.cpp.obj
 .debug_macro   0x00023844       0x88 CMakeFiles/Platypus.dir/Core/Src/main.cpp.obj
 .debug_macro   0x000238cc       0x10 CMakeFiles/Platypus.dir/Core/Src/main.cpp.obj
 .debug_macro   0x000238dc      0x69f CMakeFiles/Platypus.dir/Core/Src/main.cpp.obj
 .debug_macro   0x00023f7b       0x22 CMakeFiles/Platypus.dir/Core/Src/main.cpp.obj
 .debug_macro   0x00023f9d       0x12 CMakeFiles/Platypus.dir/Core/Src/main.cpp.obj
 .debug_macro   0x00023faf       0x1c CMakeFiles/Platypus.dir/Core/Src/main.cpp.obj
 .debug_macro   0x00023fcb       0x2e CMakeFiles/Platypus.dir/Core/Src/main.cpp.obj
 .debug_macro   0x00023ff9      0x6ad CMakeFiles/Platypus.dir/Core/Src/main.cpp.obj
 .debug_macro   0x000246a6       0x17 CMakeFiles/Platypus.dir/Core/Src/main.cpp.obj
 .debug_macro   0x000246bd      0x691 CMakeFiles/Platypus.dir/Core/Src/main.cpp.obj
 .debug_macro   0x00024d4e       0x10 CMakeFiles/Platypus.dir/Core/Src/main.cpp.obj
 .debug_macro   0x00024d5e       0x16 CMakeFiles/Platypus.dir/Core/Src/main.cpp.obj
 .debug_macro   0x00024d74       0x16 CMakeFiles/Platypus.dir/Core/Src/main.cpp.obj
 .debug_macro   0x00024d8a       0x29 CMakeFiles/Platypus.dir/Core/Src/main.cpp.obj
 .debug_macro   0x00024db3       0x10 CMakeFiles/Platypus.dir/Core/Src/main.cpp.obj
 .debug_macro   0x00024dc3       0x10 CMakeFiles/Platypus.dir/Core/Src/main.cpp.obj
 .debug_macro   0x00024dd3       0xde CMakeFiles/Platypus.dir/Core/Src/main.cpp.obj
 .debug_macro   0x00024eb1       0x1c CMakeFiles/Platypus.dir/Core/Src/main.cpp.obj
 .debug_macro   0x00024ecd       0x10 CMakeFiles/Platypus.dir/Core/Src/main.cpp.obj
 .debug_macro   0x00024edd       0x16 CMakeFiles/Platypus.dir/Core/Src/main.cpp.obj
 .debug_macro   0x00024ef3      0x131 CMakeFiles/Platypus.dir/Core/Src/main.cpp.obj
 .debug_macro   0x00025024      0x11d CMakeFiles/Platypus.dir/Core/Src/main.cpp.obj
 .debug_macro   0x00025141       0x10 CMakeFiles/Platypus.dir/Core/Src/main.cpp.obj
 .debug_macro   0x00025151      0x242 CMakeFiles/Platypus.dir/Core/Src/main.cpp.obj
 .debug_macro   0x00025393       0x12 CMakeFiles/Platypus.dir/Core/Src/main.cpp.obj
 .debug_macro   0x000253a5       0x18 CMakeFiles/Platypus.dir/Core/Src/main.cpp.obj
 .debug_macro   0x000253bd       0x34 CMakeFiles/Platypus.dir/Core/Src/main.cpp.obj
 .debug_macro   0x000253f1      0x6ac CMakeFiles/Platypus.dir/Core/Src/main.cpp.obj
 .debug_macro   0x00025a9d       0x28 CMakeFiles/Platypus.dir/Core/Src/main.cpp.obj
 .debug_macro   0x00025ac5      0x67d CMakeFiles/Platypus.dir/Core/Src/main.cpp.obj
 .debug_macro   0x00026142      0x66f CMakeFiles/Platypus.dir/Core/Src/main.cpp.obj
 .debug_macro   0x000267b1       0x34 CMakeFiles/Platypus.dir/Core/Src/main.cpp.obj
 .debug_macro   0x000267e5      0x68b CMakeFiles/Platypus.dir/Core/Src/main.cpp.obj
 .debug_macro   0x00026e70       0x27 CMakeFiles/Platypus.dir/Core/Src/main.cpp.obj
 .debug_macro   0x00026e97       0x17 CMakeFiles/Platypus.dir/Core/Src/main.cpp.obj
 .debug_macro   0x00026eae       0x17 CMakeFiles/Platypus.dir/Core/Src/main.cpp.obj
 .debug_macro   0x00026ec5       0x10 CMakeFiles/Platypus.dir/Core/Src/main.cpp.obj
 .debug_macro   0x00026ed5       0x10 CMakeFiles/Platypus.dir/Core/Src/main.cpp.obj
 .debug_macro   0x00026ee5       0x76 CMakeFiles/Platypus.dir/Core/Src/main.cpp.obj
 .debug_macro   0x00026f5b       0x1c CMakeFiles/Platypus.dir/Core/Src/main.cpp.obj
 .debug_macro   0x00026f77      0x653 CMakeFiles/Platypus.dir/Core/Src/main.cpp.obj
 .debug_macro   0x000275ca      0x1bd CMakeFiles/Platypus.dir/Core/Src/stm32f4xx_it.c.obj
 .debug_macro   0x00027787      0x1b3 CMakeFiles/Platypus.dir/Core/Src/stm32f4xx_hal_msp.c.obj

.debug_line     0x00000000     0xad74
 .debug_line    0x00000000      0x5d0 cmake/stm32cubemx/CMakeFiles/STM32_Drivers.dir/__/__/Core/Src/system_stm32f4xx.c.obj
 .debug_line    0x000005d0      0xdbc cmake/stm32cubemx/CMakeFiles/STM32_Drivers.dir/__/__/Drivers/STM32F4xx_HAL_Driver/Src/stm32f4xx_ll_sdmmc.c.obj
 .debug_line    0x0000138c     0x1cc0 cmake/stm32cubemx/CMakeFiles/STM32_Drivers.dir/__/__/Drivers/STM32F4xx_HAL_Driver/Src/stm32f4xx_hal_sd.c.obj
 .debug_line    0x0000304c      0xc34 cmake/stm32cubemx/CMakeFiles/STM32_Drivers.dir/__/__/Drivers/STM32F4xx_HAL_Driver/Src/stm32f4xx_hal_rcc.c.obj
 .debug_line    0x00003c80      0x995 cmake/stm32cubemx/CMakeFiles/STM32_Drivers.dir/__/__/Drivers/STM32F4xx_HAL_Driver/Src/stm32f4xx_hal_gpio.c.obj
 .debug_line    0x00004615      0xae3 cmake/stm32cubemx/CMakeFiles/STM32_Drivers.dir/__/__/Drivers/STM32F4xx_HAL_Driver/Src/stm32f4xx_hal_cortex.c.obj
 .debug_line    0x000050f8      0x83d cmake/stm32cubemx/CMakeFiles/STM32_Drivers.dir/__/__/Drivers/STM32F4xx_HAL_Driver/Src/stm32f4xx_hal.c.obj
 .debug_line    0x00005935     0x127f cmake/stm32cubemx/CMakeFiles/STM32_Drivers.dir/__/__/Drivers/STM32F4xx_HAL_Driver/Src/stm32f4xx_hal_pcd.c.obj
 .debug_line    0x00006bb4     0x1b58 cmake/stm32cubemx/CMakeFiles/STM32_Drivers.dir/__/__/Drivers/STM32F4xx_HAL_Driver/Src/stm32f4xx_ll_usb.c.obj
 .debug_line    0x0000870c     0x10af CMakeFiles/Platypus.dir/Core/Src/main.cpp.obj
 .debug_line    0x000097bb      0x5fa CMakeFiles/Platypus.dir/Core/Src/stm32f4xx_it.c.obj
 .debug_line    0x00009db5      0x5fc CMakeFiles/Platypus.dir/Core/Src/stm32f4xx_hal_msp.c.obj
 .debug_line    0x0000a3b1       0x7a CMakeFiles/Platypus.dir/startup_stm32f405xx.s.obj
 .debug_line    0x0000a42b       0x4e /usr/lib/gcc/arm-none-eabi/14.2.1/thumb/v7e-m+fp/hard/libgcc.a(_aeabi_uldivmod.o)
 .debug_line    0x0000a479      0x5d9 /usr/lib/gcc/arm-none-eabi/14.2.1/thumb/v7e-m+fp/hard/libgcc.a(_udivmoddi4.o)
 .debug_line    0x0000aa52       0x4a /usr/lib/gcc/arm-none-eabi/14.2.1/thumb/v7e-m+fp/hard/libgcc.a(_dvmd_tls.o)
 .debug_line    0x0000aa9c      0x11e /usr/lib/gcc/arm-none-eabi/14.2.1/../../../arm-none-eabi/lib/thumb/v7e-m+fp/hard/libg_nano.a(libc_a-init.o)
 .debug_line    0x0000abba      0x1ba /usr/lib/gcc/arm-none-eabi/14.2.1/../../../arm-none-eabi/lib/thumb/v7e-m+fp/hard/libg_nano.a(libc_a-memset.o)

.debug_str      0x00000000    0xcb2bc
 .debug_str     0x00000000    0xcb2bc cmake/stm32cubemx/CMakeFiles/STM32_Drivers.dir/__/__/Core/Src/system_stm32f4xx.c.obj
                              0xb5a62 (size before relaxing)
 .debug_str     0x000cb2bc    0xb5ed3 cmake/stm32cubemx/CMakeFiles/STM32_Drivers.dir/__/__/Drivers/STM32F4xx_HAL_Driver/Src/stm32f4xx_ll_sdmmc.c.obj
 .debug_str     0x000cb2bc    0xb67c5 cmake/stm32cubemx/CMakeFiles/STM32_Drivers.dir/__/__/Drivers/STM32F4xx_HAL_Driver/Src/stm32f4xx_hal_sd.c.obj
 .debug_str     0x000cb2bc    0xb5e80 cmake/stm32cubemx/CMakeFiles/STM32_Drivers.dir/__/__/Drivers/STM32F4xx_HAL_Driver/Src/stm32f4xx_hal_rcc.c.obj
 .debug_str     0x000cb2bc    0xb5bd2 cmake/stm32cubemx/CMakeFiles/STM32_Drivers.dir/__/__/Drivers/STM32F4xx_HAL_Driver/Src/stm32f4xx_hal_gpio.c.obj
 .debug_str     0x000cb2bc    0xb6305 cmake/stm32cubemx/CMakeFiles/STM32_Drivers.dir/__/__/Drivers/STM32F4xx_HAL_Driver/Src/stm32f4xx_hal_cortex.c.obj
 .debug_str     0x000cb2bc    0xb65cf cmake/stm32cubemx/CMakeFiles/STM32_Drivers.dir/__/__/Drivers/STM32F4xx_HAL_Driver/Src/stm32f4xx_hal.c.obj
 .debug_str     0x000cb2bc    0xb6535 cmake/stm32cubemx/CMakeFiles/STM32_Drivers.dir/__/__/Drivers/STM32F4xx_HAL_Driver/Src/stm32f4xx_hal_pcd.c.obj
 .debug_str     0x000cb2bc    0xb6410 cmake/stm32cubemx/CMakeFiles/STM32_Drivers.dir/__/__/Drivers/STM32F4xx_HAL_Driver/Src/stm32f4xx_ll_usb.c.obj
 .debug_str     0x000cb2bc    0xc835d CMakeFiles/Platypus.dir/Core/Src/main.cpp.obj
 .debug_str     0x000cb2bc    0xb5989 CMakeFiles/Platypus.dir/Core/Src/stm32f4xx_it.c.obj
 .debug_str     0x000cb2bc    0xb62d7 CMakeFiles/Platypus.dir/Core/Src/stm32f4xx_hal_msp.c.obj
 .debug_str     0x000cb2bc       0x90 CMakeFiles/Platypus.dir/startup_stm32f405xx.s.obj
 .debug_str     0x000cb2bc       0x9f /usr/lib/gcc/arm-none-eabi/14.2.1/thumb/v7e-m+fp/hard/libgcc.a(_aeabi_uldivmod.o)
 .debug_str     0x000cb2bc      0x67e /usr/lib/gcc/arm-none-eabi/14.2.1/thumb/v7e-m+fp/hard/libgcc.a(_udivmoddi4.o)
 .debug_str     0x000cb2bc       0xbf /usr/lib/gcc/arm-none-eabi/14.2.1/thumb/v7e-m+fp/hard/libgcc.a(_dvmd_tls.o)
 .debug_str     0x000cb2bc      0x1fe /usr/lib/gcc/arm-none-eabi/14.2.1/../../../arm-none-eabi/lib/thumb/v7e-m+fp/hard/libg_nano.a(libc_a-init.o)
 .debug_str     0x000cb2bc      0x1b1 /usr/lib/gcc/arm-none-eabi/14.2.1/../../../arm-none-eabi/lib/thumb/v7e-m+fp/hard/libg_nano.a(libc_a-memset.o)

.debug_frame    0x00000000     0x2a3c
 .debug_frame   0x00000000       0x58 cmake/stm32cubemx/CMakeFiles/STM32_Drivers.dir/__/__/Core/Src/system_stm32f4xx.c.obj
 .debug_frame   0x00000058      0x6d0 cmake/stm32cubemx/CMakeFiles/STM32_Drivers.dir/__/__/Drivers/STM32F4xx_HAL_Driver/Src/stm32f4xx_ll_sdmmc.c.obj
 .debug_frame   0x00000728      0x650 cmake/stm32cubemx/CMakeFiles/STM32_Drivers.dir/__/__/Drivers/STM32F4xx_HAL_Driver/Src/stm32f4xx_hal_sd.c.obj
 .debug_frame   0x00000d78      0x1f4 cmake/stm32cubemx/CMakeFiles/STM32_Drivers.dir/__/__/Drivers/STM32F4xx_HAL_Driver/Src/stm32f4xx_hal_rcc.c.obj
 .debug_frame   0x00000f6c      0x14c cmake/stm32cubemx/CMakeFiles/STM32_Drivers.dir/__/__/Drivers/STM32F4xx_HAL_Driver/Src/stm32f4xx_hal_gpio.c.obj
 .debug_frame   0x000010b8      0x4b8 cmake/stm32cubemx/CMakeFiles/STM32_Drivers.dir/__/__/Drivers/STM32F4xx_HAL_Driver/Src/stm32f4xx_hal_cortex.c.obj
 .debug_frame   0x00001570      0x374 cmake/stm32cubemx/CMakeFiles/STM32_Drivers.dir/__/__/Drivers/STM32F4xx_HAL_Driver/Src/stm32f4xx_hal.c.obj
 .debug_frame   0x000018e4      0x5b8 cmake/stm32cubemx/CMakeFiles/STM32_Drivers.dir/__/__/Drivers/STM32F4xx_HAL_Driver/Src/stm32f4xx_hal_pcd.c.obj
 .debug_frame   0x00001e9c      0x7c0 cmake/stm32cubemx/CMakeFiles/STM32_Drivers.dir/__/__/Drivers/STM32F4xx_HAL_Driver/Src/stm32f4xx_ll_usb.c.obj
 .debug_frame   0x0000265c      0x15c CMakeFiles/Platypus.dir/Core/Src/main.cpp.obj
 .debug_frame   0x000027b8      0x104 CMakeFiles/Platypus.dir/Core/Src/stm32f4xx_it.c.obj
 .debug_frame   0x000028bc       0xc8 CMakeFiles/Platypus.dir/Core/Src/stm32f4xx_hal_msp.c.obj
 .debug_frame   0x00002984       0x2c /usr/lib/gcc/arm-none-eabi/14.2.1/thumb/v7e-m+fp/hard/libgcc.a(_aeabi_uldivmod.o)
 .debug_frame   0x000029b0       0x34 /usr/lib/gcc/arm-none-eabi/14.2.1/thumb/v7e-m+fp/hard/libgcc.a(_udivmoddi4.o)
 .debug_frame   0x000029e4       0x2c /usr/lib/gcc/arm-none-eabi/14.2.1/../../../arm-none-eabi/lib/thumb/v7e-m+fp/hard/libg_nano.a(libc_a-init.o)
 .debug_frame   0x00002a10       0x2c /usr/lib/gcc/arm-none-eabi/14.2.1/../../../arm-none-eabi/lib/thumb/v7e-m+fp/hard/libg_nano.a(libc_a-memset.o)

.debug_line_str
                0x00000000      0x112
 .debug_line_str
                0x00000000      0x112 CMakeFiles/Platypus.dir/startup_stm32f405xx.s.obj
                                 0x76 (size before relaxing)
 .debug_line_str
                0x00000112       0x90 /usr/lib/gcc/arm-none-eabi/14.2.1/thumb/v7e-m+fp/hard/libgcc.a(_aeabi_uldivmod.o)
 .debug_line_str
                0x00000112       0x94 /usr/lib/gcc/arm-none-eabi/14.2.1/thumb/v7e-m+fp/hard/libgcc.a(_dvmd_tls.o)

.debug_loclists
                0x00000000      0xcf2
 .debug_loclists
                0x00000000      0xacb /usr/lib/gcc/arm-none-eabi/14.2.1/thumb/v7e-m+fp/hard/libgcc.a(_udivmoddi4.o)
 .debug_loclists
                0x00000acb       0x65 /usr/lib/gcc/arm-none-eabi/14.2.1/../../../arm-none-eabi/lib/thumb/v7e-m+fp/hard/libg_nano.a(libc_a-init.o)
 .debug_loclists
                0x00000b30      0x1c2 /usr/lib/gcc/arm-none-eabi/14.2.1/../../../arm-none-eabi/lib/thumb/v7e-m+fp/hard/libg_nano.a(libc_a-memset.o)
