Archive member included to satisfy reference by file (symbol)

/usr/lib/gcc/arm-none-eabi/14.2.1/thumb/v7e-m+fp/hard/libgcc.a(_aeabi_uldivmod.o)
                              cmake/stm32cubemx/CMakeFiles/STM32_Drivers.dir/__/__/Drivers/STM32F4xx_HAL_Driver/Src/stm32f4xx_hal_rcc.c.obj (__aeabi_uldivmod)
/usr/lib/gcc/arm-none-eabi/14.2.1/thumb/v7e-m+fp/hard/libgcc.a(_udivmoddi4.o)
                              /usr/lib/gcc/arm-none-eabi/14.2.1/thumb/v7e-m+fp/hard/libgcc.a(_aeabi_uldivmod.o) (__udivmoddi4)
/usr/lib/gcc/arm-none-eabi/14.2.1/thumb/v7e-m+fp/hard/libgcc.a(_dvmd_tls.o)
                              /usr/lib/gcc/arm-none-eabi/14.2.1/thumb/v7e-m+fp/hard/libgcc.a(_aeabi_uldivmod.o) (__aeabi_ldiv0)
/usr/lib/gcc/arm-none-eabi/14.2.1/../../../arm-none-eabi/lib/thumb/v7e-m+fp/hard/libg_nano.a(libc_a-errno.o)
                              CMakeFiles/Platypus.dir/Core/Src/sysmem.c.obj (__errno)
/usr/lib/gcc/arm-none-eabi/14.2.1/../../../arm-none-eabi/lib/thumb/v7e-m+fp/hard/libg_nano.a(libc_a-init.o)
                              /usr/lib/gcc/arm-none-eabi/14.2.1/../../../arm-none-eabi/lib/thumb/v7e-m+fp/hard/crt0.o (__libc_init_array)
/usr/lib/gcc/arm-none-eabi/14.2.1/../../../arm-none-eabi/lib/thumb/v7e-m+fp/hard/libg_nano.a(libc_a-memset.o)
                              /usr/lib/gcc/arm-none-eabi/14.2.1/../../../arm-none-eabi/lib/thumb/v7e-m+fp/hard/crt0.o (memset)
/usr/lib/gcc/arm-none-eabi/14.2.1/../../../arm-none-eabi/lib/thumb/v7e-m+fp/hard/libg_nano.a(libc_a-impure.o)
                              /usr/lib/gcc/arm-none-eabi/14.2.1/../../../arm-none-eabi/lib/thumb/v7e-m+fp/hard/libg_nano.a(libc_a-errno.o) (_impure_ptr)
/usr/lib/gcc/arm-none-eabi/14.2.1/../../../arm-none-eabi/lib/thumb/v7e-m+fp/hard/libg_nano.a(libc_a-exit.o)
                              /usr/lib/gcc/arm-none-eabi/14.2.1/../../../arm-none-eabi/lib/thumb/v7e-m+fp/hard/crt0.o (exit)
/usr/lib/gcc/arm-none-eabi/14.2.1/../../../arm-none-eabi/lib/thumb/v7e-m+fp/hard/libg_nano.a(libc_a-atexit.o)
                              /usr/lib/gcc/arm-none-eabi/14.2.1/../../../arm-none-eabi/lib/thumb/v7e-m+fp/hard/crt0.o (atexit)
/usr/lib/gcc/arm-none-eabi/14.2.1/../../../arm-none-eabi/lib/thumb/v7e-m+fp/hard/libg_nano.a(libc_a-fini.o)
                              /usr/lib/gcc/arm-none-eabi/14.2.1/../../../arm-none-eabi/lib/thumb/v7e-m+fp/hard/crt0.o (__libc_fini_array)
/usr/lib/gcc/arm-none-eabi/14.2.1/../../../arm-none-eabi/lib/thumb/v7e-m+fp/hard/libg_nano.a(libc_a-findfp.o)
                              /usr/lib/gcc/arm-none-eabi/14.2.1/../../../arm-none-eabi/lib/thumb/v7e-m+fp/hard/libg_nano.a(libc_a-exit.o) (__stdio_exit_handler)
/usr/lib/gcc/arm-none-eabi/14.2.1/../../../arm-none-eabi/lib/thumb/v7e-m+fp/hard/libg_nano.a(libc_a-fflush.o)
                              /usr/lib/gcc/arm-none-eabi/14.2.1/../../../arm-none-eabi/lib/thumb/v7e-m+fp/hard/libg_nano.a(libc_a-findfp.o) (_fflush_r)
/usr/lib/gcc/arm-none-eabi/14.2.1/../../../arm-none-eabi/lib/thumb/v7e-m+fp/hard/libg_nano.a(libc_a-mallocr.o)
                              /usr/lib/gcc/arm-none-eabi/14.2.1/../../../arm-none-eabi/lib/thumb/v7e-m+fp/hard/libg_nano.a(libc_a-findfp.o) (_malloc_r)
/usr/lib/gcc/arm-none-eabi/14.2.1/../../../arm-none-eabi/lib/thumb/v7e-m+fp/hard/libg_nano.a(libc_a-freer.o)
                              /usr/lib/gcc/arm-none-eabi/14.2.1/../../../arm-none-eabi/lib/thumb/v7e-m+fp/hard/libg_nano.a(libc_a-fflush.o) (_free_r)
/usr/lib/gcc/arm-none-eabi/14.2.1/../../../arm-none-eabi/lib/thumb/v7e-m+fp/hard/libg_nano.a(libc_a-fwalk.o)
                              /usr/lib/gcc/arm-none-eabi/14.2.1/../../../arm-none-eabi/lib/thumb/v7e-m+fp/hard/libg_nano.a(libc_a-findfp.o) (_fwalk_sglue)
/usr/lib/gcc/arm-none-eabi/14.2.1/../../../arm-none-eabi/lib/thumb/v7e-m+fp/hard/libg_nano.a(libc_a-__atexit.o)
                              /usr/lib/gcc/arm-none-eabi/14.2.1/../../../arm-none-eabi/lib/thumb/v7e-m+fp/hard/libg_nano.a(libc_a-atexit.o) (__register_exitproc)
/usr/lib/gcc/arm-none-eabi/14.2.1/../../../arm-none-eabi/lib/thumb/v7e-m+fp/hard/libg_nano.a(libc_a-mlock.o)
                              /usr/lib/gcc/arm-none-eabi/14.2.1/../../../arm-none-eabi/lib/thumb/v7e-m+fp/hard/libg_nano.a(libc_a-mallocr.o) (__malloc_lock)
/usr/lib/gcc/arm-none-eabi/14.2.1/../../../arm-none-eabi/lib/thumb/v7e-m+fp/hard/libg_nano.a(libc_a-sbrkr.o)
                              /usr/lib/gcc/arm-none-eabi/14.2.1/../../../arm-none-eabi/lib/thumb/v7e-m+fp/hard/libg_nano.a(libc_a-mallocr.o) (_sbrk_r)
/usr/lib/gcc/arm-none-eabi/14.2.1/../../../arm-none-eabi/lib/thumb/v7e-m+fp/hard/libg_nano.a(libc_a-stdio.o)
                              /usr/lib/gcc/arm-none-eabi/14.2.1/../../../arm-none-eabi/lib/thumb/v7e-m+fp/hard/libg_nano.a(libc_a-findfp.o) (__sread)
/usr/lib/gcc/arm-none-eabi/14.2.1/../../../arm-none-eabi/lib/thumb/v7e-m+fp/hard/libg_nano.a(libc_a-readr.o)
[...]
Memory Configuration

Name             Origin             Length             Attributes
RAM              0x20000000         0x00020000         xrw
CCMRAM           0x10000000         0x00010000         xrw
FLASH            0x08000000         0x00100000         xr
*default*        0x00000000         0xffffffff

Linker script and memory map

LOAD /usr/lib/gcc/arm-none-eabi/14.2.1/thumb/v7e-m+fp/hard/crti.o
LOAD /usr/lib/gcc/arm-none-eabi/14.2.1/thumb/v7e-m+fp/hard/crtbegin.o
LOAD /usr/lib/gcc/arm-none-eabi/14.2.1/../../../arm-none-eabi/lib/thumb/v7e-m+fp/hard/crt0.o
LOAD CMakeFiles/Platypus.dir/Core/Src/main.cpp.obj
LOAD CMakeFiles/Platypus.dir/Core/Src/stm32f4xx_it.c.obj
LOAD CMakeFiles/Platypus.dir/Core/Src/stm32f4xx_hal_msp.c.obj
LOAD CMakeFiles/Platypus.dir/Core/Src/sysmem.c.obj
LOAD CMakeFiles/Platypus.dir/Core/Src/syscalls.c.obj
LOAD CMakeFiles/Platypus.dir/startup_stm32f405xx.s.obj
LOAD cmake/stm32cubemx/CMakeFiles/STM32_Drivers.dir/__/__/Core/Src/system_stm32f4xx.c.obj
LOAD cmake/stm32cubemx/CMakeFiles/STM32_Drivers.dir/__/__/Drivers/STM32F4xx_HAL_Driver/Src/stm32f4xx_ll_sdmmc.c.obj
LOAD cmake/stm32cubemx/CMakeFiles/STM32_Drivers.dir/__/__/Drivers/STM32F4xx_HAL_Driver/Src/stm32f4xx_hal_sd.c.obj
LOAD cmake/stm32cubemx/CMakeFiles/STM32_Drivers.dir/__/__/Drivers/STM32F4xx_HAL_Driver/Src/stm32f4xx_hal_mmc.c.obj
LOAD cmake/stm32cubemx/CMakeFiles/STM32_Drivers.dir/__/__/Drivers/STM32F4xx_HAL_Driver/Src/stm32f4xx_hal_rcc.c.obj
LOAD cmake/stm32cubemx/CMakeFiles/STM32_Drivers.dir/__/__/Drivers/STM32F4xx_HAL_Driver/Src/stm32f4xx_hal_rcc_ex.c.obj
LOAD cmake/stm32cubemx/CMakeFiles/STM32_Drivers.dir/__/__/Drivers/STM32F4xx_HAL_Driver/Src/stm32f4xx_hal_flash.c.obj
LOAD cmake/stm32cubemx/CMakeFiles/STM32_Drivers.dir/__/__/Drivers/STM32F4xx_HAL_Driver/Src/stm32f4xx_hal_flash_ex.c.obj
LOAD cmake/stm32cubemx/CMakeFiles/STM32_Drivers.dir/__/__/Drivers/STM32F4xx_HAL_Driver/Src/stm32f4xx_hal_flash_ramfunc.c.obj
LOAD cmake/stm32cubemx/CMakeFiles/STM32_Drivers.dir/__/__/Drivers/STM32F4xx_HAL_Driver/Src/stm32f4xx_hal_gpio.c.obj
LOAD cmake/stm32cubemx/CMakeFiles/STM32_Drivers.dir/__/__/Drivers/STM32F4xx_HAL_Driver/Src/stm32f4xx_hal_dma_ex.c.obj
LOAD cmake/stm32cubemx/CMakeFiles/STM32_Drivers.dir/__/__/Drivers/STM32F4xx_HAL_Driver/Src/stm32f4xx_hal_dma.c.obj
LOAD cmake/stm32cubemx/CMakeFiles/STM32_Drivers.dir/__/__/Drivers/STM32F4xx_HAL_Driver/Src/stm32f4xx_hal_pwr.c.obj
LOAD cmake/stm32cubemx/CMakeFiles/STM32_Drivers.dir/__/__/Drivers/STM32F4xx_HAL_Driver/Src/stm32f4xx_hal_pwr_ex.c.obj
LOAD cmake/stm32cubemx/CMakeFiles/STM32_Drivers.dir/__/__/Drivers/STM32F4xx_HAL_Driver/Src/stm32f4xx_hal_cortex.c.obj
LOAD cmake/stm32cubemx/CMakeFiles/STM32_Drivers.dir/__/__/Drivers/STM32F4xx_HAL_Driver/Src/stm32f4xx_hal.c.obj
LOAD cmake/stm32cubemx/CMakeFiles/STM32_Drivers.dir/__/__/Drivers/STM32F4xx_HAL_Driver/Src/stm32f4xx_hal_exti.c.obj
LOAD cmake/stm32cubemx/CMakeFiles/STM32_Drivers.dir/__/__/Drivers/STM32F4xx_HAL_Driver/Src/stm32f4xx_hal_pcd.c.obj
LOAD cmake/stm32cubemx/CMakeFiles/STM32_Drivers.dir/__/__/Drivers/STM32F4xx_HAL_Driver/Src/stm32f4xx_hal_pcd_ex.c.obj
LOAD cmake/stm32cubemx/CMakeFiles/STM32_Drivers.dir/__/__/Drivers/STM32F4xx_HAL_Driver/Src/stm32f4xx_ll_usb.c.obj
LOAD Core/Lib/Debug/libdebug_options.a
LOAD /usr/lib/gcc/arm-none-eabi/14.2.1/../../../arm-none-eabi/lib/thumb/v7e-m+fp/hard/libstdc++_nano.a
LOAD /usr/lib/gcc/arm-none-eabi/14.2.1/../../../arm-none-eabi/lib/thumb/v7e-m+fp/hard/libm.a
START GROUP
LOAD /usr/lib/gcc/arm-none-eabi/14.2.1/thumb/v7e-m+fp/hard/libgcc.a
LOAD /usr/lib/gcc/arm-none-eabi/14.2.1/../../../arm-none-eabi/lib/thumb/v7e-m+fp/hard/libg_nano.a
LOAD /usr/lib/gcc/arm-none-eabi/14.2.1/../../../arm-none-eabi/lib/thumb/v7e-m+fp/hard/libc_nano.a
END GROUP
START GROUP
LOAD /usr/lib/gcc/arm-none-eabi/14.2.1/thumb/v7e-m+fp/hard/libgcc.a
LOAD /usr/lib/gcc/arm-none-eabi/14.2.1/../../../arm-none-eabi/lib/thumb/v7e-m+fp/hard/libc_nano.a
END GROUP
LOAD /usr/lib/gcc/arm-none-eabi/14.2.1/thumb/v7e-m+fp/hard/crtend.o
LOAD /usr/lib/gcc/arm-none-eabi/14.2.1/thumb/v7e-m+fp/hard/crtn.o
                0x20020000                        _estack = (ORIGIN (RAM) + LENGTH (RAM))
                0x00000200                        _Min_Heap_Size = 0x200
                0x00000400                        _Min_Stack_Size = 0x400

.isr_vector     0x08000000      0x188
                0x08000000                        . = ALIGN (0x4)
 *(.isr_vector)
 .isr_vector    0x08000000      0x188 CMakeFiles/Platypus.dir/startup_stm32f405xx.s.obj
                0x08000000                g_pfnVectors
                0x08000188                        . = ALIGN (0x4)

.text           0x08000188     0x3694
                0x08000188                        . = ALIGN (0x4)
 *(.text)
 .text          0x08000188       0x88 /usr/lib/gcc/arm-none-eabi/14.2.1/thumb/v7e-m+fp/hard/crtbegin.o
 .text          0x08000210       0x30 /usr/lib/gcc/arm-none-eabi/14.2.1/thumb/v7e-m+fp/hard/libgcc.a(_aeabi_uldivmod.o)
                0x08000210                __aeabi_uldivmod
 .text          0x08000240      0x2f8 /usr/lib/gcc/arm-none-eabi/14.2.1/thumb/v7e-m+fp/hard/libgcc.a(_udivmoddi4.o)
                0x08000240                __udivmoddi4
 .text          0x08000538        0x4 /usr/lib/gcc/arm-none-eabi/14.2.1/thumb/v7e-m+fp/hard/libgcc.a(_dvmd_tls.o)
                0x08000538                __aeabi_ldiv0
                0x08000538                __aeabi_idiv0
 .text          0x0800053c       0x50 /usr/lib/gcc/arm-none-eabi/14.2.1/../../../arm-none-eabi/lib/thumb/v7e-m+fp/hard/libg_nano.a(libc_a-init.o)
                0x0800053c                __libc_init_array
 .text          0x0800058c       0xa4 /usr/lib/gcc/arm-none-eabi/14.2.1/../../../arm-none-eabi/lib/thumb/v7e-m+fp/hard/libg_nano.a(libc_a-memset.o)
                0x0800058c                memset
 *(.text*)
 .text._Z10Led_Enablev
                0x08000630       0x18 CMakeFiles/Platypus.dir/Core/Src/main.cpp.obj
                0x08000630                Led_Enable()
 .text._Z11Led_Disablev
                0x08000648       0x18 CMakeFiles/Platypus.dir/Core/Src/main.cpp.obj
                0x08000648                Led_Disable()
 .text._Z7Led_Dotv
                0x08000660       0x20 CMakeFiles/Platypus.dir/Core/Src/main.cpp.obj
                0x08000660                Led_Dot()
 .text._Z8Led_Dashv
                0x08000680       0x20 CMakeFiles/Platypus.dir/Core/Src/main.cpp.obj
                0x08000680                Led_Dash()
 .text.main     0x080006a0       0x48 CMakeFiles/Platypus.dir/Core/Src/main.cpp.obj
                0x080006a0                main
 .text._Z18SystemClock_Configv
                0x080006e8       0xe8 CMakeFiles/Platypus.dir/Core/Src/main.cpp.obj
                0x080006e8                SystemClock_Config()
 .text._ZL15MX_SDIO_SD_Initv
                0x080007d0       0x74 CMakeFiles/Platypus.dir/Core/Src/main.cpp.obj
 .text._ZL22MX_USB_OTG_FS_PCD_Initv
                0x08000844       0x64 CMakeFiles/Platypus.dir/Core/Src/main.cpp.obj
 .text._ZL12MX_GPIO_Initv
                0x080008a8       0xdc CMakeFiles/Platypus.dir/Core/Src/main.cpp.obj
 .text.Error_Handler
                0x08000984        0xc CMakeFiles/Platypus.dir/Core/Src/main.cpp.obj
                0x08000984                Error_Handler
 .text.NMI_Handler
                0x08000990        0x8 CMakeFiles/Platypus.dir/Core/Src/stm32f4xx_it.c.obj
                0x08000990                NMI_Handler
 .text.HardFault_Handler
                0x08000998        0x8 CMakeFiles/Platypus.dir/Core/Src/stm32f4xx_it.c.obj
                0x08000998                HardFault_Handler
 .text.MemManage_Handler
                0x080009a0        0x8 CMakeFiles/Platypus.dir/Core/Src/stm32f4xx_it.c.obj
                0x080009a0                MemManage_Handler
 .text.BusFault_Handler
                0x080009a8        0x8 CMakeFiles/Platypus.dir/Core/Src/stm32f4xx_it.c.obj
                0x080009a8                BusFault_Handler
 .text.UsageFault_Handler
                0x080009b0        0x8 CMakeFiles/Platypus.dir/Core/Src/stm32f4xx_it.c.obj
                0x080009b0                UsageFault_Handler
 .text.SVC_Handler
                0x080009b8        0xe CMakeFiles/Platypus.dir/Core/Src/stm32f4xx_it.c.obj
                0x080009b8                SVC_Handler
 .text.DebugMon_Handler
                0x080009c6        0xe CMakeFiles/Platypus.dir/Core/Src/stm32f4xx_it.c.obj
                0x080009c6                DebugMon_Handler
 .text.PendSV_Handler
                0x080009d4        0xe CMakeFiles/Platypus.dir/Core/Src/stm32f4xx_it.c.obj
                0x080009d4                PendSV_Handler
 .text.SysTick_Handler
                0x080009e2        0xc CMakeFiles/Platypus.dir/Core/Src/stm32f4xx_it.c.obj
                0x080009e2                SysTick_Handler
 *fill*         0x080009ee        0x2 
 .text.HAL_MspInit
                0x080009f0       0x50 CMakeFiles/Platypus.dir/Core/Src/stm32f4xx_hal_msp.c.obj
                0x080009f0                HAL_MspInit
 .text.HAL_SD_MspInit
                0x08000a40       0xd0 CMakeFiles/Platypus.dir/Core/Src/stm32f4xx_hal_msp.c.obj
                0x08000a40                HAL_SD_MspInit
 .text.HAL_PCD_MspInit
                0x08000b10       0x98 CMakeFiles/Platypus.dir/Core/Src/stm32f4xx_hal_msp.c.obj
                0x08000b10                HAL_PCD_MspInit
 .text.Reset_Handler
                0x08000ba8       0x50 CMakeFiles/Platypus.dir/startup_stm32f405xx.s.obj
                0x08000ba8                Reset_Handler
 .text.Default_Handler
                0x08000bf8        0x2 CMakeFiles/Platypus.dir/startup_stm32f405xx.s.obj
                0x08000bf8                RTC_Alarm_IRQHandler
                0x08000bf8                HASH_RNG_IRQHandler
                0x08000bf8                EXTI2_IRQHandler
                0x08000bf8                TIM8_CC_IRQHandler
                0x08000bf8                TIM1_CC_IRQHandler
                0x08000bf8                DMA2_Stream5_IRQHandler
                0x08000bf8                DMA1_Stream5_IRQHandler
                0x08000bf8                PVD_IRQHandler
                0x08000bf8                SDIO_IRQHandler
                0x08000bf8                TAMP_STAMP_IRQHandler
                0x08000bf8                CAN2_RX1_IRQHandler
                0x08000bf8                EXTI3_IRQHandler
                0x08000bf8                TIM8_TRG_COM_TIM14_IRQHandler
                0x08000bf8                TIM1_UP_TIM10_IRQHandler
                0x08000bf8                TIM8_UP_TIM13_IRQHandler
                0x08000bf8                I2C3_ER_IRQHandler
                0x08000bf8                EXTI0_IRQHandler
                0x08000bf8                I2C2_EV_IRQHandler
                0x08000bf8                DMA1_Stream2_IRQHandler
                0x08000bf8                CAN1_RX0_IRQHandler
                0x08000bf8                FPU_IRQHandler
                0x08000bf8                OTG_HS_WKUP_IRQHandler
                0x08000bf8                CAN2_SCE_IRQHandler
                0x08000bf8                DMA2_Stream2_IRQHandler
                0x08000bf8                SPI1_IRQHandler
                0x08000bf8                TIM6_DAC_IRQHandler
                0x08000bf8                TIM1_BRK_TIM9_IRQHandler
                0x08000bf8                CAN2_RX0_IRQHandler
                0x08000bf8                DMA2_Stream3_IRQHandler
                0x08000bf8                USART6_IRQHandler
                0x08000bf8                USART3_IRQHandler
                0x08000bf8                CAN1_RX1_IRQHandler
                0x08000bf8                UART5_IRQHandler
                0x08000bf8                DMA2_Stream0_IRQHandler
                0x08000bf8                TIM4_IRQHandler
                0x08000bf8                I2C1_EV_IRQHandler
                0x08000bf8                DMA1_Stream6_IRQHandler
                0x08000bf8                DMA1_Stream1_IRQHandler
                0x08000bf8                UART4_IRQHandler
                0x08000bf8                TIM3_IRQHandler
                0x08000bf8                RCC_IRQHandler
                0x08000bf8                TIM8_BRK_TIM12_IRQHandler
                0x08000bf8                Default_Handler
                0x08000bf8                EXTI15_10_IRQHandler
                0x08000bf8                ADC_IRQHandler
                0x08000bf8                DMA1_Stream7_IRQHandler
                0x08000bf8                TIM7_IRQHandler
                0x08000bf8                CAN2_TX_IRQHandler
                0x08000bf8                TIM5_IRQHandler
                0x08000bf8                DMA2_Stream7_IRQHandler
                0x08000bf8                I2C3_EV_IRQHandler
                0x08000bf8                EXTI9_5_IRQHandler
                0x08000bf8                RTC_WKUP_IRQHandler
                0x08000bf8                SPI2_IRQHandler
                0x08000bf8                OTG_HS_EP1_IN_IRQHandler
                0x08000bf8                DMA1_Stream0_IRQHandler
                0x08000bf8                CAN1_TX_IRQHandler
                0x08000bf8                EXTI4_IRQHandler
                0x08000bf8                FSMC_IRQHandler
                0x08000bf8                OTG_HS_EP1_OUT_IRQHandler
                0x08000bf8                WWDG_IRQHandler
                0x08000bf8                TIM2_IRQHandler
                0x08000bf8                OTG_FS_WKUP_IRQHandler
                0x08000bf8                TIM1_TRG_COM_TIM11_IRQHandler
                0x08000bf8                OTG_HS_IRQHandler
                0x08000bf8                EXTI1_IRQHandler
                0x08000bf8                USART2_IRQHandler
                0x08000bf8                I2C2_ER_IRQHandler
                0x08000bf8                DMA2_Stream1_IRQHandler
                0x08000bf8                CAN1_SCE_IRQHandler
                0x08000bf8                FLASH_IRQHandler
                0x08000bf8                DMA2_Stream4_IRQHandler
                0x08000bf8                USART1_IRQHandler
                0x08000bf8                OTG_FS_IRQHandler
                0x08000bf8                SPI3_IRQHandler
                0x08000bf8                DMA1_Stream4_IRQHandler
                0x08000bf8                I2C1_ER_IRQHandler
                0x08000bf8                DMA2_Stream6_IRQHandler
                0x08000bf8                DMA1_Stream3_IRQHandler
 *fill*         0x08000bfa        0x2 
 .text.SystemInit
                0x08000bfc       0x24 cmake/stm32cubemx/CMakeFiles/STM32_Drivers.dir/__/__/Core/Src/system_stm32f4xx.c.obj
                0x08000bfc                SystemInit
 .text.SDIO_Init
                0x08000c20       0x56 cmake/stm32cubemx/CMakeFiles/STM32_Drivers.dir/__/__/Drivers/STM32F4xx_HAL_Driver/Src/stm32f4xx_ll_sdmmc.c.obj
                0x08000c20                SDIO_Init
 .text.SDIO_ReadFIFO
                0x08000c76       0x1a cmake/stm32cubemx/CMakeFiles/STM32_Drivers.dir/__/__/Drivers/STM32F4xx_HAL_Driver/Src/stm32f4xx_ll_sdmmc.c.obj
                0x08000c76                SDIO_ReadFIFO
 .text.SDIO_PowerState_ON
                0x08000c90       0x1c cmake/stm32cubemx/CMakeFiles/STM32_Drivers.dir/__/__/Drivers/STM32F4xx_HAL_Driver/Src/stm32f4xx_ll_sdmmc.c.obj
                0x08000c90                SDIO_PowerState_ON
 .text.SDIO_GetPowerState
                0x08000cac       0x1c cmake/stm32cubemx/CMakeFiles/STM32_Drivers.dir/__/__/Drivers/STM32F4xx_HAL_Driver/Src/stm32f4xx_ll_sdmmc.c.obj
                0x08000cac                SDIO_GetPowerState
 .text.SDIO_SendCommand
                0x08000cc8       0x54 cmake/stm32cubemx/CMakeFiles/STM32_Drivers.dir/__/__/Drivers/STM32F4xx_HAL_Driver/Src/stm32f4xx_ll_sdmmc.c.obj
                0x08000cc8                SDIO_SendCommand
 .text.SDIO_GetCommandResponse
                0x08000d1c       0x1a cmake/stm32cubemx/CMakeFiles/STM32_Drivers.dir/__/__/Drivers/STM32F4xx_HAL_Driver/Src/stm32f4xx_ll_sdmmc.c.obj
                0x08000d1c                SDIO_GetCommandResponse
 .text.SDIO_GetResponse
                0x08000d36       0x26 cmake/stm32cubemx/CMakeFiles/STM32_Drivers.dir/__/__/Drivers/STM32F4xx_HAL_Driver/Src/stm32f4xx_ll_sdmmc.c.obj
                0x08000d36                SDIO_GetResponse
 .text.SDIO_ConfigData
                0x08000d5c       0x58 cmake/stm32cubemx/CMakeFiles/STM32_Drivers.dir/__/__/Drivers/STM32F4xx_HAL_Driver/Src/stm32f4xx_ll_sdmmc.c.obj
                0x08000d5c                SDIO_ConfigData
 .text.SDMMC_CmdBlockLength
                0x08000db4       0x44 cmake/stm32cubemx/CMakeFiles/STM32_Drivers.dir/__/__/Drivers/STM32F4xx_HAL_Driver/Src/stm32f4xx_ll_sdmmc.c.obj
                0x08000db4                SDMMC_CmdBlockLength
 .text.SDMMC_CmdSelDesel
                0x08000df8       0x46 cmake/stm32cubemx/CMakeFiles/STM32_Drivers.dir/__/__/Drivers/STM32F4xx_HAL_Driver/Src/stm32f4xx_ll_sdmmc.c.obj
                0x08000df8                SDMMC_CmdSelDesel
 .text.SDMMC_CmdGoIdleState
                0x08000e3e       0x3c cmake/stm32cubemx/CMakeFiles/STM32_Drivers.dir/__/__/Drivers/STM32F4xx_HAL_Driver/Src/stm32f4xx_ll_sdmmc.c.obj
                0x08000e3e                SDMMC_CmdGoIdleState
 .text.SDMMC_CmdOperCond
                0x08000e7a       0x3e cmake/stm32cubemx/CMakeFiles/STM32_Drivers.dir/__/__/Drivers/STM32F4xx_HAL_Driver/Src/stm32f4xx_ll_sdmmc.c.obj
                0x08000e7a                SDMMC_CmdOperCond
 .text.SDMMC_CmdAppCommand
                0x08000eb8       0x44 cmake/stm32cubemx/CMakeFiles/STM32_Drivers.dir/__/__/Drivers/STM32F4xx_HAL_Driver/Src/stm32f4xx_ll_sdmmc.c.obj
                0x08000eb8                SDMMC_CmdAppCommand
 .text.SDMMC_CmdAppOperCommand
                0x08000efc       0x46 cmake/stm32cubemx/CMakeFiles/STM32_Drivers.dir/__/__/Drivers/STM32F4xx_HAL_Driver/Src/stm32f4xx_ll_sdmmc.c.obj
                0x08000efc                SDMMC_CmdAppOperCommand
 .text.SDMMC_CmdBusWidth
                0x08000f42       0x44 cmake/stm32cubemx/CMakeFiles/STM32_Drivers.dir/__/__/Drivers/STM32F4xx_HAL_Driver/Src/stm32f4xx_ll_sdmmc.c.obj
                0x08000f42                SDMMC_CmdBusWidth
 .text.SDMMC_CmdSendSCR
                0x08000f86       0x42 cmake/stm32cubemx/CMakeFiles/STM32_Drivers.dir/__/__/Drivers/STM32F4xx_HAL_Driver/Src/stm32f4xx_ll_sdmmc.c.obj
                0x08000f86                SDMMC_CmdSendSCR
 .text.SDMMC_CmdSendCID
                0x08000fc8       0x3c cmake/stm32cubemx/CMakeFiles/STM32_Drivers.dir/__/__/Drivers/STM32F4xx_HAL_Driver/Src/stm32f4xx_ll_sdmmc.c.obj
                0x08000fc8                SDMMC_CmdSendCID
 .text.SDMMC_CmdSendCSD
                0x08001004       0x3e cmake/stm32cubemx/CMakeFiles/STM32_Drivers.dir/__/__/Drivers/STM32F4xx_HAL_Driver/Src/stm32f4xx_ll_sdmmc.c.obj
                0x08001004                SDMMC_CmdSendCSD
 .text.SDMMC_CmdSetRelAdd
                0x08001042       0x42 cmake/stm32cubemx/CMakeFiles/STM32_Drivers.dir/__/__/Drivers/STM32F4xx_HAL_Driver/Src/stm32f4xx_ll_sdmmc.c.obj
                0x08001042                SDMMC_CmdSetRelAdd
 .text.SDMMC_GetCmdResp1
                0x08001084      0x1dc cmake/stm32cubemx/CMakeFiles/STM32_Drivers.dir/__/__/Drivers/STM32F4xx_HAL_Driver/Src/stm32f4xx_ll_sdmmc.c.obj
                0x08001084                SDMMC_GetCmdResp1
 .text.SDMMC_GetCmdResp2
                0x08001260       0x90 cmake/stm32cubemx/CMakeFiles/STM32_Drivers.dir/__/__/Drivers/STM32F4xx_HAL_Driver/Src/stm32f4xx_ll_sdmmc.c.obj
                0x08001260                SDMMC_GetCmdResp2
 .text.SDMMC_GetCmdResp3
                0x080012f0       0x7c cmake/stm32cubemx/CMakeFiles/STM32_Drivers.dir/__/__/Drivers/STM32F4xx_HAL_Driver/Src/stm32f4xx_ll_sdmmc.c.obj
                0x080012f0                SDMMC_GetCmdResp3
 .text.SDMMC_GetCmdResp6
                0x0800136c       0xec cmake/stm32cubemx/CMakeFiles/STM32_Drivers.dir/__/__/Drivers/STM32F4xx_HAL_Driver/Src/stm32f4xx_ll_sdmmc.c.obj
                0x0800136c                SDMMC_GetCmdResp6
 .text.SDMMC_GetCmdResp7
                0x08001458       0x9c cmake/stm32cubemx/CMakeFiles/STM32_Drivers.dir/__/__/Drivers/STM32F4xx_HAL_Driver/Src/stm32f4xx_ll_sdmmc.c.obj
                0x08001458                SDMMC_GetCmdResp7
 .text.SDMMC_GetCmdError
                0x080014f4       0x58 cmake/stm32cubemx/CMakeFiles/STM32_Drivers.dir/__/__/Drivers/STM32F4xx_HAL_Driver/Src/stm32f4xx_ll_sdmmc.c.obj
 .text.HAL_SD_Init
                0x0800154c       0x60 cmake/stm32cubemx/CMakeFiles/STM32_Drivers.dir/__/__/Drivers/STM32F4xx_HAL_Driver/Src/stm32f4xx_hal_sd.c.obj
                0x0800154c                HAL_SD_Init
 .text.HAL_SD_InitCard
                0x080015ac      0x100 cmake/stm32cubemx/CMakeFiles/STM32_Drivers.dir/__/__/Drivers/STM32F4xx_HAL_Driver/Src/stm32f4xx_hal_sd.c.obj
                0x080015ac                HAL_SD_InitCard
 .text.HAL_SD_GetCardCSD
                0x080016ac      0x348 cmake/stm32cubemx/CMakeFiles/STM32_Drivers.dir/__/__/Drivers/STM32F4xx_HAL_Driver/Src/stm32f4xx_hal_sd.c.obj
                0x080016ac                HAL_SD_GetCardCSD
 .text.HAL_SD_ConfigWideBusOperation
                0x080019f4      0x134 cmake/stm32cubemx/CMakeFiles/STM32_Drivers.dir/__/__/Drivers/STM32F4xx_HAL_Driver/Src/stm32f4xx_hal_sd.c.obj
                0x080019f4                HAL_SD_ConfigWideBusOperation
 .text.SD_InitCard
                0x08001b28      0x19c cmake/stm32cubemx/CMakeFiles/STM32_Drivers.dir/__/__/Drivers/STM32F4xx_HAL_Driver/Src/stm32f4xx_hal_sd.c.obj
 .text.SD_PowerON
                0x08001cc4      0x11c cmake/stm32cubemx/CMakeFiles/STM32_Drivers.dir/__/__/Drivers/STM32F4xx_HAL_Driver/Src/stm32f4xx_hal_sd.c.obj
 .text.SD_WideBus_Enable
                0x08001de0       0x96 cmake/stm32cubemx/CMakeFiles/STM32_Drivers.dir/__/__/Drivers/STM32F4xx_HAL_Driver/Src/stm32f4xx_hal_sd.c.obj
 .text.SD_WideBus_Disable
                0x08001e76       0x96 cmake/stm32cubemx/CMakeFiles/STM32_Drivers.dir/__/__/Drivers/STM32F4xx_HAL_Driver/Src/stm32f4xx_hal_sd.c.obj
 .text.SD_FindSCR
                0x08001f0c      0x1b4 cmake/stm32cubemx/CMakeFiles/STM32_Drivers.dir/__/__/Drivers/STM32F4xx_HAL_Driver/Src/stm32f4xx_hal_sd.c.obj
 .text.HAL_RCC_OscConfig
                0x080020c0      0x4f0 cmake/stm32cubemx/CMakeFiles/STM32_Drivers.dir/__/__/Drivers/STM32F4xx_HAL_Driver/Src/stm32f4xx_hal_rcc.c.obj
                0x080020c0                HAL_RCC_OscConfig
 .text.HAL_RCC_ClockConfig
                0x080025b0      0x1cc cmake/stm32cubemx/CMakeFiles/STM32_Drivers.dir/__/__/Drivers/STM32F4xx_HAL_Driver/Src/stm32f4xx_hal_rcc.c.obj
                0x080025b0                HAL_RCC_ClockConfig
 .text.HAL_RCC_GetSysClockFreq
                0x0800277c      0x208 cmake/stm32cubemx/CMakeFiles/STM32_Drivers.dir/__/__/Drivers/STM32F4xx_HAL_Driver/Src/stm32f4xx_hal_rcc.c.obj
                0x0800277c                HAL_RCC_GetSysClockFreq
 .text.HAL_GPIO_Init
                0x08002984      0x338 cmake/stm32cubemx/CMakeFiles/STM32_Drivers.dir/__/__/Drivers/STM32F4xx_HAL_Driver/Src/stm32f4xx_hal_gpio.c.obj
                0x08002984                HAL_GPIO_Init
 .text.HAL_GPIO_WritePin
                0x08002cbc       0x32 cmake/stm32cubemx/CMakeFiles/STM32_Drivers.dir/__/__/Drivers/STM32F4xx_HAL_Driver/Src/stm32f4xx_hal_gpio.c.obj
                0x08002cbc                HAL_GPIO_WritePin
 *fill*         0x08002cee        0x2 
 .text.__NVIC_SetPriorityGrouping
                0x08002cf0       0x48 cmake/stm32cubemx/CMakeFiles/STM32_Drivers.dir/__/__/Drivers/STM32F4xx_HAL_Driver/Src/stm32f4xx_hal_cortex.c.obj
 .text.__NVIC_GetPriorityGrouping
                0x08002d38       0x1c cmake/stm32cubemx/CMakeFiles/STM32_Drivers.dir/__/__/Drivers/STM32F4xx_HAL_Driver/Src/stm32f4xx_hal_cortex.c.obj
 .text.__NVIC_SetPriority
                0x08002d54       0x54 cmake/stm32cubemx/CMakeFiles/STM32_Drivers.dir/__/__/Drivers/STM32F4xx_HAL_Driver/Src/stm32f4xx_hal_cortex.c.obj
 .text.NVIC_EncodePriority
                0x08002da8       0x66 cmake/stm32cubemx/CMakeFiles/STM32_Drivers.dir/__/__/Drivers/STM32F4xx_HAL_Driver/Src/stm32f4xx_hal_cortex.c.obj
 *fill*         0x08002e0e        0x2 
 .text.SysTick_Config
                0x08002e10       0x44 cmake/stm32cubemx/CMakeFiles/STM32_Drivers.dir/__/__/Drivers/STM32F4xx_HAL_Driver/Src/stm32f4xx_hal_cortex.c.obj
 .text.HAL_NVIC_SetPriorityGrouping
                0x08002e54       0x16 cmake/stm32cubemx/CMakeFiles/STM32_Drivers.dir/__/__/Drivers/STM32F4xx_HAL_Driver/Src/stm32f4xx_hal_cortex.c.obj
                0x08002e54                HAL_NVIC_SetPriorityGrouping
 .text.HAL_NVIC_SetPriority
                0x08002e6a       0x38 cmake/stm32cubemx/CMakeFiles/STM32_Drivers.dir/__/__/Drivers/STM32F4xx_HAL_Driver/Src/stm32f4xx_hal_cortex.c.obj
                0x08002e6a                HAL_NVIC_SetPriority
 .text.HAL_SYSTICK_Config
                0x08002ea2       0x18 cmake/stm32cubemx/CMakeFiles/STM32_Drivers.dir/__/__/Drivers/STM32F4xx_HAL_Driver/Src/stm32f4xx_hal_cortex.c.obj
                0x08002ea2                HAL_SYSTICK_Config
 *fill*         0x08002eba        0x2 
 .text.HAL_Init
                0x08002ebc       0x44 cmake/stm32cubemx/CMakeFiles/STM32_Drivers.dir/__/__/Drivers/STM32F4xx_HAL_Driver/Src/stm32f4xx_hal.c.obj
                0x08002ebc                HAL_Init
 .text.HAL_InitTick
                0x08002f00       0x60 cmake/stm32cubemx/CMakeFiles/STM32_Drivers.dir/__/__/Drivers/STM32F4xx_HAL_Driver/Src/stm32f4xx_hal.c.obj
                0x08002f00                HAL_InitTick
 .text.HAL_IncTick
                0x08002f60       0x28 cmake/stm32cubemx/CMakeFiles/STM32_Drivers.dir/__/__/Drivers/STM32F4xx_HAL_Driver/Src/stm32f4xx_hal.c.obj
                0x08002f60                HAL_IncTick
 .text.HAL_GetTick
                0x08002f88       0x18 cmake/stm32cubemx/CMakeFiles/STM32_Drivers.dir/__/__/Drivers/STM32F4xx_HAL_Driver/Src/stm32f4xx_hal.c.obj
                0x08002f88                HAL_GetTick
 .text.HAL_Delay
                0x08002fa0       0x48 cmake/stm32cubemx/CMakeFiles/STM32_Drivers.dir/__/__/Drivers/STM32F4xx_HAL_Driver/Src/stm32f4xx_hal.c.obj
                0x08002fa0                HAL_Delay
 .text.HAL_PCD_Init
                0x08002fe8      0x21e cmake/stm32cubemx/CMakeFiles/STM32_Drivers.dir/__/__/Drivers/STM32F4xx_HAL_Driver/Src/stm32f4xx_hal_pcd.c.obj
                0x08002fe8                HAL_PCD_Init
 .text.USB_CoreInit
                0x08003206       0xc8 cmake/stm32cubemx/CMakeFiles/STM32_Drivers.dir/__/__/Drivers/STM32F4xx_HAL_Driver/Src/stm32f4xx_ll_usb.c.obj
                0x08003206                USB_CoreInit
 .text.USB_DisableGlobalInt
                0x080032ce       0x22 cmake/stm32cubemx/CMakeFiles/STM32_Drivers.dir/__/__/Drivers/STM32F4xx_HAL_Driver/Src/stm32f4xx_ll_usb.c.obj
                0x080032ce                USB_DisableGlobalInt
 .text.USB_SetCurrentMode
                0x080032f0       0x98 cmake/stm32cubemx/CMakeFiles/STM32_Drivers.dir/__/__/Drivers/STM32F4xx_HAL_Driver/Src/stm32f4xx_ll_usb.c.obj
                0x080032f0                USB_SetCurrentMode
 .text.USB_DevInit
                0x08003388      0x2c8 cmake/stm32cubemx/CMakeFiles/STM32_Drivers.dir/__/__/Drivers/STM32F4xx_HAL_Driver/Src/stm32f4xx_ll_usb.c.obj
                0x08003388                USB_DevInit
 .text.USB_FlushTxFifo
                0x08003650       0x64 cmake/stm32cubemx/CMakeFiles/STM32_Drivers.dir/__/__/Drivers/STM32F4xx_HAL_Driver/Src/stm32f4xx_ll_usb.c.obj
                0x08003650                USB_FlushTxFifo
 .text.USB_FlushRxFifo
                0x080036b4       0x5c cmake/stm32cubemx/CMakeFiles/STM32_Drivers.dir/__/__/Drivers/STM32F4xx_HAL_Driver/Src/stm32f4xx_ll_usb.c.obj
                0x080036b4                USB_FlushRxFifo
 .text.USB_SetDevSpeed
                0x08003710       0x32 cmake/stm32cubemx/CMakeFiles/STM32_Drivers.dir/__/__/Drivers/STM32F4xx_HAL_Driver/Src/stm32f4xx_ll_usb.c.obj
                0x08003710                USB_SetDevSpeed
 .text.USB_DevDisconnect
                0x08003742       0x42 cmake/stm32cubemx/CMakeFiles/STM32_Drivers.dir/__/__/Drivers/STM32F4xx_HAL_Driver/Src/stm32f4xx_ll_usb.c.obj
                0x08003742                USB_DevDisconnect
 .text.USB_GetMode
                0x08003784       0x1c cmake/stm32cubemx/CMakeFiles/STM32_Drivers.dir/__/__/Drivers/STM32F4xx_HAL_Driver/Src/stm32f4xx_ll_usb.c.obj
                0x08003784                USB_GetMode
 .text.USB_CoreReset
                0x080037a0       0x62 cmake/stm32cubemx/CMakeFiles/STM32_Drivers.dir/__/__/Drivers/STM32F4xx_HAL_Driver/Src/stm32f4xx_ll_usb.c.obj
 *(.glue_7)
 .glue_7        0x08003802        0x0 linker stubs
 *(.glue_7t)
 .glue_7t       0x08003802        0x0 linker stubs
 *(.eh_frame)
 *fill*         0x08003802        0x2 
 .eh_frame      0x08003804        0x0 /usr/lib/gcc/arm-none-eabi/14.2.1/thumb/v7e-m+fp/hard/crtbegin.o
 *(.init)
 .init          0x08003804        0x4 /usr/lib/gcc/arm-none-eabi/14.2.1/thumb/v7e-m+fp/hard/crti.o
                0x08003804                _init
 .init          0x08003808        0x8 /usr/lib/gcc/arm-none-eabi/14.2.1/thumb/v7e-m+fp/hard/crtn.o
 *(.fini)
 .fini          0x08003810        0x4 /usr/lib/gcc/arm-none-eabi/14.2.1/thumb/v7e-m+fp/hard/crti.o
                0x08003810                _fini
 .fini          0x08003814        0x8 /usr/lib/gcc/arm-none-eabi/14.2.1/thumb/v7e-m+fp/hard/crtn.o
                0x0800381c                        . = ALIGN (0x4)
                0x0800381c                        _etext = .

.vfp11_veneer   0x0800381c        0x0
 .vfp11_veneer  0x0800381c        0x0 linker stubs

.v4_bx          0x0800381c        0x0
 .v4_bx         0x0800381c        0x0 linker stubs

.iplt           0x0800381c        0x0
 .iplt          0x0800381c        0x0 /usr/lib/gcc/arm-none-eabi/14.2.1/thumb/v7e-m+fp/hard/crtbegin.o

.rodata         0x0800381c       0x10
                0x0800381c                        . = ALIGN (0x4)
 *(.rodata)
 *(.rodata*)
 .rodata.AHBPrescTable
                0x0800381c       0x10 cmake/stm32cubemx/CMakeFiles/STM32_Drivers.dir/__/__/Core/Src/system_stm32f4xx.c.obj
                0x0800381c                AHBPrescTable
                0x0800382c                        . = ALIGN (0x4)

.ARM.extab      0x0800382c        0x0
                0x0800382c                        . = ALIGN (0x4)
 *(.ARM.extab* .gnu.linkonce.armextab.*)
                0x0800382c                        . = ALIGN (0x4)

.ARM            0x0800382c        0x8
                0x0800382c                        . = ALIGN (0x4)
                0x0800382c                        __exidx_start = .
 *(.ARM.exidx*)
 .ARM.exidx     0x0800382c        0x8 /usr/lib/gcc/arm-none-eabi/14.2.1/thumb/v7e-m+fp/hard/libgcc.a(_udivmoddi4.o)
                0x08003834                        __exidx_end = .
                0x08003834                        . = ALIGN (0x4)

.preinit_array  0x08003834        0x0
                0x08003834                        . = ALIGN (0x4)
                0x08003834                        PROVIDE (__preinit_array_start = .)
 *(.preinit_array*)
                0x08003834                        PROVIDE (__preinit_array_end = .)
                0x08003834                        . = ALIGN (0x4)

.init_array     0x08003834        0x4
                0x08003834                        . = ALIGN (0x4)
                0x08003834                        PROVIDE (__init_array_start = .)
 *(SORT_BY_NAME(.init_array.*))
 *(.init_array*)
 .init_array    0x08003834        0x4 /usr/lib/gcc/arm-none-eabi/14.2.1/thumb/v7e-m+fp/hard/crtbegin.o
                0x08003838                        PROVIDE (__init_array_end = .)
                0x08003838                        . = ALIGN (0x4)

.fini_array     0x08003838        0x4
                0x08003838                        . = ALIGN (0x4)
                0x08003838                        PROVIDE (__fini_array_start = .)
 *(SORT_BY_NAME(.fini_array.*))
 *(.fini_array*)
 .fini_array    0x08003838        0x4 /usr/lib/gcc/arm-none-eabi/14.2.1/thumb/v7e-m+fp/hard/crtbegin.o
                0x0800383c                        PROVIDE (__fini_array_end = .)
                0x0800383c                        . = ALIGN (0x4)
                0x0800383c                        _siccmram = LOADADDR (.ccmram)

.rel.dyn        0x0800383c        0x0
 .rel.iplt      0x0800383c        0x0 /usr/lib/gcc/arm-none-eabi/14.2.1/thumb/v7e-m+fp/hard/crtbegin.o

.ccmram         0x10000000        0x0 load address 0x0800383c
                0x10000000                        . = ALIGN (0x4)
                0x10000000                        _sccmram = .
 *(.ccmram)
 *(.ccmram*)
                0x10000000                        . = ALIGN (0x4)
                0x10000000                        _eccmram = .
                0x0800383c                        _sidata = LOADADDR (.data)

.data           0x20000000        0xc load address 0x0800383c
                0x20000000                        . = ALIGN (0x4)
                0x20000000                        _sdata = .
 *(.data)
 *(.data*)
 .data.SystemCoreClock
                0x20000000        0x4 cmake/stm32cubemx/CMakeFiles/STM32_Drivers.dir/__/__/Core/Src/system_stm32f4xx.c.obj
                0x20000000                SystemCoreClock
 .data.uwTickPrio
                0x20000004        0x4 cmake/stm32cubemx/CMakeFiles/STM32_Drivers.dir/__/__/Drivers/STM32F4xx_HAL_Driver/Src/stm32f4xx_hal.c.obj
                0x20000004                uwTickPrio
 .data.uwTickFreq
                0x20000008        0x1 cmake/stm32cubemx/CMakeFiles/STM32_Drivers.dir/__/__/Drivers/STM32F4xx_HAL_Driver/Src/stm32f4xx_hal.c.obj
                0x20000008                uwTickFreq
 *(.RamFunc)
 *(.RamFunc*)
                0x2000000c                        . = ALIGN (0x4)
 *fill*         0x20000009        0x3 

.tm_clone_table
                0x2000000c        0x0 load address 0x08003848
 .tm_clone_table
                0x2000000c        0x0 /usr/lib/gcc/arm-none-eabi/14.2.1/thumb/v7e-m+fp/hard/crtbegin.o
 .tm_clone_table
                0x2000000c        0x0 /usr/lib/gcc/arm-none-eabi/14.2.1/thumb/v7e-m+fp/hard/crtend.o

.igot.plt       0x2000000c        0x0 load address 0x08003848
 .igot.plt      0x2000000c        0x0 /usr/lib/gcc/arm-none-eabi/14.2.1/thumb/v7e-m+fp/hard/crtbegin.o

.tdata          0x2000000c        0x0 load address 0x08003848
 *(.tdata .tdata.* .gnu.linkonce.td.*)
                0x2000000c                        . = ALIGN (0x4)
                0x2000000c                        _edata = .
                [!provide]                        PROVIDE (__data_end = .)
                [!provide]                        PROVIDE (__tdata_end = .)
                [!provide]                        PROVIDE (__tdata_start = ADDR (.tdata))
                [!provide]                        PROVIDE (__tdata_size = (__tdata_end - __tdata_start))
                [!provide]                        PROVIDE (__data_start = ADDR (.data))
                [!provide]                        PROVIDE (__data_size = (__data_end - __data_start))
                [!provide]                        PROVIDE (__tdata_source = LOADADDR (.tdata))
                [!provide]                        PROVIDE (__tdata_source_end = (LOADADDR (.tdata) + SIZEOF (.tdata)))
                [!provide]                        PROVIDE (__tdata_source_size = (__tdata_source_end - __tdata_source))
                [!provide]                        PROVIDE (__data_source = LOADADDR (.data))
                [!provide]                        PROVIDE (__data_source_end = __tdata_source_end)
                [!provide]                        PROVIDE (__data_source_size = (__data_source_end - __data_source))

.tbss           0x2000000c        0x0 load address 0x08003848
                0x2000000c                        _sbss = .
                0x2000000c                        __bss_start__ = _sbss
 *(.tbss .tbss.*)
                0x2000000c                        . = ALIGN (0x4)
                [!provide]                        PROVIDE (__tbss_end = .)
                [!provide]                        PROVIDE (__tbss_start = ADDR (.tbss))
                [!provide]                        PROVIDE (__tbss_size = (__tbss_end - __tbss_start))
                [!provide]                        PROVIDE (__tbss_offset = (ADDR (.tbss) - ADDR (.tdata)))
                [!provide]                        PROVIDE (__tls_base = __tdata_start)
                [!provide]                        PROVIDE (__tls_end = __tbss_end)
                [!provide]                        PROVIDE (__tls_size = (__tls_end - __tls_base))
                [!provide]                        PROVIDE (__tls_align = MAX (ALIGNOF (.tdata), ALIGNOF (.tbss)))
                [!provide]                        PROVIDE (__tls_size_align = (((__tls_size + __tls_align) - 0x1) & ~ ((__tls_align - 0x1))))
                [!provide]                        PROVIDE (__arm32_tls_tcb_offset = MAX (0x8, __tls_align))
                [!provide]                        PROVIDE (__arm64_tls_tcb_offset = MAX (0x10, __tls_align))

.bss            0x2000000c      0x588 load address 0x08003848
 *(.bss)
 .bss           0x2000000c       0x1c /usr/lib/gcc/arm-none-eabi/14.2.1/thumb/v7e-m+fp/hard/crtbegin.o
 *(.bss*)
 .bss.hsd       0x20000028       0x84 CMakeFiles/Platypus.dir/Core/Src/main.cpp.obj
                0x20000028                hsd
 .bss.hpcd_USB_OTG_FS
                0x200000ac      0x4e4 CMakeFiles/Platypus.dir/Core/Src/main.cpp.obj
                0x200000ac                hpcd_USB_OTG_FS
 .bss.uwTick    0x20000590        0x4 cmake/stm32cubemx/CMakeFiles/STM32_Drivers.dir/__/__/Drivers/STM32F4xx_HAL_Driver/Src/stm32f4xx_hal.c.obj
                0x20000590                uwTick
 *(COMMON)
                0x20000594                        . = ALIGN (0x4)
                0x20000594                        _ebss = .
                0x20000594                        __bss_end__ = _ebss
                [!provide]                        PROVIDE (__bss_end = .)
                [!provide]                        PROVIDE (__non_tls_bss_start = ADDR (.bss))
                [!provide]                        PROVIDE (__bss_start = __tbss_start)
                [!provide]                        PROVIDE (__bss_size = (__bss_end - __bss_start))

._user_heap_stack
                0x20000594      0x604 load address 0x08003848
                0x20000598                        . = ALIGN (0x8)
 *fill*         0x20000594        0x4 
                [!provide]                        PROVIDE (end = .)
                0x20000598                        PROVIDE (_end = .)
                0x20000798                        . = (. + _Min_Heap_Size)
 *fill*         0x20000598      0x200 
                0x20000b98                        . = (. + _Min_Stack_Size)
 *fill*         0x20000798      0x400 
                0x20000b98                        . = ALIGN (0x8)

/DISCARD/
 libc.a:*(*)
 libm.a:*(*)
 libgcc.a:*(*)
OUTPUT(Platypus.elf elf32-littlearm)
LOAD linker stubs

.ARM.attributes
                0x00000000       0x30
 .ARM.attributes
                0x00000000       0x22 /usr/lib/gcc/arm-none-eabi/14.2.1/thumb/v7e-m+fp/hard/crti.o
 .ARM.attributes
                0x00000022       0x34 /usr/lib/gcc/arm-none-eabi/14.2.1/thumb/v7e-m+fp/hard/crtbegin.o
 .ARM.attributes
                0x00000056       0x34 CMakeFiles/Platypus.dir/Core/Src/main.cpp.obj
 .ARM.attributes
                0x0000008a       0x34 CMakeFiles/Platypus.dir/Core/Src/stm32f4xx_it.c.obj
 .ARM.attributes
                0x000000be       0x34 CMakeFiles/Platypus.dir/Core/Src/stm32f4xx_hal_msp.c.obj
 .ARM.attributes
                0x000000f2       0x21 CMakeFiles/Platypus.dir/startup_stm32f405xx.s.obj
 .ARM.attributes
                0x00000113       0x34 cmake/stm32cubemx/CMakeFiles/STM32_Drivers.dir/__/__/Core/Src/system_stm32f4xx.c.obj
 .ARM.attributes
                0x00000147       0x34 cmake/stm32cubemx/CMakeFiles/STM32_Drivers.dir/__/__/Drivers/STM32F4xx_HAL_Driver/Src/stm32f4xx_ll_sdmmc.c.obj
 .ARM.attributes
                0x0000017b       0x34 cmake/stm32cubemx/CMakeFiles/STM32_Drivers.dir/__/__/Drivers/STM32F4xx_HAL_Driver/Src/stm32f4xx_hal_sd.c.obj
 .ARM.attributes
                0x000001af       0x34 cmake/stm32cubemx/CMakeFiles/STM32_Drivers.dir/__/__/Drivers/STM32F4xx_HAL_Driver/Src/stm32f4xx_hal_rcc.c.obj
 .ARM.attributes
                0x000001e3       0x34 cmake/stm32cubemx/CMakeFiles/STM32_Drivers.dir/__/__/Drivers/STM32F4xx_HAL_Driver/Src/stm32f4xx_hal_gpio.c.obj
 .ARM.attributes
                0x00000217       0x34 cmake/stm32cubemx/CMakeFiles/STM32_Drivers.dir/__/__/Drivers/STM32F4xx_HAL_Driver/Src/stm32f4xx_hal_cortex.c.obj
 .ARM.attributes
                0x0000024b       0x34 cmake/stm32cubemx/CMakeFiles/STM32_Drivers.dir/__/__/Drivers/STM32F4xx_HAL_Driver/Src/stm32f4xx_hal.c.obj
 .ARM.attributes
                0x0000027f       0x34 cmake/stm32cubemx/CMakeFiles/STM32_Drivers.dir/__/__/Drivers/STM32F4xx_HAL_Driver/Src/stm32f4xx_hal_pcd.c.obj
 .ARM.attributes
                0x000002b3       0x34 cmake/stm32cubemx/CMakeFiles/STM32_Drivers.dir/__/__/Drivers/STM32F4xx_HAL_Driver/Src/stm32f4xx_ll_usb.c.obj
 .ARM.attributes
                0x000002e7       0x22 /usr/lib/gcc/arm-none-eabi/14.2.1/thumb/v7e-m+fp/hard/libgcc.a(_aeabi_uldivmod.o)
 .ARM.attributes
                0x00000309       0x34 /usr/lib/gcc/arm-none-eabi/14.2.1/thumb/v7e-m+fp/hard/libgcc.a(_udivmoddi4.o)
 .ARM.attributes
                0x0000033d       0x22 /usr/lib/gcc/arm-none-eabi/14.2.1/thumb/v7e-m+fp/hard/libgcc.a(_dvmd_tls.o)
 .ARM.attributes
                0x0000035f       0x34 /usr/lib/gcc/arm-none-eabi/14.2.1/../../../arm-none-eabi/lib/thumb/v7e-m+fp/hard/libg_nano.a(libc_a-init.o)
 .ARM.attributes
                0x00000393       0x34 /usr/lib/gcc/arm-none-eabi/14.2.1/../../../arm-none-eabi/lib/thumb/v7e-m+fp/hard/libg_nano.a(libc_a-memset.o)
 .ARM.attributes
                0x000003c7       0x34 /usr/lib/gcc/arm-none-eabi/14.2.1/thumb/v7e-m+fp/hard/crtend.o
 .ARM.attributes
                0x000003fb       0x22 /usr/lib/gcc/arm-none-eabi/14.2.1/thumb/v7e-m+fp/hard/crtn.o

.comment        0x00000000       0x4c
 .comment       0x00000000       0x4c /usr/lib/gcc/arm-none-eabi/14.2.1/thumb/v7e-m+fp/hard/crtbegin.o
                                 0x27 (size before relaxing)
 .comment       0x0000004c       0x27 CMakeFiles/Platypus.dir/Core/Src/main.cpp.obj
 .comment       0x0000004c       0x27 CMakeFiles/Platypus.dir/Core/Src/stm32f4xx_it.c.obj
 .comment       0x0000004c       0x27 CMakeFiles/Platypus.dir/Core/Src/stm32f4xx_hal_msp.c.obj
 .comment       0x0000004c       0x27 cmake/stm32cubemx/CMakeFiles/STM32_Drivers.dir/__/__/Core/Src/system_stm32f4xx.c.obj
 .comment       0x0000004c       0x27 cmake/stm32cubemx/CMakeFiles/STM32_Drivers.dir/__/__/Drivers/STM32F4xx_HAL_Driver/Src/stm32f4xx_ll_sdmmc.c.obj
 .comment       0x0000004c       0x27 cmake/stm32cubemx/CMakeFiles/STM32_Drivers.dir/__/__/Drivers/STM32F4xx_HAL_Driver/Src/stm32f4xx_hal_sd.c.obj
 .comment       0x0000004c       0x27 cmake/stm32cubemx/CMakeFiles/STM32_Drivers.dir/__/__/Drivers/STM32F4xx_HAL_Driver/Src/stm32f4xx_hal_rcc.c.obj
 .comment       0x0000004c       0x27 cmake/stm32cubemx/CMakeFiles/STM32_Drivers.dir/__/__/Drivers/STM32F4xx_HAL_Driver/Src/stm32f4xx_hal_gpio.c.obj
 .comment       0x0000004c       0x27 cmake/stm32cubemx/CMakeFiles/STM32_Drivers.dir/__/__/Drivers/STM32F4xx_HAL_Driver/Src/stm32f4xx_hal_cortex.c.obj
 .comment       0x0000004c       0x27 cmake/stm32cubemx/CMakeFiles/STM32_Drivers.dir/__/__/Drivers/STM32F4xx_HAL_Driver/Src/stm32f4xx_hal.c.obj
 .comment       0x0000004c       0x27 cmake/stm32cubemx/CMakeFiles/STM32_Drivers.dir/__/__/Drivers/STM32F4xx_HAL_Driver/Src/stm32f4xx_hal_pcd.c.obj
 .comment       0x0000004c       0x27 cmake/stm32cubemx/CMakeFiles/STM32_Drivers.dir/__/__/Drivers/STM32F4xx_HAL_Driver/Src/stm32f4xx_ll_usb.c.obj
 .comment       0x0000004c       0x27 /usr/lib/gcc/arm-none-eabi/14.2.1/thumb/v7e-m+fp/hard/libgcc.a(_udivmoddi4.o)
 .comment       0x0000004c       0x27 /usr/lib/gcc/arm-none-eabi/14.2.1/../../../arm-none-eabi/lib/thumb/v7e-m+fp/hard/libg_nano.a(libc_a-init.o)
 .comment       0x0000004c       0x27 /usr/lib/gcc/arm-none-eabi/14.2.1/../../../arm-none-eabi/lib/thumb/v7e-m+fp/hard/libg_nano.a(libc_a-memset.o)
 .comment       0x0000004c       0x27 /usr/lib/gcc/arm-none-eabi/14.2.1/thumb/v7e-m+fp/hard/crtend.o

.debug_info     0x00000000    0x10158
 .debug_info    0x00000000     0x61fd CMakeFiles/Platypus.dir/Core/Src/main.cpp.obj
 .debug_info    0x000061fd      0x112 CMakeFiles/Platypus.dir/Core/Src/stm32f4xx_it.c.obj
 .debug_info    0x0000630f      0xefd CMakeFiles/Platypus.dir/Core/Src/stm32f4xx_hal_msp.c.obj
 .debug_info    0x0000720c       0x30 CMakeFiles/Platypus.dir/startup_stm32f405xx.s.obj
 .debug_info    0x0000723c      0x4f8 cmake/stm32cubemx/CMakeFiles/STM32_Drivers.dir/__/__/Core/Src/system_stm32f4xx.c.obj
 .debug_info    0x00007734     0x1094 cmake/stm32cubemx/CMakeFiles/STM32_Drivers.dir/__/__/Drivers/STM32F4xx_HAL_Driver/Src/stm32f4xx_ll_sdmmc.c.obj
 .debug_info    0x000087c8     0x1bda cmake/stm32cubemx/CMakeFiles/STM32_Drivers.dir/__/__/Drivers/STM32F4xx_HAL_Driver/Src/stm32f4xx_hal_sd.c.obj
 .debug_info    0x0000a3a2      0x881 cmake/stm32cubemx/CMakeFiles/STM32_Drivers.dir/__/__/Drivers/STM32F4xx_HAL_Driver/Src/stm32f4xx_hal_rcc.c.obj
 .debug_info    0x0000ac23      0x69f cmake/stm32cubemx/CMakeFiles/STM32_Drivers.dir/__/__/Drivers/STM32F4xx_HAL_Driver/Src/stm32f4xx_hal_gpio.c.obj
 .debug_info    0x0000b2c2      0xd21 cmake/stm32cubemx/CMakeFiles/STM32_Drivers.dir/__/__/Drivers/STM32F4xx_HAL_Driver/Src/stm32f4xx_hal_cortex.c.obj
 .debug_info    0x0000bfe3      0x926 cmake/stm32cubemx/CMakeFiles/STM32_Drivers.dir/__/__/Drivers/STM32F4xx_HAL_Driver/Src/stm32f4xx_hal.c.obj
 .debug_info    0x0000c909     0x154b cmake/stm32cubemx/CMakeFiles/STM32_Drivers.dir/__/__/Drivers/STM32F4xx_HAL_Driver/Src/stm32f4xx_hal_pcd.c.obj
 .debug_info    0x0000de54     0x196f cmake/stm32cubemx/CMakeFiles/STM32_Drivers.dir/__/__/Drivers/STM32F4xx_HAL_Driver/Src/stm32f4xx_ll_usb.c.obj
 .debug_info    0x0000f7c3       0x24 /usr/lib/gcc/arm-none-eabi/14.2.1/thumb/v7e-m+fp/hard/libgcc.a(_aeabi_uldivmod.o)
 .debug_info    0x0000f7e7      0x6f5 /usr/lib/gcc/arm-none-eabi/14.2.1/thumb/v7e-m+fp/hard/libgcc.a(_udivmoddi4.o)
 .debug_info    0x0000fedc       0x3c /usr/lib/gcc/arm-none-eabi/14.2.1/thumb/v7e-m+fp/hard/libgcc.a(_dvmd_tls.o)
 .debug_info    0x0000ff18      0x10b /usr/lib/gcc/arm-none-eabi/14.2.1/../../../arm-none-eabi/lib/thumb/v7e-m+fp/hard/libg_nano.a(libc_a-init.o)
 .debug_info    0x00010023      0x135 /usr/lib/gcc/arm-none-eabi/14.2.1/../../../arm-none-eabi/lib/thumb/v7e-m+fp/hard/libg_nano.a(libc_a-memset.o)

.debug_abbrev   0x00000000     0x22ac
 .debug_abbrev  0x00000000      0x839 CMakeFiles/Platypus.dir/Core/Src/main.cpp.obj
 .debug_abbrev  0x00000839       0x73 CMakeFiles/Platypus.dir/Core/Src/stm32f4xx_it.c.obj
 .debug_abbrev  0x000008ac      0x1fe CMakeFiles/Platypus.dir/Core/Src/stm32f4xx_hal_msp.c.obj
 .debug_abbrev  0x00000aaa       0x24 CMakeFiles/Platypus.dir/startup_stm32f405xx.s.obj
 .debug_abbrev  0x00000ace      0x11b cmake/stm32cubemx/CMakeFiles/STM32_Drivers.dir/__/__/Core/Src/system_stm32f4xx.c.obj
 .debug_abbrev  0x00000be9      0x1d6 cmake/stm32cubemx/CMakeFiles/STM32_Drivers.dir/__/__/Drivers/STM32F4xx_HAL_Driver/Src/stm32f4xx_ll_sdmmc.c.obj
 .debug_abbrev  0x00000dbf      0x297 cmake/stm32cubemx/CMakeFiles/STM32_Drivers.dir/__/__/Drivers/STM32F4xx_HAL_Driver/Src/stm32f4xx_hal_sd.c.obj
 .debug_abbrev  0x00001056      0x2b6 cmake/stm32cubemx/CMakeFiles/STM32_Drivers.dir/__/__/Drivers/STM32F4xx_HAL_Driver/Src/stm32f4xx_hal_rcc.c.obj
 .debug_abbrev  0x0000130c      0x1d4 cmake/stm32cubemx/CMakeFiles/STM32_Drivers.dir/__/__/Drivers/STM32F4xx_HAL_Driver/Src/stm32f4xx_hal_gpio.c.obj
 .debug_abbrev  0x000014e0      0x328 cmake/stm32cubemx/CMakeFiles/STM32_Drivers.dir/__/__/Drivers/STM32F4xx_HAL_Driver/Src/stm32f4xx_hal_cortex.c.obj
 .debug_abbrev  0x00001808      0x214 cmake/stm32cubemx/CMakeFiles/STM32_Drivers.dir/__/__/Drivers/STM32F4xx_HAL_Driver/Src/stm32f4xx_hal.c.obj
 .debug_abbrev  0x00001a1c      0x2b9 cmake/stm32cubemx/CMakeFiles/STM32_Drivers.dir/__/__/Drivers/STM32F4xx_HAL_Driver/Src/stm32f4xx_hal_pcd.c.obj
 .debug_abbrev  0x00001cd5      0x2b3 cmake/stm32cubemx/CMakeFiles/STM32_Drivers.dir/__/__/Drivers/STM32F4xx_HAL_Driver/Src/stm32f4xx_ll_usb.c.obj
 .debug_abbrev  0x00001f88       0x14 /usr/lib/gcc/arm-none-eabi/14.2.1/thumb/v7e-m+fp/hard/libgcc.a(_aeabi_uldivmod.o)
 .debug_abbrev  0x00001f9c      0x16a /usr/lib/gcc/arm-none-eabi/14.2.1/thumb/v7e-m+fp/hard/libgcc.a(_udivmoddi4.o)
 .debug_abbrev  0x00002106       0x26 /usr/lib/gcc/arm-none-eabi/14.2.1/thumb/v7e-m+fp/hard/libgcc.a(_dvmd_tls.o)
 .debug_abbrev  0x0000212c       0xc9 /usr/lib/gcc/arm-none-eabi/14.2.1/../../../arm-none-eabi/lib/thumb/v7e-m+fp/hard/libg_nano.a(libc_a-init.o)
 .debug_abbrev  0x000021f5       0xb7 /usr/lib/gcc/arm-none-eabi/14.2.1/../../../arm-none-eabi/lib/thumb/v7e-m+fp/hard/libg_nano.a(libc_a-memset.o)

.debug_aranges  0x00000000      0xac8
 .debug_aranges
                0x00000000       0x70 CMakeFiles/Platypus.dir/Core/Src/main.cpp.obj
 .debug_aranges
                0x00000070       0x60 CMakeFiles/Platypus.dir/Core/Src/stm32f4xx_it.c.obj
 .debug_aranges
                0x000000d0       0x40 CMakeFiles/Platypus.dir/Core/Src/stm32f4xx_hal_msp.c.obj
 .debug_aranges
                0x00000110       0x28 CMakeFiles/Platypus.dir/startup_stm32f405xx.s.obj
 .debug_aranges
                0x00000138       0x28 cmake/stm32cubemx/CMakeFiles/STM32_Drivers.dir/__/__/Core/Src/system_stm32f4xx.c.obj
 .debug_aranges
                0x00000160      0x188 cmake/stm32cubemx/CMakeFiles/STM32_Drivers.dir/__/__/Drivers/STM32F4xx_HAL_Driver/Src/stm32f4xx_ll_sdmmc.c.obj
 .debug_aranges
                0x000002e8      0x168 cmake/stm32cubemx/CMakeFiles/STM32_Drivers.dir/__/__/Drivers/STM32F4xx_HAL_Driver/Src/stm32f4xx_hal_sd.c.obj
 .debug_aranges
                0x00000450       0x88 cmake/stm32cubemx/CMakeFiles/STM32_Drivers.dir/__/__/Drivers/STM32F4xx_HAL_Driver/Src/stm32f4xx_hal_rcc.c.obj
 .debug_aranges
                0x000004d8       0x58 cmake/stm32cubemx/CMakeFiles/STM32_Drivers.dir/__/__/Drivers/STM32F4xx_HAL_Driver/Src/stm32f4xx_hal_gpio.c.obj
 .debug_aranges
                0x00000530      0x120 cmake/stm32cubemx/CMakeFiles/STM32_Drivers.dir/__/__/Drivers/STM32F4xx_HAL_Driver/Src/stm32f4xx_hal_cortex.c.obj
 .debug_aranges
                0x00000650       0xf0 cmake/stm32cubemx/CMakeFiles/STM32_Drivers.dir/__/__/Drivers/STM32F4xx_HAL_Driver/Src/stm32f4xx_hal.c.obj
 .debug_aranges
                0x00000740      0x148 cmake/stm32cubemx/CMakeFiles/STM32_Drivers.dir/__/__/Drivers/STM32F4xx_HAL_Driver/Src/stm32f4xx_hal_pcd.c.obj
 .debug_aranges
                0x00000888      0x1a0 cmake/stm32cubemx/CMakeFiles/STM32_Drivers.dir/__/__/Drivers/STM32F4xx_HAL_Driver/Src/stm32f4xx_ll_usb.c.obj
 .debug_aranges
                0x00000a28       0x20 /usr/lib/gcc/arm-none-eabi/14.2.1/thumb/v7e-m+fp/hard/libgcc.a(_aeabi_uldivmod.o)
 .debug_aranges
                0x00000a48       0x20 /usr/lib/gcc/arm-none-eabi/14.2.1/thumb/v7e-m+fp/hard/libgcc.a(_udivmoddi4.o)
 .debug_aranges
                0x00000a68       0x20 /usr/lib/gcc/arm-none-eabi/14.2.1/thumb/v7e-m+fp/hard/libgcc.a(_dvmd_tls.o)
 .debug_aranges
                0x00000a88       0x20 /usr/lib/gcc/arm-none-eabi/14.2.1/../../../arm-none-eabi/lib/thumb/v7e-m+fp/hard/libg_nano.a(libc_a-init.o)
 .debug_aranges
                0x00000aa8       0x20 /usr/lib/gcc/arm-none-eabi/14.2.1/../../../arm-none-eabi/lib/thumb/v7e-m+fp/hard/libg_nano.a(libc_a-memset.o)

.debug_rnglists
                0x00000000      0x82c
 .debug_rnglists
                0x00000000       0x51 CMakeFiles/Platypus.dir/Core/Src/main.cpp.obj
 .debug_rnglists
                0x00000051       0x43 CMakeFiles/Platypus.dir/Core/Src/stm32f4xx_it.c.obj
 .debug_rnglists
                0x00000094       0x2d CMakeFiles/Platypus.dir/Core/Src/stm32f4xx_hal_msp.c.obj
 .debug_rnglists
                0x000000c1       0x19 CMakeFiles/Platypus.dir/startup_stm32f405xx.s.obj
 .debug_rnglists
                0x000000da       0x1a cmake/stm32cubemx/CMakeFiles/STM32_Drivers.dir/__/__/Core/Src/system_stm32f4xx.c.obj
 .debug_rnglists
                0x000000f4      0x125 cmake/stm32cubemx/CMakeFiles/STM32_Drivers.dir/__/__/Drivers/STM32F4xx_HAL_Driver/Src/stm32f4xx_ll_sdmmc.c.obj
 .debug_rnglists
                0x00000219      0x121 cmake/stm32cubemx/CMakeFiles/STM32_Drivers.dir/__/__/Drivers/STM32F4xx_HAL_Driver/Src/stm32f4xx_hal_sd.c.obj
 .debug_rnglists
                0x0000033a       0x66 cmake/stm32cubemx/CMakeFiles/STM32_Drivers.dir/__/__/Drivers/STM32F4xx_HAL_Driver/Src/stm32f4xx_hal_rcc.c.obj
 .debug_rnglists
                0x000003a0       0x3f cmake/stm32cubemx/CMakeFiles/STM32_Drivers.dir/__/__/Drivers/STM32F4xx_HAL_Driver/Src/stm32f4xx_hal_gpio.c.obj
 .debug_rnglists
                0x000003df       0xd4 cmake/stm32cubemx/CMakeFiles/STM32_Drivers.dir/__/__/Drivers/STM32F4xx_HAL_Driver/Src/stm32f4xx_hal_cortex.c.obj
 .debug_rnglists
                0x000004b3       0xaf cmake/stm32cubemx/CMakeFiles/STM32_Drivers.dir/__/__/Drivers/STM32F4xx_HAL_Driver/Src/stm32f4xx_hal.c.obj
 .debug_rnglists
                0x00000562       0xfa cmake/stm32cubemx/CMakeFiles/STM32_Drivers.dir/__/__/Drivers/STM32F4xx_HAL_Driver/Src/stm32f4xx_hal_pcd.c.obj
 .debug_rnglists
                0x0000065c      0x147 cmake/stm32cubemx/CMakeFiles/STM32_Drivers.dir/__/__/Drivers/STM32F4xx_HAL_Driver/Src/stm32f4xx_ll_usb.c.obj
 .debug_rnglists
                0x000007a3       0x89 /usr/lib/gcc/arm-none-eabi/14.2.1/thumb/v7e-m+fp/hard/libgcc.a(_udivmoddi4.o)

.debug_macro    0x00000000    0x2793a
 .debug_macro   0x00000000      0x888 CMakeFiles/Platypus.dir/Core/Src/main.cpp.obj
 .debug_macro   0x00000888      0xc1c CMakeFiles/Platypus.dir/Core/Src/main.cpp.obj
 .debug_macro   0x000014a4      0x29b CMakeFiles/Platypus.dir/Core/Src/main.cpp.obj
 .debug_macro   0x0000173f       0x2e CMakeFiles/Platypus.dir/Core/Src/main.cpp.obj
 .debug_macro   0x0000176d       0x2f CMakeFiles/Platypus.dir/Core/Src/main.cpp.obj
 .debug_macro   0x0000179c      0x34e CMakeFiles/Platypus.dir/Core/Src/main.cpp.obj
 .debug_macro   0x00001aea       0x1c CMakeFiles/Platypus.dir/Core/Src/main.cpp.obj
 .debug_macro   0x00001b06       0x22 CMakeFiles/Platypus.dir/Core/Src/main.cpp.obj
 .debug_macro   0x00001b28       0xfb CMakeFiles/Platypus.dir/Core/Src/main.cpp.obj
 .debug_macro   0x00001c23     0x1011 CMakeFiles/Platypus.dir/Core/Src/main.cpp.obj
 .debug_macro   0x00002c34      0x11f CMakeFiles/Platypus.dir/Core/Src/main.cpp.obj
 .debug_macro   0x00002d53    0x1426d CMakeFiles/Platypus.dir/Core/Src/main.cpp.obj
 .debug_macro   0x00016fc0       0x6d CMakeFiles/Platypus.dir/Core/Src/main.cpp.obj
 .debug_macro   0x0001702d     0x368c CMakeFiles/Platypus.dir/Core/Src/main.cpp.obj
 .debug_macro   0x0001a6b9      0x197 CMakeFiles/Platypus.dir/Core/Src/main.cpp.obj
 .debug_macro   0x0001a850       0x5c CMakeFiles/Platypus.dir/Core/Src/main.cpp.obj
 .debug_macro   0x0001a8ac      0x8bc CMakeFiles/Platypus.dir/Core/Src/main.cpp.obj
 .debug_macro   0x0001b168      0x9e9 CMakeFiles/Platypus.dir/Core/Src/main.cpp.obj
 .debug_macro   0x0001bb51      0x115 CMakeFiles/Platypus.dir/Core/Src/main.cpp.obj
 .debug_macro   0x0001bc66      0x130 CMakeFiles/Platypus.dir/Core/Src/main.cpp.obj
 .debug_macro   0x0001bd96       0xa5 CMakeFiles/Platypus.dir/Core/Src/main.cpp.obj
 .debug_macro   0x0001be3b      0x174 CMakeFiles/Platypus.dir/Core/Src/main.cpp.obj
 .debug_macro   0x0001bfaf      0x287 CMakeFiles/Platypus.dir/Core/Src/main.cpp.obj
 .debug_macro   0x0001c236       0x5f CMakeFiles/Platypus.dir/Core/Src/main.cpp.obj
 .debug_macro   0x0001c295      0x236 CMakeFiles/Platypus.dir/Core/Src/main.cpp.obj
 .debug_macro   0x0001c4cb      0x12c CMakeFiles/Platypus.dir/Core/Src/main.cpp.obj
 .debug_macro   0x0001c5f7      0x21e CMakeFiles/Platypus.dir/Core/Src/main.cpp.obj
 .debug_macro   0x0001c815       0x2e CMakeFiles/Platypus.dir/Core/Src/main.cpp.obj
 .debug_macro   0x0001c843      0x127 CMakeFiles/Platypus.dir/Core/Src/main.cpp.obj
 .debug_macro   0x0001c96a       0x7e CMakeFiles/Platypus.dir/Core/Src/main.cpp.obj
 .debug_macro   0x0001c9e8       0x89 CMakeFiles/Platypus.dir/Core/Src/main.cpp.obj
 .debug_macro   0x0001ca71      0x868 CMakeFiles/Platypus.dir/Core/Src/main.cpp.obj
 .debug_macro   0x0001d2d9      0x1d5 CMakeFiles/Platypus.dir/Core/Src/main.cpp.obj
 .debug_macro   0x0001d4ae      0x293 CMakeFiles/Platypus.dir/Core/Src/main.cpp.obj
 .debug_macro   0x0001d741       0xba CMakeFiles/Platypus.dir/Core/Src/main.cpp.obj
 .debug_macro   0x0001d7fb      0x12d CMakeFiles/Platypus.dir/Core/Src/main.cpp.obj
 .debug_macro   0x0001d928       0x10 CMakeFiles/Platypus.dir/Core/Src/main.cpp.obj
 .debug_macro   0x0001d938      0x1f2 CMakeFiles/Platypus.dir/Core/Src/main.cpp.obj
 .debug_macro   0x0001db2a       0x10 CMakeFiles/Platypus.dir/Core/Src/main.cpp.obj
 .debug_macro   0x0001db3a       0xc1 CMakeFiles/Platypus.dir/Core/Src/main.cpp.obj
 .debug_macro   0x0001dbfb       0xed CMakeFiles/Platypus.dir/Core/Src/main.cpp.obj
 .debug_macro   0x0001dce8      0x4b1 CMakeFiles/Platypus.dir/Core/Src/main.cpp.obj
 .debug_macro   0x0001e199       0x22 CMakeFiles/Platypus.dir/Core/Src/main.cpp.obj
 .debug_macro   0x0001e1bb       0x60 CMakeFiles/Platypus.dir/Core/Src/main.cpp.obj
 .debug_macro   0x0001e21b       0x2a CMakeFiles/Platypus.dir/Core/Src/main.cpp.obj
 .debug_macro   0x0001e245       0x94 CMakeFiles/Platypus.dir/Core/Src/main.cpp.obj
 .debug_macro   0x0001e2d9       0x3c CMakeFiles/Platypus.dir/Core/Src/main.cpp.obj
 .debug_macro   0x0001e315       0x34 CMakeFiles/Platypus.dir/Core/Src/main.cpp.obj
 .debug_macro   0x0001e349       0x57 CMakeFiles/Platypus.dir/Core/Src/main.cpp.obj
 .debug_macro   0x0001e3a0      0x380 CMakeFiles/Platypus.dir/Core/Src/main.cpp.obj
 .debug_macro   0x0001e720       0x16 CMakeFiles/Platypus.dir/Core/Src/main.cpp.obj
 .debug_macro   0x0001e736       0x4a CMakeFiles/Platypus.dir/Core/Src/main.cpp.obj
 .debug_macro   0x0001e780       0x34 CMakeFiles/Platypus.dir/Core/Src/main.cpp.obj
 .debug_macro   0x0001e7b4       0x10 CMakeFiles/Platypus.dir/Core/Src/main.cpp.obj
 .debug_macro   0x0001e7c4       0x52 CMakeFiles/Platypus.dir/Core/Src/main.cpp.obj
 .debug_macro   0x0001e816      0x1e5 CMakeFiles/Platypus.dir/Core/Src/main.cpp.obj
 .debug_macro   0x0001e9fb       0x1c CMakeFiles/Platypus.dir/Core/Src/main.cpp.obj
 .debug_macro   0x0001ea17       0x43 CMakeFiles/Platypus.dir/Core/Src/main.cpp.obj
 .debug_macro   0x0001ea5a       0x10 CMakeFiles/Platypus.dir/Core/Src/main.cpp.obj
 .debug_macro   0x0001ea6a       0x10 CMakeFiles/Platypus.dir/Core/Src/main.cpp.obj
 .debug_macro   0x0001ea7a       0x33 CMakeFiles/Platypus.dir/Core/Src/main.cpp.obj
 .debug_macro   0x0001eaad      0x173 CMakeFiles/Platypus.dir/Core/Src/main.cpp.obj
 .debug_macro   0x0001ec20      0x711 CMakeFiles/Platypus.dir/Core/Src/main.cpp.obj
 .debug_macro   0x0001f331       0x1c CMakeFiles/Platypus.dir/Core/Src/main.cpp.obj
 .debug_macro   0x0001f34d       0x10 CMakeFiles/Platypus.dir/Core/Src/main.cpp.obj
 .debug_macro   0x0001f35d      0x705 CMakeFiles/Platypus.dir/Core/Src/main.cpp.obj
 .debug_macro   0x0001fa62       0x1c CMakeFiles/Platypus.dir/Core/Src/main.cpp.obj
 .debug_macro   0x0001fa7e      0x713 CMakeFiles/Platypus.dir/Core/Src/main.cpp.obj
 .debug_macro   0x00020191       0x94 CMakeFiles/Platypus.dir/Core/Src/main.cpp.obj
 .debug_macro   0x00020225      0x74f CMakeFiles/Platypus.dir/Core/Src/main.cpp.obj
 .debug_macro   0x00020974       0x19 CMakeFiles/Platypus.dir/Core/Src/main.cpp.obj
 .debug_macro   0x0002098d       0x11 CMakeFiles/Platypus.dir/Core/Src/main.cpp.obj
 .debug_macro   0x0002099e       0x3c CMakeFiles/Platypus.dir/Core/Src/main.cpp.obj
 .debug_macro   0x000209da       0x5e CMakeFiles/Platypus.dir/Core/Src/main.cpp.obj
 .debug_macro   0x00020a38       0x16 CMakeFiles/Platypus.dir/Core/Src/main.cpp.obj
 .debug_macro   0x00020a4e       0x52 CMakeFiles/Platypus.dir/Core/Src/main.cpp.obj
 .debug_macro   0x00020aa0       0x5e CMakeFiles/Platypus.dir/Core/Src/main.cpp.obj
 .debug_macro   0x00020afe       0x11 CMakeFiles/Platypus.dir/Core/Src/main.cpp.obj
 .debug_macro   0x00020b0f       0x2f CMakeFiles/Platypus.dir/Core/Src/main.cpp.obj
 .debug_macro   0x00020b3e       0x16 CMakeFiles/Platypus.dir/Core/Src/main.cpp.obj
 .debug_macro   0x00020b54       0x2c CMakeFiles/Platypus.dir/Core/Src/main.cpp.obj
 .debug_macro   0x00020b80       0x18 CMakeFiles/Platypus.dir/Core/Src/main.cpp.obj
 .debug_macro   0x00020b98       0x28 CMakeFiles/Platypus.dir/Core/Src/main.cpp.obj
 .debug_macro   0x00020bc0       0x2e CMakeFiles/Platypus.dir/Core/Src/main.cpp.obj
 .debug_macro   0x00020bee       0x12 CMakeFiles/Platypus.dir/Core/Src/main.cpp.obj
 .debug_macro   0x00020c00       0x4f CMakeFiles/Platypus.dir/Core/Src/main.cpp.obj
 .debug_macro   0x00020c4f       0x20 CMakeFiles/Platypus.dir/Core/Src/main.cpp.obj
 .debug_macro   0x00020c6f       0x88 CMakeFiles/Platypus.dir/Core/Src/main.cpp.obj
 .debug_macro   0x00020cf7       0x10 CMakeFiles/Platypus.dir/Core/Src/main.cpp.obj
 .debug_macro   0x00020d07      0x69f CMakeFiles/Platypus.dir/Core/Src/main.cpp.obj
 .debug_macro   0x000213a6       0x22 CMakeFiles/Platypus.dir/Core/Src/main.cpp.obj
 .debug_macro   0x000213c8       0x12 CMakeFiles/Platypus.dir/Core/Src/main.cpp.obj
 .debug_macro   0x000213da       0x1c CMakeFiles/Platypus.dir/Core/Src/main.cpp.obj
 .debug_macro   0x000213f6       0x2e CMakeFiles/Platypus.dir/Core/Src/main.cpp.obj
 .debug_macro   0x00021424      0x6ad CMakeFiles/Platypus.dir/Core/Src/main.cpp.obj
 .debug_macro   0x00021ad1       0x17 CMakeFiles/Platypus.dir/Core/Src/main.cpp.obj
 .debug_macro   0x00021ae8      0x691 CMakeFiles/Platypus.dir/Core/Src/main.cpp.obj
 .debug_macro   0x00022179       0x10 CMakeFiles/Platypus.dir/Core/Src/main.cpp.obj
 .debug_macro   0x00022189       0x16 CMakeFiles/Platypus.dir/Core/Src/main.cpp.obj
 .debug_macro   0x0002219f       0x16 CMakeFiles/Platypus.dir/Core/Src/main.cpp.obj
 .debug_macro   0x000221b5       0x29 CMakeFiles/Platypus.dir/Core/Src/main.cpp.obj
 .debug_macro   0x000221de       0x10 CMakeFiles/Platypus.dir/Core/Src/main.cpp.obj
 .debug_macro   0x000221ee       0x10 CMakeFiles/Platypus.dir/Core/Src/main.cpp.obj
 .debug_macro   0x000221fe       0xde CMakeFiles/Platypus.dir/Core/Src/main.cpp.obj
 .debug_macro   0x000222dc       0x1c CMakeFiles/Platypus.dir/Core/Src/main.cpp.obj
 .debug_macro   0x000222f8       0x10 CMakeFiles/Platypus.dir/Core/Src/main.cpp.obj
 .debug_macro   0x00022308       0x16 CMakeFiles/Platypus.dir/Core/Src/main.cpp.obj
 .debug_macro   0x0002231e      0x131 CMakeFiles/Platypus.dir/Core/Src/main.cpp.obj
 .debug_macro   0x0002244f      0x11d CMakeFiles/Platypus.dir/Core/Src/main.cpp.obj
 .debug_macro   0x0002256c       0x10 CMakeFiles/Platypus.dir/Core/Src/main.cpp.obj
 .debug_macro   0x0002257c      0x242 CMakeFiles/Platypus.dir/Core/Src/main.cpp.obj
 .debug_macro   0x000227be       0x12 CMakeFiles/Platypus.dir/Core/Src/main.cpp.obj
 .debug_macro   0x000227d0       0x18 CMakeFiles/Platypus.dir/Core/Src/main.cpp.obj
 .debug_macro   0x000227e8       0x34 CMakeFiles/Platypus.dir/Core/Src/main.cpp.obj
 .debug_macro   0x0002281c      0x6ac CMakeFiles/Platypus.dir/Core/Src/main.cpp.obj
 .debug_macro   0x00022ec8       0x28 CMakeFiles/Platypus.dir/Core/Src/main.cpp.obj
 .debug_macro   0x00022ef0      0x67d CMakeFiles/Platypus.dir/Core/Src/main.cpp.obj
 .debug_macro   0x0002356d      0x66f CMakeFiles/Platypus.dir/Core/Src/main.cpp.obj
 .debug_macro   0x00023bdc       0x34 CMakeFiles/Platypus.dir/Core/Src/main.cpp.obj
 .debug_macro   0x00023c10      0x68b CMakeFiles/Platypus.dir/Core/Src/main.cpp.obj
 .debug_macro   0x0002429b       0x27 CMakeFiles/Platypus.dir/Core/Src/main.cpp.obj
 .debug_macro   0x000242c2       0x17 CMakeFiles/Platypus.dir/Core/Src/main.cpp.obj
 .debug_macro   0x000242d9       0x17 CMakeFiles/Platypus.dir/Core/Src/main.cpp.obj
 .debug_macro   0x000242f0       0x10 CMakeFiles/Platypus.dir/Core/Src/main.cpp.obj
 .debug_macro   0x00024300       0x10 CMakeFiles/Platypus.dir/Core/Src/main.cpp.obj
 .debug_macro   0x00024310       0x76 CMakeFiles/Platypus.dir/Core/Src/main.cpp.obj
 .debug_macro   0x00024386       0x1c CMakeFiles/Platypus.dir/Core/Src/main.cpp.obj
 .debug_macro   0x000243a2      0x653 CMakeFiles/Platypus.dir/Core/Src/main.cpp.obj
 .debug_macro   0x000249f5      0x1bd CMakeFiles/Platypus.dir/Core/Src/stm32f4xx_it.c.obj
 .debug_macro   0x00024bb2      0xad8 CMakeFiles/Platypus.dir/Core/Src/stm32f4xx_it.c.obj
 .debug_macro   0x0002568a     0x1011 CMakeFiles/Platypus.dir/Core/Src/stm32f4xx_it.c.obj
 .debug_macro   0x0002669b      0x190 CMakeFiles/Platypus.dir/Core/Src/stm32f4xx_it.c.obj
 .debug_macro   0x0002682b      0x1b3 CMakeFiles/Platypus.dir/Core/Src/stm32f4xx_hal_msp.c.obj
 .debug_macro   0x000269de      0x1a4 cmake/stm32cubemx/CMakeFiles/STM32_Drivers.dir/__/__/Core/Src/system_stm32f4xx.c.obj
 .debug_macro   0x00026b82      0x1a5 cmake/stm32cubemx/CMakeFiles/STM32_Drivers.dir/__/__/Drivers/STM32F4xx_HAL_Driver/Src/stm32f4xx_ll_sdmmc.c.obj
 .debug_macro   0x00026d27      0x1a5 cmake/stm32cubemx/CMakeFiles/STM32_Drivers.dir/__/__/Drivers/STM32F4xx_HAL_Driver/Src/stm32f4xx_hal_sd.c.obj
 .debug_macro   0x00026ecc      0x1c8 cmake/stm32cubemx/CMakeFiles/STM32_Drivers.dir/__/__/Drivers/STM32F4xx_HAL_Driver/Src/stm32f4xx_hal_rcc.c.obj
 .debug_macro   0x00027094      0x1aa cmake/stm32cubemx/CMakeFiles/STM32_Drivers.dir/__/__/Drivers/STM32F4xx_HAL_Driver/Src/stm32f4xx_hal_gpio.c.obj
 .debug_macro   0x0002723e      0x1a4 cmake/stm32cubemx/CMakeFiles/STM32_Drivers.dir/__/__/Drivers/STM32F4xx_HAL_Driver/Src/stm32f4xx_hal_cortex.c.obj
 .debug_macro   0x000273e2      0x204 cmake/stm32cubemx/CMakeFiles/STM32_Drivers.dir/__/__/Drivers/STM32F4xx_HAL_Driver/Src/stm32f4xx_hal.c.obj
 .debug_macro   0x000275e6      0x1b0 cmake/stm32cubemx/CMakeFiles/STM32_Drivers.dir/__/__/Drivers/STM32F4xx_HAL_Driver/Src/stm32f4xx_hal_pcd.c.obj
 .debug_macro   0x00027796      0x1a4 cmake/stm32cubemx/CMakeFiles/STM32_Drivers.dir/__/__/Drivers/STM32F4xx_HAL_Driver/Src/stm32f4xx_ll_usb.c.obj

.debug_line     0x00000000     0xad74
 .debug_line    0x00000000     0x10af CMakeFiles/Platypus.dir/Core/Src/main.cpp.obj
 .debug_line    0x000010af      0x5fa CMakeFiles/Platypus.dir/Core/Src/stm32f4xx_it.c.obj
 .debug_line    0x000016a9      0x5fc CMakeFiles/Platypus.dir/Core/Src/stm32f4xx_hal_msp.c.obj
 .debug_line    0x00001ca5       0x7a CMakeFiles/Platypus.dir/startup_stm32f405xx.s.obj
 .debug_line    0x00001d1f      0x5d0 cmake/stm32cubemx/CMakeFiles/STM32_Drivers.dir/__/__/Core/Src/system_stm32f4xx.c.obj
 .debug_line    0x000022ef      0xdbc cmake/stm32cubemx/CMakeFiles/STM32_Drivers.dir/__/__/Drivers/STM32F4xx_HAL_Driver/Src/stm32f4xx_ll_sdmmc.c.obj
 .debug_line    0x000030ab     0x1cc0 cmake/stm32cubemx/CMakeFiles/STM32_Drivers.dir/__/__/Drivers/STM32F4xx_HAL_Driver/Src/stm32f4xx_hal_sd.c.obj
 .debug_line    0x00004d6b      0xc34 cmake/stm32cubemx/CMakeFiles/STM32_Drivers.dir/__/__/Drivers/STM32F4xx_HAL_Driver/Src/stm32f4xx_hal_rcc.c.obj
 .debug_line    0x0000599f      0x995 cmake/stm32cubemx/CMakeFiles/STM32_Drivers.dir/__/__/Drivers/STM32F4xx_HAL_Driver/Src/stm32f4xx_hal_gpio.c.obj
 .debug_line    0x00006334      0xae3 cmake/stm32cubemx/CMakeFiles/STM32_Drivers.dir/__/__/Drivers/STM32F4xx_HAL_Driver/Src/stm32f4xx_hal_cortex.c.obj
 .debug_line    0x00006e17      0x83d cmake/stm32cubemx/CMakeFiles/STM32_Drivers.dir/__/__/Drivers/STM32F4xx_HAL_Driver/Src/stm32f4xx_hal.c.obj
 .debug_line    0x00007654     0x127f cmake/stm32cubemx/CMakeFiles/STM32_Drivers.dir/__/__/Drivers/STM32F4xx_HAL_Driver/Src/stm32f4xx_hal_pcd.c.obj
 .debug_line    0x000088d3     0x1b58 cmake/stm32cubemx/CMakeFiles/STM32_Drivers.dir/__/__/Drivers/STM32F4xx_HAL_Driver/Src/stm32f4xx_ll_usb.c.obj
 .debug_line    0x0000a42b       0x4e /usr/lib/gcc/arm-none-eabi/14.2.1/thumb/v7e-m+fp/hard/libgcc.a(_aeabi_uldivmod.o)
 .debug_line    0x0000a479      0x5d9 /usr/lib/gcc/arm-none-eabi/14.2.1/thumb/v7e-m+fp/hard/libgcc.a(_udivmoddi4.o)
 .debug_line    0x0000aa52       0x4a /usr/lib/gcc/arm-none-eabi/14.2.1/thumb/v7e-m+fp/hard/libgcc.a(_dvmd_tls.o)
 .debug_line    0x0000aa9c      0x11e /usr/lib/gcc/arm-none-eabi/14.2.1/../../../arm-none-eabi/lib/thumb/v7e-m+fp/hard/libg_nano.a(libc_a-init.o)
 .debug_line    0x0000abba      0x1ba /usr/lib/gcc/arm-none-eabi/14.2.1/../../../arm-none-eabi/lib/thumb/v7e-m+fp/hard/libg_nano.a(libc_a-memset.o)

.debug_str      0x00000000    0xcb2f8
 .debug_str     0x00000000    0xcb2f8 CMakeFiles/Platypus.dir/Core/Src/main.cpp.obj
                              0xc8357 (size before relaxing)
 .debug_str     0x000cb2f8    0xb5983 CMakeFiles/Platypus.dir/Core/Src/stm32f4xx_it.c.obj
 .debug_str     0x000cb2f8    0xb62d1 CMakeFiles/Platypus.dir/Core/Src/stm32f4xx_hal_msp.c.obj
 .debug_str     0x000cb2f8       0x8a CMakeFiles/Platypus.dir/startup_stm32f405xx.s.obj
 .debug_str     0x000cb2f8    0xb5a6e cmake/stm32cubemx/CMakeFiles/STM32_Drivers.dir/__/__/Core/Src/system_stm32f4xx.c.obj
 .debug_str     0x000cb2f8    0xb5edf cmake/stm32cubemx/CMakeFiles/STM32_Drivers.dir/__/__/Drivers/STM32F4xx_HAL_Driver/Src/stm32f4xx_ll_sdmmc.c.obj
 .debug_str     0x000cb2f8    0xb67d1 cmake/stm32cubemx/CMakeFiles/STM32_Drivers.dir/__/__/Drivers/STM32F4xx_HAL_Driver/Src/stm32f4xx_hal_sd.c.obj
 .debug_str     0x000cb2f8    0xb5e8c cmake/stm32cubemx/CMakeFiles/STM32_Drivers.dir/__/__/Drivers/STM32F4xx_HAL_Driver/Src/stm32f4xx_hal_rcc.c.obj
 .debug_str     0x000cb2f8    0xb5bde cmake/stm32cubemx/CMakeFiles/STM32_Drivers.dir/__/__/Drivers/STM32F4xx_HAL_Driver/Src/stm32f4xx_hal_gpio.c.obj
 .debug_str     0x000cb2f8    0xb6311 cmake/stm32cubemx/CMakeFiles/STM32_Drivers.dir/__/__/Drivers/STM32F4xx_HAL_Driver/Src/stm32f4xx_hal_cortex.c.obj
 .debug_str     0x000cb2f8    0xb65db cmake/stm32cubemx/CMakeFiles/STM32_Drivers.dir/__/__/Drivers/STM32F4xx_HAL_Driver/Src/stm32f4xx_hal.c.obj
 .debug_str     0x000cb2f8    0xb6541 cmake/stm32cubemx/CMakeFiles/STM32_Drivers.dir/__/__/Drivers/STM32F4xx_HAL_Driver/Src/stm32f4xx_hal_pcd.c.obj
 .debug_str     0x000cb2f8    0xb641c cmake/stm32cubemx/CMakeFiles/STM32_Drivers.dir/__/__/Drivers/STM32F4xx_HAL_Driver/Src/stm32f4xx_ll_usb.c.obj
 .debug_str     0x000cb2f8       0x9f /usr/lib/gcc/arm-none-eabi/14.2.1/thumb/v7e-m+fp/hard/libgcc.a(_aeabi_uldivmod.o)
 .debug_str     0x000cb2f8      0x67e /usr/lib/gcc/arm-none-eabi/14.2.1/thumb/v7e-m+fp/hard/libgcc.a(_udivmoddi4.o)
 .debug_str     0x000cb2f8       0xbf /usr/lib/gcc/arm-none-eabi/14.2.1/thumb/v7e-m+fp/hard/libgcc.a(_dvmd_tls.o)
 .debug_str     0x000cb2f8      0x1fe /usr/lib/gcc/arm-none-eabi/14.2.1/../../../arm-none-eabi/lib/thumb/v7e-m+fp/hard/libg_nano.a(libc_a-init.o)
 .debug_str     0x000cb2f8      0x1b1 /usr/lib/gcc/arm-none-eabi/14.2.1/../../../arm-none-eabi/lib/thumb/v7e-m+fp/hard/libg_nano.a(libc_a-memset.o)

.debug_frame    0x00000000     0x2a3c
 .debug_frame   0x00000000      0x15c CMakeFiles/Platypus.dir/Core/Src/main.cpp.obj
 .debug_frame   0x0000015c      0x104 CMakeFiles/Platypus.dir/Core/Src/stm32f4xx_it.c.obj
 .debug_frame   0x00000260       0xc8 CMakeFiles/Platypus.dir/Core/Src/stm32f4xx_hal_msp.c.obj
 .debug_frame   0x00000328       0x58 cmake/stm32cubemx/CMakeFiles/STM32_Drivers.dir/__/__/Core/Src/system_stm32f4xx.c.obj
 .debug_frame   0x00000380      0x6d0 cmake/stm32cubemx/CMakeFiles/STM32_Drivers.dir/__/__/Drivers/STM32F4xx_HAL_Driver/Src/stm32f4xx_ll_sdmmc.c.obj
 .debug_frame   0x00000a50      0x650 cmake/stm32cubemx/CMakeFiles/STM32_Drivers.dir/__/__/Drivers/STM32F4xx_HAL_Driver/Src/stm32f4xx_hal_sd.c.obj
 .debug_frame   0x000010a0      0x1f4 cmake/stm32cubemx/CMakeFiles/STM32_Drivers.dir/__/__/Drivers/STM32F4xx_HAL_Driver/Src/stm32f4xx_hal_rcc.c.obj
 .debug_frame   0x00001294      0x14c cmake/stm32cubemx/CMakeFiles/STM32_Drivers.dir/__/__/Drivers/STM32F4xx_HAL_Driver/Src/stm32f4xx_hal_gpio.c.obj
 .debug_frame   0x000013e0      0x4b8 cmake/stm32cubemx/CMakeFiles/STM32_Drivers.dir/__/__/Drivers/STM32F4xx_HAL_Driver/Src/stm32f4xx_hal_cortex.c.obj
 .debug_frame   0x00001898      0x374 cmake/stm32cubemx/CMakeFiles/STM32_Drivers.dir/__/__/Drivers/STM32F4xx_HAL_Driver/Src/stm32f4xx_hal.c.obj
 .debug_frame   0x00001c0c      0x5b8 cmake/stm32cubemx/CMakeFiles/STM32_Drivers.dir/__/__/Drivers/STM32F4xx_HAL_Driver/Src/stm32f4xx_hal_pcd.c.obj
 .debug_frame   0x000021c4      0x7c0 cmake/stm32cubemx/CMakeFiles/STM32_Drivers.dir/__/__/Drivers/STM32F4xx_HAL_Driver/Src/stm32f4xx_ll_usb.c.obj
 .debug_frame   0x00002984       0x2c /usr/lib/gcc/arm-none-eabi/14.2.1/thumb/v7e-m+fp/hard/libgcc.a(_aeabi_uldivmod.o)
 .debug_frame   0x000029b0       0x34 /usr/lib/gcc/arm-none-eabi/14.2.1/thumb/v7e-m+fp/hard/libgcc.a(_udivmoddi4.o)
 .debug_frame   0x000029e4       0x2c /usr/lib/gcc/arm-none-eabi/14.2.1/../../../arm-none-eabi/lib/thumb/v7e-m+fp/hard/libg_nano.a(libc_a-init.o)
 .debug_frame   0x00002a10       0x2c /usr/lib/gcc/arm-none-eabi/14.2.1/../../../arm-none-eabi/lib/thumb/v7e-m+fp/hard/libg_nano.a(libc_a-memset.o)

.debug_line_str
                0x00000000      0x10c
 .debug_line_str
                0x00000000      0x10c CMakeFiles/Platypus.dir/startup_stm32f405xx.s.obj
                                 0x70 (size before relaxing)
 .debug_line_str
                0x0000010c       0x90 /usr/lib/gcc/arm-none-eabi/14.2.1/thumb/v7e-m+fp/hard/libgcc.a(_aeabi_uldivmod.o)
 .debug_line_str
                0x0000010c       0x94 /usr/lib/gcc/arm-none-eabi/14.2.1/thumb/v7e-m+fp/hard/libgcc.a(_dvmd_tls.o)

.debug_loclists
                0x00000000      0xcf2
 .debug_loclists
                0x00000000      0xacb /usr/lib/gcc/arm-none-eabi/14.2.1/thumb/v7e-m+fp/hard/libgcc.a(_udivmoddi4.o)
 .debug_loclists
                0x00000acb       0x65 /usr/lib/gcc/arm-none-eabi/14.2.1/../../../arm-none-eabi/lib/thumb/v7e-m+fp/hard/libg_nano.a(libc_a-init.o)
 .debug_loclists
                0x00000b30      0x1c2 /usr/lib/gcc/arm-none-eabi/14.2.1/../../../arm-none-eabi/lib/thumb/v7e-m+fp/hard/libg_nano.a(libc_a-memset.o)
